Archive member included to satisfy reference by file (symbol)

contiki-srf06-cc26xx.a(contiki-main.o)
                              obj_srf06-cc26xx/startup_gcc.o (main)
contiki-srf06-cc26xx.a(sensors.o)
                              contiki-srf06-cc26xx.a(contiki-main.o) (sensors_process)
contiki-srf06-cc26xx.a(leds.o)
                              contiki-srf06-cc26xx.a(contiki-main.o) (leds_init)
contiki-srf06-cc26xx.a(leds-arch.o)
                              contiki-srf06-cc26xx.a(leds.o) (leds_arch_init)
contiki-srf06-cc26xx.a(sensortag-senso)
                              contiki-srf06-cc26xx.a(sensors.o) (sensors_flags)
contiki-srf06-cc26xx.a(bmp-280-sensor.)
                              contiki-srf06-cc26xx.a(sensortag-senso) (bmp_280_sensor)
contiki-srf06-cc26xx.a(tmp-007-sensor.)
                              contiki-srf06-cc26xx.a(sensortag-senso) (tmp_007_sensor)
contiki-srf06-cc26xx.a(opt-3001-sensor)
                              contiki-srf06-cc26xx.a(sensortag-senso) (opt_3001_sensor)
contiki-srf06-cc26xx.a(hdc-1000-sensor)
                              contiki-srf06-cc26xx.a(sensortag-senso) (hdc_1000_sensor)
contiki-srf06-cc26xx.a(mpu-9250-sensor)
                              contiki-srf06-cc26xx.a(sensortag-senso) (mpu_9250_sensor)
contiki-srf06-cc26xx.a(button-sensor.o)
                              contiki-srf06-cc26xx.a(sensortag-senso) (button_right_sensor)
contiki-srf06-cc26xx.a(reed-relay.o)
                              contiki-srf06-cc26xx.a(sensortag-senso) (reed_relay_sensor)
contiki-srf06-cc26xx.a(board.o)
                              contiki-srf06-cc26xx.a(contiki-main.o) (board_init)
contiki-srf06-cc26xx.a(board-i2c.o)
                              contiki-srf06-cc26xx.a(board.o) (board_i2c_wakeup)
contiki-srf06-cc26xx.a(clock.o)
                              contiki-srf06-cc26xx.a(contiki-main.o) (clock_init)
contiki-srf06-cc26xx.a(rtimer-arch.o)
                              nbr_discovery.co (rtimer_arch_now)
contiki-srf06-cc26xx.a(soc-rtc.o)
                              contiki-srf06-cc26xx.a(contiki-main.o) (soc_rtc_init)
contiki-srf06-cc26xx.a(contiki-watchdo)
                              contiki-srf06-cc26xx.a(contiki-main.o) (watchdog_init)
contiki-srf06-cc26xx.a(putchar.o)
                              contiki-srf06-cc26xx.a(contiki-main.o) (putchar)
contiki-srf06-cc26xx.a(ieee-addr.o)
                              contiki-srf06-cc26xx.a(contiki-main.o) (ieee_addr_cpy_to)
contiki-srf06-cc26xx.a(cc26xx-uart.o)
                              contiki-srf06-cc26xx.a(contiki-main.o) (cc26xx_uart_init)
contiki-srf06-cc26xx.a(lpm.o)
                              contiki-srf06-cc26xx.a(contiki-main.o) (lpm_drop)
contiki-srf06-cc26xx.a(gpio-interrupt.)
                              contiki-srf06-cc26xx.a(button-sensor.o) (gpio_interrupt_register_handler)
contiki-srf06-cc26xx.a(oscillators.o)
                              contiki-srf06-cc26xx.a(contiki-main.o) (oscillators_select_lf_xosc)
contiki-srf06-cc26xx.a(ieee-mode.o)
                              nbr_discovery.co (ieee_mode_driver)
contiki-srf06-cc26xx.a(random.o)
                              nbr_discovery.co (random_rand)
contiki-srf06-cc26xx.a(soc-trng.o)
                              contiki-srf06-cc26xx.a(random.o) (soc_trng_rand_synchronous)
contiki-srf06-cc26xx.a(dbg-printf.o)
                              nbr_discovery.co (printf)
contiki-srf06-cc26xx.a(strformat.o)
                              contiki-srf06-cc26xx.a(dbg-printf.o) (format_str_v)
contiki-srf06-cc26xx.a(autostart.o)
                              contiki-srf06-cc26xx.a(contiki-main.o) (autostart_start)
contiki-srf06-cc26xx.a(ctimer.o)
                              contiki-srf06-cc26xx.a(contiki-main.o) (ctimer_init)
contiki-srf06-cc26xx.a(energest.o)
                              contiki-srf06-cc26xx.a(contiki-main.o) (energest_init)
contiki-srf06-cc26xx.a(etimer.o)
                              contiki-srf06-cc26xx.a(clock.o) (etimer_request_poll)
contiki-srf06-cc26xx.a(process.o)
                              contiki-srf06-cc26xx.a(sensors.o) (process_alloc_event)
contiki-srf06-cc26xx.a(rtimer.o)
                              contiki-srf06-cc26xx.a(contiki-main.o) (rtimer_init)
contiki-srf06-cc26xx.a(timer.o)
                              contiki-srf06-cc26xx.a(button-sensor.o) (timer_set)
contiki-srf06-cc26xx.a(serial-line.o)
                              nbr_discovery.co (serial_line_input_byte)
contiki-srf06-cc26xx.a(list.o)
                              contiki-srf06-cc26xx.a(lpm.o) (list_init)
contiki-srf06-cc26xx.a(ringbuf.o)
                              contiki-srf06-cc26xx.a(serial-line.o) (ringbuf_init)
contiki-srf06-cc26xx.a(broadcast.o)
                              nbr_discovery.co (broadcast_open)
contiki-srf06-cc26xx.a(channel.o)
                              contiki-srf06-cc26xx.a(broadcast.o) (channel_set_attributes)
contiki-srf06-cc26xx.a(rime.o)
[...]
Memory Configuration

Name             Origin             Length             Attributes
FLASH            0x0000000000000000 0x000000000001ffa8 xr
FLASH_CCFG       0x000000000001ffa8 0x0000000000000058 xr
SRAM             0x0000000020000000 0x0000000000005000 xrw
GPRAM            0x0000000011000000 0x0000000000002000 xrw
*default*        0x0000000000000000 0xffffffffffffffff

Linker script and memory map

LOAD obj_srf06-cc26xx/fault-handlers.o
LOAD obj_srf06-cc26xx/ccfg.o
LOAD obj_srf06-cc26xx/startup_gcc.o
LOAD nbr_discovery.co
LOAD contiki-srf06-cc26xx.a
LOAD /usr/local/Cellar/arm-none-eabi-gcc/9-2019-q4-major/gcc/bin/../lib/gcc/arm-none-eabi/9.2.1/../../../../arm-none-eabi/lib/thumb/v7-m/nofp/libm.a
START GROUP
LOAD /usr/local/Cellar/arm-none-eabi-gcc/9-2019-q4-major/gcc/bin/../lib/gcc/arm-none-eabi/9.2.1/thumb/v7-m/nofp/libgcc.a
LOAD /usr/local/Cellar/arm-none-eabi-gcc/9-2019-q4-major/gcc/bin/../lib/gcc/arm-none-eabi/9.2.1/../../../../arm-none-eabi/lib/thumb/v7-m/nofp/libc.a
END GROUP
                0x0000000020005000                _estack = (ORIGIN (SRAM) + LENGTH (SRAM))
                0x0000000000000000                _Min_Heap_Size = 0x0
                0x0000000000000100                _Min_Stack_Size = 0x100

.text           0x0000000000000000     0xa814
                0x0000000000000000                _text = .
 *(SORT_BY_ALIGNMENT(.vectors))
 .vectors       0x0000000000000000       0xc8 obj_srf06-cc26xx/startup_gcc.o
                0x0000000000000000                g_pfnVectors
 *(SORT_BY_ALIGNMENT(.text*))
 .text.value    0x00000000000000c8       0xb0 contiki-srf06-cc26xx.a(opt-3001-sensor)
 .text.value    0x0000000000000178       0xa4 contiki-srf06-cc26xx.a(hdc-1000-sensor)
 *fill*         0x000000000000021c        0x4 00000000
 .text.value    0x0000000000000220      0x194 contiki-srf06-cc26xx.a(mpu-9250-sensor)
 *fill*         0x00000000000003b4        0x4 00000000
 .text.__ieee754_pow
                0x00000000000003b8      0xb30 /usr/local/Cellar/arm-none-eabi-gcc/9-2019-q4-major/gcc/bin/../lib/gcc/arm-none-eabi/9.2.1/../../../../arm-none-eabi/lib/thumb/v7-m/nofp/libm.a(lib_a-e_pow.o)
                0x00000000000003b8                __ieee754_pow
 .text.scalbn   0x0000000000000ee8       0xf4 /usr/local/Cellar/arm-none-eabi-gcc/9-2019-q4-major/gcc/bin/../lib/gcc/arm-none-eabi/9.2.1/../../../../arm-none-eabi/lib/thumb/v7-m/nofp/libm.a(lib_a-s_scalbn.o)
                0x0000000000000ee8                scalbn
 .text.FaultISR
                0x0000000000000fdc       0x18 obj_srf06-cc26xx/fault-handlers.o
                0x0000000000000fdc                FaultISR
 .text.NmiSRHandler
                0x0000000000000ff4        0x4 obj_srf06-cc26xx/startup_gcc.o
                0x0000000000000ff4                NmiSR
 .text.IntDefaultHandler
                0x0000000000000ff8        0x4 obj_srf06-cc26xx/startup_gcc.o
                0x0000000000000ff8                Timer3BIntHandler
                0x0000000000000ff8                SWEvent0IntHandler
                0x0000000000000ff8                uDMAIntHandler
                0x0000000000000ff8                WatchdogIntHandler
                0x0000000000000ff8                RFCHardwareIntHandler
                0x0000000000000ff8                Timer1BIntHandler
                0x0000000000000ff8                I2SIntHandler
                0x0000000000000ff8                Timer2BIntHandler
                0x0000000000000ff8                Timer2AIntHandler
                0x0000000000000ff8                Timer1AIntHandler
                0x0000000000000ff8                AONIntHandler
                0x0000000000000ff8                AUXSWEvent0IntHandler
                0x0000000000000ff8                AUXADCIntHandler
                0x0000000000000ff8                PendSVIntHandler
                0x0000000000000ff8                AUXSWEvent1IntHandler
                0x0000000000000ff8                SVCallIntHandler
                0x0000000000000ff8                MPUFaultIntHandler
                0x0000000000000ff8                SysTickIntHandler
                0x0000000000000ff8                BusFaultIntHandler
                0x0000000000000ff8                AONProgIntHandler
                0x0000000000000ff8                AUXCompAIntHandler
                0x0000000000000ff8                SSI1IntHandler
                0x0000000000000ff8                FlashIntHandler
                0x0000000000000ff8                uDMAErrIntHandler
                0x0000000000000ff8                UsageFaultIntHandler
                0x0000000000000ff8                RFCCmdAckIntHandler
                0x0000000000000ff8                CryptoIntHandler
                0x0000000000000ff8                Timer0AIntHandler
                0x0000000000000ff8                I2CIntHandler
                0x0000000000000ff8                DebugMonIntHandler
                0x0000000000000ff8                Timer0BIntHandler
                0x0000000000000ff8                AUXCombEventIntHandler
                0x0000000000000ff8                Timer3AIntHandler
                0x0000000000000ff8                DynProgIntHandler
                0x0000000000000ff8                SSI0IntHandler
 .text.ResetISR
                0x0000000000000ffc       0x5c obj_srf06-cc26xx/startup_gcc.o
                0x0000000000000ffc                ResetISR
 .text.broadcast_recv
                0x0000000000001058       0x2c nbr_discovery.co
 .text.sender_scheduler
                0x0000000000001084      0x13c nbr_discovery.co
                0x0000000000001084                sender_scheduler
 .text.populate_permuation_arr
                0x00000000000011c0       0x28 nbr_discovery.co
                0x00000000000011c0                populate_permuation_arr
 .text.process_thread_cc2650_nbr_discovery_process
                0x00000000000011e8       0xa4 nbr_discovery.co
 .text.fade     0x000000000000128c       0x64 contiki-srf06-cc26xx.a(contiki-main.o)
 .text.startup.main
                0x00000000000012f0      0x228 contiki-srf06-cc26xx.a(contiki-main.o)
                0x00000000000012f0                main
 .text.process_thread_sensors_process
                0x0000000000001518       0xf4 contiki-srf06-cc26xx.a(sensors.o)
 .text.sensors_changed
                0x000000000000160c       0x40 contiki-srf06-cc26xx.a(sensors.o)
                0x000000000000160c                sensors_changed
 .text.leds_init
                0x000000000000164c       0x14 contiki-srf06-cc26xx.a(leds.o)
                0x000000000000164c                leds_init
 .text.leds_on  0x0000000000001660       0x10 contiki-srf06-cc26xx.a(leds.o)
                0x0000000000001660                leds_on
 .text.leds_off
                0x0000000000001670       0x14 contiki-srf06-cc26xx.a(leds.o)
                0x0000000000001670                leds_off
 .text.leds_arch_init
                0x0000000000001684       0x38 contiki-srf06-cc26xx.a(leds-arch.o)
                0x0000000000001684                leds_arch_init
 .text.leds_arch_set
                0x00000000000016bc       0x34 contiki-srf06-cc26xx.a(leds-arch.o)
                0x00000000000016bc                leds_arch_set
 .text.status   0x00000000000016f0       0x14 contiki-srf06-cc26xx.a(bmp-280-sensor.)
 .text.notify_ready
                0x0000000000001704       0x14 contiki-srf06-cc26xx.a(bmp-280-sensor.)
 .text.enable_sensor
                0x0000000000001718       0x2c contiki-srf06-cc26xx.a(bmp-280-sensor.)
 .text.configure
                0x0000000000001744       0x98 contiki-srf06-cc26xx.a(bmp-280-sensor.)
 .text.value    0x00000000000017dc      0x15c contiki-srf06-cc26xx.a(bmp-280-sensor.)
 .text.status   0x0000000000001938       0x14 contiki-srf06-cc26xx.a(tmp-007-sensor.)
 .text.notify_ready
                0x000000000000194c       0x14 contiki-srf06-cc26xx.a(tmp-007-sensor.)
 .text.enable_sensor
                0x0000000000001960       0x28 contiki-srf06-cc26xx.a(tmp-007-sensor.)
 .text.configure
                0x0000000000001988       0x8c contiki-srf06-cc26xx.a(tmp-007-sensor.)
 .text.value    0x0000000000001a14       0xf0 contiki-srf06-cc26xx.a(tmp-007-sensor.)
 .text.status   0x0000000000001b04        0xc contiki-srf06-cc26xx.a(opt-3001-sensor)
 .text.enable_sensor
                0x0000000000001b10       0x44 contiki-srf06-cc26xx.a(opt-3001-sensor)
 .text.notify_ready
                0x0000000000001b54       0x54 contiki-srf06-cc26xx.a(opt-3001-sensor)
 .text.configure
                0x0000000000001ba8       0x48 contiki-srf06-cc26xx.a(opt-3001-sensor)
 .text.status   0x0000000000001bf0       0x14 contiki-srf06-cc26xx.a(hdc-1000-sensor)
 .text.notify_ready
                0x0000000000001c04       0x6c contiki-srf06-cc26xx.a(hdc-1000-sensor)
 .text.configure
                0x0000000000001c70       0xc4 contiki-srf06-cc26xx.a(hdc-1000-sensor)
 .text.acc_convert
                0x0000000000001d34       0x70 contiki-srf06-cc26xx.a(mpu-9250-sensor)
 .text.status   0x0000000000001da4       0x14 contiki-srf06-cc26xx.a(mpu-9250-sensor)
 .text.notify_ready
                0x0000000000001db8       0x14 contiki-srf06-cc26xx.a(mpu-9250-sensor)
 .text.sensor_sleep
                0x0000000000001dcc       0x38 contiki-srf06-cc26xx.a(mpu-9250-sensor)
 .text.configure
                0x0000000000001e04       0xdc contiki-srf06-cc26xx.a(mpu-9250-sensor)
 .text.int_status
                0x0000000000001ee0       0x28 contiki-srf06-cc26xx.a(mpu-9250-sensor)
 .text.initialise
                0x0000000000001f08      0x100 contiki-srf06-cc26xx.a(mpu-9250-sensor)
 .text.status.part.0
                0x0000000000002008       0x14 contiki-srf06-cc26xx.a(button-sensor.o)
 .text.value_left
                0x000000000000201c       0x24 contiki-srf06-cc26xx.a(button-sensor.o)
 .text.value_right
                0x0000000000002040       0x24 contiki-srf06-cc26xx.a(button-sensor.o)
 .text.status_left
                0x0000000000002064       0x10 contiki-srf06-cc26xx.a(button-sensor.o)
 .text.status_right
                0x0000000000002074       0x10 contiki-srf06-cc26xx.a(button-sensor.o)
 .text.config_buttons
                0x0000000000002084       0x84 contiki-srf06-cc26xx.a(button-sensor.o)
 .text.config_left
                0x0000000000002108        0xc contiki-srf06-cc26xx.a(button-sensor.o)
 .text.config_right
                0x0000000000002114        0xc contiki-srf06-cc26xx.a(button-sensor.o)
 .text.button_press_handler
                0x0000000000002120       0xa0 contiki-srf06-cc26xx.a(button-sensor.o)
 .text.value    0x00000000000021c0       0x10 contiki-srf06-cc26xx.a(reed-relay.o)
 .text.status   0x00000000000021d0       0x20 contiki-srf06-cc26xx.a(reed-relay.o)
 .text.configure
                0x00000000000021f0       0x6c contiki-srf06-cc26xx.a(reed-relay.o)
 .text.reed_interrupt_handler
                0x000000000000225c       0x28 contiki-srf06-cc26xx.a(reed-relay.o)
 .text.power_domains_on
                0x0000000000002284       0x20 contiki-srf06-cc26xx.a(board.o)
 .text.lpm_wakeup_handler
                0x00000000000022a4        0x4 contiki-srf06-cc26xx.a(board.o)
 .text.shutdown_handler
                0x00000000000022a8       0x68 contiki-srf06-cc26xx.a(board.o)
 .text.board_init
                0x0000000000002310      0x110 contiki-srf06-cc26xx.a(board.o)
                0x0000000000002310                board_init
 .text.i2c_status
                0x0000000000002420       0x3c contiki-srf06-cc26xx.a(board-i2c.o)
 .text.board_i2c_wakeup
                0x000000000000245c       0x5c contiki-srf06-cc26xx.a(board-i2c.o)
                0x000000000000245c                board_i2c_wakeup
 .text.board_i2c_shutdown
                0x00000000000024b8       0xbc contiki-srf06-cc26xx.a(board-i2c.o)
                0x00000000000024b8                board_i2c_shutdown
 .text.board_i2c_write
                0x0000000000002574      0x134 contiki-srf06-cc26xx.a(board-i2c.o)
                0x0000000000002574                board_i2c_write
 .text.board_i2c_write_single
                0x00000000000026a8       0x70 contiki-srf06-cc26xx.a(board-i2c.o)
                0x00000000000026a8                board_i2c_write_single
 .text.board_i2c_read
                0x0000000000002718       0xfc contiki-srf06-cc26xx.a(board-i2c.o)
                0x0000000000002718                board_i2c_read
 .text.board_i2c_write_read
                0x0000000000002814      0x1a8 contiki-srf06-cc26xx.a(board-i2c.o)
                0x0000000000002814                board_i2c_write_read
 .text.board_i2c_select
                0x00000000000029bc       0xf4 contiki-srf06-cc26xx.a(board-i2c.o)
                0x00000000000029bc                board_i2c_select
 .text.power_domain_on
                0x0000000000002ab0       0x20 contiki-srf06-cc26xx.a(clock.o)
 .text.clock_init
                0x0000000000002ad0       0x9c contiki-srf06-cc26xx.a(clock.o)
                0x0000000000002ad0                clock_init
 .text.clock_time
                0x0000000000002b6c       0x34 contiki-srf06-cc26xx.a(clock.o)
                0x0000000000002b6c                clock_time
 .text.clock_update
                0x0000000000002ba0       0x3c contiki-srf06-cc26xx.a(clock.o)
                0x0000000000002ba0                clock_update
 .text.rtimer_arch_init
                0x0000000000002bdc        0x4 contiki-srf06-cc26xx.a(rtimer-arch.o)
                0x0000000000002bdc                rtimer_arch_init
 .text.rtimer_arch_schedule
                0x0000000000002be0        0x8 contiki-srf06-cc26xx.a(rtimer-arch.o)
                0x0000000000002be0                rtimer_arch_schedule
 .text.rtimer_arch_now
                0x0000000000002be8        0x4 contiki-srf06-cc26xx.a(rtimer-arch.o)
                0x0000000000002be8                rtimer_arch_now
 .text.soc_rtc_init
                0x0000000000002bec       0xa0 contiki-srf06-cc26xx.a(soc-rtc.o)
                0x0000000000002bec                soc_rtc_init
 .text.soc_rtc_schedule_one_shot
                0x0000000000002c8c       0x70 contiki-srf06-cc26xx.a(soc-rtc.o)
                0x0000000000002c8c                soc_rtc_schedule_one_shot
 .text.soc_rtc_last_isr_time
                0x0000000000002cfc        0xc contiki-srf06-cc26xx.a(soc-rtc.o)
                0x0000000000002cfc                soc_rtc_last_isr_time
 .text.AONRTCIntHandler
                0x0000000000002d08       0x88 contiki-srf06-cc26xx.a(soc-rtc.o)
                0x0000000000002d08                AONRTCIntHandler
 .text.watchdog_init
                0x0000000000002d90       0x1c contiki-srf06-cc26xx.a(contiki-watchdo)
                0x0000000000002d90                watchdog_init
 .text.watchdog_start
                0x0000000000002dac       0x64 contiki-srf06-cc26xx.a(contiki-watchdo)
                0x0000000000002dac                watchdog_start
 .text.watchdog_periodic
                0x0000000000002e10       0x1c contiki-srf06-cc26xx.a(contiki-watchdo)
                0x0000000000002e10                watchdog_periodic
 .text.putchar  0x0000000000002e2c       0x10 contiki-srf06-cc26xx.a(putchar.o)
                0x0000000000002e2c                putchar
 .text.puts     0x0000000000002e3c       0x30 contiki-srf06-cc26xx.a(putchar.o)
                0x0000000000002e3c                puts
 .text.dbg_send_bytes
                0x0000000000002e6c       0x30 contiki-srf06-cc26xx.a(putchar.o)
                0x0000000000002e6c                dbg_send_bytes
 .text.ieee_addr_cpy_to
                0x0000000000002e9c       0x40 contiki-srf06-cc26xx.a(ieee-addr.o)
                0x0000000000002e9c                ieee_addr_cpy_to
 .text.power_and_clock
                0x0000000000002edc       0x40 contiki-srf06-cc26xx.a(cc26xx-uart.o)
 .text.enable   0x0000000000002f1c       0xf0 contiki-srf06-cc26xx.a(cc26xx-uart.o)
 .text.lpm_drop_handler
                0x000000000000300c      0x118 contiki-srf06-cc26xx.a(cc26xx-uart.o)
 .text.cc26xx_uart_init
                0x0000000000003124       0x28 contiki-srf06-cc26xx.a(cc26xx-uart.o)
                0x0000000000003124                cc26xx_uart_init
 .text.cc26xx_uart_write_byte
                0x000000000000314c       0x40 contiki-srf06-cc26xx.a(cc26xx-uart.o)
                0x000000000000314c                cc26xx_uart_write_byte
 .text.cc26xx_uart_set_input
                0x000000000000318c       0x6c contiki-srf06-cc26xx.a(cc26xx-uart.o)
                0x000000000000318c                cc26xx_uart_set_input
 .text.cc26xx_uart_busy
                0x00000000000031f8       0x38 contiki-srf06-cc26xx.a(cc26xx-uart.o)
                0x00000000000031f8                cc26xx_uart_busy
 .text.UART0IntHandler
                0x0000000000003230       0x54 contiki-srf06-cc26xx.a(cc26xx-uart.o)
                0x0000000000003230                UART0IntHandler
 .text.lpm_sleep
                0x0000000000003284       0x14 contiki-srf06-cc26xx.a(lpm.o)
                0x0000000000003284                lpm_sleep
 .text.lpm_drop
                0x0000000000003298      0x244 contiki-srf06-cc26xx.a(lpm.o)
                0x0000000000003298                lpm_drop
 .text.lpm_register_module
                0x00000000000034dc        0xc contiki-srf06-cc26xx.a(lpm.o)
                0x00000000000034dc                lpm_register_module
 .text.lpm_unregister_module
                0x00000000000034e8        0xc contiki-srf06-cc26xx.a(lpm.o)
                0x00000000000034e8                lpm_unregister_module
 .text.lpm_init
                0x00000000000034f4       0x20 contiki-srf06-cc26xx.a(lpm.o)
                0x00000000000034f4                lpm_init
 .text.lpm_pin_set_default_state
                0x0000000000003514       0x2c contiki-srf06-cc26xx.a(lpm.o)
                0x0000000000003514                lpm_pin_set_default_state
 .text.gpio_interrupt_register_handler
                0x0000000000003540       0x2c contiki-srf06-cc26xx.a(gpio-interrupt.)
                0x0000000000003540                gpio_interrupt_register_handler
 .text.gpio_interrupt_init
                0x000000000000356c       0x24 contiki-srf06-cc26xx.a(gpio-interrupt.)
                0x000000000000356c                gpio_interrupt_init
 .text.GPIOIntHandler
                0x0000000000003590       0x30 contiki-srf06-cc26xx.a(gpio-interrupt.)
                0x0000000000003590                GPIOIntHandler
 .text.oscillators_select_lf_xosc
                0x00000000000035c0       0x5c contiki-srf06-cc26xx.a(oscillators.o)
                0x00000000000035c0                oscillators_select_lf_xosc
 .text.oscillators_request_hf_xosc
                0x000000000000361c       0x30 contiki-srf06-cc26xx.a(oscillators.o)
                0x000000000000361c                oscillators_request_hf_xosc
 .text.oscillators_switch_to_hf_xosc
                0x000000000000364c       0x34 contiki-srf06-cc26xx.a(oscillators.o)
                0x000000000000364c                oscillators_switch_to_hf_xosc
 .text.oscillators_switch_to_hf_rc
                0x0000000000003680       0x44 contiki-srf06-cc26xx.a(oscillators.o)
                0x0000000000003680                oscillators_switch_to_hf_rc
 .text.rx_on    0x00000000000036c4       0x68 contiki-srf06-cc26xx.a(ieee-mode.o)
 .text.rf_radio_setup
                0x000000000000372c       0x5c contiki-srf06-cc26xx.a(ieee-mode.o)
 .text.soft_on  0x0000000000003788       0x18 contiki-srf06-cc26xx.a(ieee-mode.o)
 .text.pending_packet
                0x00000000000037a0       0x48 contiki-srf06-cc26xx.a(ieee-mode.o)
 .text.prepare  0x00000000000037e8       0x1c contiki-srf06-cc26xx.a(ieee-mode.o)
 .text.soft_off
                0x0000000000003804       0x44 contiki-srf06-cc26xx.a(ieee-mode.o)
 .text.get_object
                0x0000000000003848       0x44 contiki-srf06-cc26xx.a(ieee-mode.o)
 .text.request  0x000000000000388c       0x20 contiki-srf06-cc26xx.a(ieee-mode.o)
 .text.transmitting.part.0
                0x00000000000038ac       0x40 contiki-srf06-cc26xx.a(ieee-mode.o)
 .text.rx_off   0x00000000000038ec       0x78 contiki-srf06-cc26xx.a(ieee-mode.o)
 .text.set_object
                0x0000000000003964       0x60 contiki-srf06-cc26xx.a(ieee-mode.o)
 .text.get_cca_info
                0x00000000000039c4       0x50 contiki-srf06-cc26xx.a(ieee-mode.o)
 .text.check_rat_overflow
                0x0000000000003a14       0x88 contiki-srf06-cc26xx.a(ieee-mode.o)
 .text.receiving_packet
                0x0000000000003a9c       0x3c contiki-srf06-cc26xx.a(ieee-mode.o)
 .text.off.part.0
                0x0000000000003ad8       0x68 contiki-srf06-cc26xx.a(ieee-mode.o)
 .text.off      0x0000000000003b40       0x14 contiki-srf06-cc26xx.a(ieee-mode.o)
 .text.on       0x0000000000003b54       0xa4 contiki-srf06-cc26xx.a(ieee-mode.o)
 .text.set_value
                0x0000000000003bf8      0x16c contiki-srf06-cc26xx.a(ieee-mode.o)
 .text.get_value
                0x0000000000003d64      0x190 contiki-srf06-cc26xx.a(ieee-mode.o)
 .text.transmit
                0x0000000000003ef4      0x100 contiki-srf06-cc26xx.a(ieee-mode.o)
 .text.send     0x0000000000003ff4       0x24 contiki-srf06-cc26xx.a(ieee-mode.o)
 .text.channel_clear
                0x0000000000004018       0x80 contiki-srf06-cc26xx.a(ieee-mode.o)
 .text.read_frame
                0x0000000000004098      0x18c contiki-srf06-cc26xx.a(ieee-mode.o)
 .text.handle_rat_overflow
                0x0000000000004224       0x68 contiki-srf06-cc26xx.a(ieee-mode.o)
 .text.init     0x000000000000428c       0xfc contiki-srf06-cc26xx.a(ieee-mode.o)
 .text.random_rand
                0x0000000000004388        0xc contiki-srf06-cc26xx.a(random.o)
                0x0000000000004388                random_rand
 .text.random_init
                0x0000000000004394        0x4 contiki-srf06-cc26xx.a(random.o)
                0x0000000000004394                random_init
 .text.power_up
                0x0000000000004398       0x40 contiki-srf06-cc26xx.a(soc-trng.o)
 .text.request  0x00000000000043d8       0x14 contiki-srf06-cc26xx.a(soc-trng.o)
 .text.process_thread_soc_trng_process
                0x00000000000043ec       0x94 contiki-srf06-cc26xx.a(soc-trng.o)
 .text.accessible
                0x0000000000004480       0x24 contiki-srf06-cc26xx.a(soc-trng.o)
 .text.soc_trng_rand_synchronous
                0x00000000000044a4       0xc4 contiki-srf06-cc26xx.a(soc-trng.o)
                0x00000000000044a4                soc_trng_rand_synchronous
 .text.TRNGIntHandler
                0x0000000000004568       0x50 contiki-srf06-cc26xx.a(soc-trng.o)
                0x0000000000004568                TRNGIntHandler
 .text.soc_trng_init
                0x00000000000045b8       0x28 contiki-srf06-cc26xx.a(soc-trng.o)
                0x00000000000045b8                soc_trng_init
 .text.write_str
                0x00000000000045e0       0x14 contiki-srf06-cc26xx.a(dbg-printf.o)
 .text.printf   0x00000000000045f4       0x24 contiki-srf06-cc26xx.a(dbg-printf.o)
                0x00000000000045f4                printf
 .text.fill_space.isra.0
                0x0000000000004618       0x44 contiki-srf06-cc26xx.a(strformat.o)
 .text.format_str_v
                0x000000000000465c      0xaa4 contiki-srf06-cc26xx.a(strformat.o)
                0x000000000000465c                format_str_v
 .text.autostart_start
                0x0000000000005100       0x18 contiki-srf06-cc26xx.a(autostart.o)
                0x0000000000005100                autostart_start
 .text.process_thread_ctimer_process
                0x0000000000005118       0x94 contiki-srf06-cc26xx.a(ctimer.o)
 .text.ctimer_init
                0x00000000000051ac       0x28 contiki-srf06-cc26xx.a(ctimer.o)
                0x00000000000051ac                ctimer_init
 .text.ctimer_set_with_process
                0x00000000000051d4       0x4c contiki-srf06-cc26xx.a(ctimer.o)
                0x00000000000051d4                ctimer_set_with_process
 .text.ctimer_set
                0x0000000000005220       0x18 contiki-srf06-cc26xx.a(ctimer.o)
                0x0000000000005220                ctimer_set
 .text.ctimer_stop
                0x0000000000005238       0x34 contiki-srf06-cc26xx.a(ctimer.o)
                0x0000000000005238                ctimer_stop
 .text.energest_init
                0x000000000000526c        0x4 contiki-srf06-cc26xx.a(energest.o)
                0x000000000000526c                energest_init
 .text.update_time.part.0
                0x0000000000005270       0x3c contiki-srf06-cc26xx.a(etimer.o)
 .text.process_thread_etimer_process
                0x00000000000052ac       0xd4 contiki-srf06-cc26xx.a(etimer.o)
 .text.add_timer
                0x0000000000005380       0x54 contiki-srf06-cc26xx.a(etimer.o)
 .text.etimer_request_poll
                0x00000000000053d4        0xc contiki-srf06-cc26xx.a(etimer.o)
                0x00000000000053d4                etimer_request_poll
 .text.etimer_set
                0x00000000000053e0       0x14 contiki-srf06-cc26xx.a(etimer.o)
                0x00000000000053e0                etimer_set
 .text.etimer_pending
                0x00000000000053f4       0x10 contiki-srf06-cc26xx.a(etimer.o)
                0x00000000000053f4                etimer_pending
 .text.etimer_next_expiration_time
                0x0000000000005404       0x14 contiki-srf06-cc26xx.a(etimer.o)
                0x0000000000005404                etimer_next_expiration_time
 .text.etimer_stop
                0x0000000000005418       0x54 contiki-srf06-cc26xx.a(etimer.o)
                0x0000000000005418                etimer_stop
 .text.exit_process
                0x000000000000546c       0xa8 contiki-srf06-cc26xx.a(process.o)
 .text.call_process.part.0
                0x0000000000005514       0x3c contiki-srf06-cc26xx.a(process.o)
 .text.do_poll  0x0000000000005550       0x38 contiki-srf06-cc26xx.a(process.o)
 .text.process_alloc_event
                0x0000000000005588       0x10 contiki-srf06-cc26xx.a(process.o)
                0x0000000000005588                process_alloc_event
 .text.process_start
                0x0000000000005598       0x44 contiki-srf06-cc26xx.a(process.o)
                0x0000000000005598                process_start
 .text.process_init
                0x00000000000055dc       0x34 contiki-srf06-cc26xx.a(process.o)
                0x00000000000055dc                process_init
 .text.process_run
                0x0000000000005610       0xa4 contiki-srf06-cc26xx.a(process.o)
                0x0000000000005610                process_run
 .text.process_nevents
                0x00000000000056b4       0x14 contiki-srf06-cc26xx.a(process.o)
                0x00000000000056b4                process_nevents
 .text.process_post
                0x00000000000056c8       0x44 contiki-srf06-cc26xx.a(process.o)
                0x00000000000056c8                process_post
 .text.process_poll
                0x000000000000570c       0x1c contiki-srf06-cc26xx.a(process.o)
                0x000000000000570c                process_poll
 .text.rtimer_init
                0x0000000000005728        0x4 contiki-srf06-cc26xx.a(rtimer.o)
                0x0000000000005728                rtimer_init
 .text.rtimer_set
                0x000000000000572c       0x28 contiki-srf06-cc26xx.a(rtimer.o)
                0x000000000000572c                rtimer_set
 .text.rtimer_run_next
                0x0000000000005754       0x28 contiki-srf06-cc26xx.a(rtimer.o)
                0x0000000000005754                rtimer_run_next
 .text.timer_set
                0x000000000000577c       0x10 contiki-srf06-cc26xx.a(timer.o)
                0x000000000000577c                timer_set
 .text.timer_expired
                0x000000000000578c       0x1c contiki-srf06-cc26xx.a(timer.o)
                0x000000000000578c                timer_expired
 .text.process_thread_serial_line_process
                0x00000000000057a8       0xa4 contiki-srf06-cc26xx.a(serial-line.o)
 .text.serial_line_input_byte
                0x000000000000584c       0x58 contiki-srf06-cc26xx.a(serial-line.o)
                0x000000000000584c                serial_line_input_byte
 .text.serial_line_init
                0x00000000000058a4       0x24 contiki-srf06-cc26xx.a(serial-line.o)
                0x00000000000058a4                serial_line_init
 .text.list_init
                0x00000000000058c8        0x8 contiki-srf06-cc26xx.a(list.o)
                0x00000000000058c8                list_init
 .text.list_head
                0x00000000000058d0        0x4 contiki-srf06-cc26xx.a(list.o)
                0x00000000000058d0                list_head
 .text.list_add
                0x00000000000058d4       0x5c contiki-srf06-cc26xx.a(list.o)
                0x00000000000058d4                list_add
 .text.list_push
                0x0000000000005930       0x3c contiki-srf06-cc26xx.a(list.o)
                0x0000000000005930                list_push
 .text.list_remove
                0x000000000000596c       0x30 contiki-srf06-cc26xx.a(list.o)
                0x000000000000596c                list_remove
 .text.list_length
                0x000000000000599c       0x14 contiki-srf06-cc26xx.a(list.o)
                0x000000000000599c                list_length
 .text.list_item_next
                0x00000000000059b0        0x8 contiki-srf06-cc26xx.a(list.o)
                0x00000000000059b0                list_item_next
 .text.ringbuf_init
                0x00000000000059b8       0x10 contiki-srf06-cc26xx.a(ringbuf.o)
                0x00000000000059b8                ringbuf_init
 .text.ringbuf_put
                0x00000000000059c8       0x2c contiki-srf06-cc26xx.a(ringbuf.o)
                0x00000000000059c8                ringbuf_put
 .text.ringbuf_get
                0x00000000000059f4       0x24 contiki-srf06-cc26xx.a(ringbuf.o)
                0x00000000000059f4                ringbuf_get
 .text.sent_by_abc
                0x0000000000005a18        0xc contiki-srf06-cc26xx.a(broadcast.o)
 .text.recv_from_abc
                0x0000000000005a24       0x24 contiki-srf06-cc26xx.a(broadcast.o)
 .text.broadcast_open
                0x0000000000005a48       0x24 contiki-srf06-cc26xx.a(broadcast.o)
                0x0000000000005a48                broadcast_open
 .text.broadcast_close
                0x0000000000005a6c        0x4 contiki-srf06-cc26xx.a(broadcast.o)
                0x0000000000005a6c                broadcast_close
 .text.broadcast_send
                0x0000000000005a70       0x1c contiki-srf06-cc26xx.a(broadcast.o)
                0x0000000000005a70                broadcast_send
 .text.channel_init
                0x0000000000005a8c        0xc contiki-srf06-cc26xx.a(channel.o)
                0x0000000000005a8c                channel_init
 .text.channel_open
                0x0000000000005a98       0x10 contiki-srf06-cc26xx.a(channel.o)
                0x0000000000005a98                channel_open
 .text.channel_close
                0x0000000000005aa8        0xc contiki-srf06-cc26xx.a(channel.o)
                0x0000000000005aa8                channel_close
 .text.channel_lookup
                0x0000000000005ab4       0x24 contiki-srf06-cc26xx.a(channel.o)
                0x0000000000005ab4                channel_lookup
 .text.channel_set_attributes
                0x0000000000005ad8       0x18 contiki-srf06-cc26xx.a(channel.o)
                0x0000000000005ad8                channel_set_attributes
 .text.packet_sent
                0x0000000000005af0       0x38 contiki-srf06-cc26xx.a(rime.o)
 .text.input    0x0000000000005b28       0x38 contiki-srf06-cc26xx.a(rime.o)
 .text.init     0x0000000000005b60       0x28 contiki-srf06-cc26xx.a(rime.o)
 .text.rime_output
                0x0000000000005b88       0x28 contiki-srf06-cc26xx.a(rime.o)
                0x0000000000005b88                rime_output
 .text.SafeHapiVoid
                0x0000000000005bb0       0x28 contiki-srf06-cc26xx.a(adi.o)
                0x0000000000005bb0                SafeHapiVoid
 .text.NOROM_AONRTCCurrentCompareValueGet
                0x0000000000005bd8       0x24 contiki-srf06-cc26xx.a(aon_rtc.o)
                0x0000000000005bd8                NOROM_AONRTCCurrentCompareValueGet
 .text.NOROM_ChipInfo_GetSupportedProtocol_BV
                0x0000000000005bfc       0x10 contiki-srf06-cc26xx.a(chipinfo.o)
                0x0000000000005bfc                NOROM_ChipInfo_GetSupportedProtocol_BV
 .text.NOROM_ChipInfo_GetChipFamily
                0x0000000000005c0c       0x4c contiki-srf06-cc26xx.a(chipinfo.o)
                0x0000000000005c0c                NOROM_ChipInfo_GetChipFamily
 .text.NOROM_ChipInfo_GetChipType
                0x0000000000005c58       0x50 contiki-srf06-cc26xx.a(chipinfo.o)
                0x0000000000005c58                NOROM_ChipInfo_GetChipType
 .text.NOROM_ChipInfo_GetHwRevision
                0x0000000000005ca8       0x74 contiki-srf06-cc26xx.a(chipinfo.o)
                0x0000000000005ca8                NOROM_ChipInfo_GetHwRevision
 .text.NOROM_ThisCodeIsBuiltForCC26xxHwRev22AndLater_HaltIfViolated
                0x0000000000005d1c       0x14 contiki-srf06-cc26xx.a(chipinfo.o)
                0x0000000000005d1c                NOROM_ThisCodeIsBuiltForCC26xxHwRev22AndLater_HaltIfViolated
 .text.NOROM_CPUcpsid
                0x0000000000005d30        0x8 contiki-srf06-cc26xx.a(cpu.o)
                0x0000000000005d30                NOROM_CPUcpsid
 .text.NOROM_CPUcpsie
                0x0000000000005d38        0x8 contiki-srf06-cc26xx.a(cpu.o)
                0x0000000000005d38                NOROM_CPUcpsie
 .text.NOROM_CPUdelay
                0x0000000000005d40        0x8 contiki-srf06-cc26xx.a(cpu.o)
                0x0000000000005d40                NOROM_CPUdelay
 .text.NOROM_DDI32RegWrite
                0x0000000000005d48       0x2c contiki-srf06-cc26xx.a(ddi.o)
                0x0000000000005d48                NOROM_DDI32RegWrite
 .text.NOROM_DDI16BitfieldWrite
                0x0000000000005d74       0x48 contiki-srf06-cc26xx.a(ddi.o)
                0x0000000000005d74                NOROM_DDI16BitfieldWrite
 .text.NOROM_DDI16BitfieldRead
                0x0000000000005dbc       0x48 contiki-srf06-cc26xx.a(ddi.o)
                0x0000000000005dbc                NOROM_DDI16BitfieldRead
 .text.NOROM_OSCClockSourceSet
                0x0000000000005e04       0x58 contiki-srf06-cc26xx.a(osc.o)
                0x0000000000005e04                NOROM_OSCClockSourceSet
 .text.NOROM_OSCClockSourceGet
                0x0000000000005e5c       0x20 contiki-srf06-cc26xx.a(osc.o)
                0x0000000000005e5c                NOROM_OSCClockSourceGet
 .text.NOROM_PowerCtrlSourceSet
                0x0000000000005e7c       0x30 contiki-srf06-cc26xx.a(pwr_ctrl.o)
                0x0000000000005e7c                NOROM_PowerCtrlSourceSet
 .text.TrimAfterColdResetWakeupFromShutDown
                0x0000000000005eac       0xec contiki-srf06-cc26xx.a(setup.o)
 .text.NOROM_SetupTrimDevice
                0x0000000000005f98       0xa0 contiki-srf06-cc26xx.a(setup.o)
                0x0000000000005f98                NOROM_SetupTrimDevice
 .text.NOROM_SetupGetTrimForXoscHfCtl.part.0
                0x0000000000006038       0x20 contiki-srf06-cc26xx.a(setup_rom.o)
 .text.NOROM_SetupGetTrimForRadcExtCfg.part.0
                0x0000000000006058       0x1c contiki-srf06-cc26xx.a(setup_rom.o)
 .text.NOROM_SetupAfterColdResetWakeupFromShutDownCfg1
                0x0000000000006074       0x74 contiki-srf06-cc26xx.a(setup_rom.o)
                0x0000000000006074                NOROM_SetupAfterColdResetWakeupFromShutDownCfg1
 .text.NOROM_SetupAfterColdResetWakeupFromShutDownCfg3
                0x00000000000060e8      0x1ac contiki-srf06-cc26xx.a(setup_rom.o)
                0x00000000000060e8                NOROM_SetupAfterColdResetWakeupFromShutDownCfg3
 .text.NOROM_SetupGetTrimForAnabypassValue1
                0x0000000000006294       0x64 contiki-srf06-cc26xx.a(setup_rom.o)
                0x0000000000006294                NOROM_SetupGetTrimForAnabypassValue1
 .text.NOROM_SetupGetTrimForAmpcompCtrl
                0x00000000000062f8       0x58 contiki-srf06-cc26xx.a(setup_rom.o)
                0x00000000000062f8                NOROM_SetupGetTrimForAmpcompCtrl
 .text.NOROM_SetupAfterColdResetWakeupFromShutDownCfg2
                0x0000000000006350      0x190 contiki-srf06-cc26xx.a(setup_rom.o)
                0x0000000000006350                NOROM_SetupAfterColdResetWakeupFromShutDownCfg2
 .text.NOROM_SetupSetCacheModeAccordingToCcfgSetting
                0x00000000000064e0       0x6c contiki-srf06-cc26xx.a(setup_rom.o)
                0x00000000000064e0                NOROM_SetupSetCacheModeAccordingToCcfgSetting
 .text.NOROM_SysCtrlSetRechargeBeforePowerDown
                0x000000000000654c      0x248 contiki-srf06-cc26xx.a(sys_ctrl.o)
                0x000000000000654c                NOROM_SysCtrlSetRechargeBeforePowerDown
 .text.NOROM_SysCtrlAdjustRechargeAfterPowerDown
                0x0000000000006794       0x64 contiki-srf06-cc26xx.a(sys_ctrl.o)
                0x0000000000006794                NOROM_SysCtrlAdjustRechargeAfterPowerDown
 .text.NOROM_SysCtrl_DCDC_VoltageConditionalControl
                0x00000000000067f8       0x7c contiki-srf06-cc26xx.a(sys_ctrl.o)
                0x00000000000067f8                NOROM_SysCtrl_DCDC_VoltageConditionalControl
 .text.NOROM_TRNGConfigure
                0x0000000000006874       0x3c contiki-srf06-cc26xx.a(trng.o)
                0x0000000000006874                NOROM_TRNGConfigure
 .text.linkaddr_copy
                0x00000000000068b0        0x8 contiki-srf06-cc26xx.a(linkaddr.o)
                0x00000000000068b0                linkaddr_copy
 .text.linkaddr_cmp
                0x00000000000068b8       0x20 contiki-srf06-cc26xx.a(linkaddr.o)
                0x00000000000068b8                linkaddr_cmp
 .text.netstack_init
                0x00000000000068d8       0x38 contiki-srf06-cc26xx.a(netstack.o)
                0x00000000000068d8                netstack_init
 .text.packetbuf_compact
                0x0000000000006910       0x48 contiki-srf06-cc26xx.a(packetbuf.o)
                0x0000000000006910                packetbuf_compact
 .text.packetbuf_copyto
                0x0000000000006958       0x54 contiki-srf06-cc26xx.a(packetbuf.o)
                0x0000000000006958                packetbuf_copyto
 .text.packetbuf_hdralloc
                0x00000000000069ac       0x60 contiki-srf06-cc26xx.a(packetbuf.o)
                0x00000000000069ac                packetbuf_hdralloc
 .text.packetbuf_hdrreduce
                0x0000000000006a0c       0x2c contiki-srf06-cc26xx.a(packetbuf.o)
                0x0000000000006a0c                packetbuf_hdrreduce
 .text.packetbuf_set_datalen
                0x0000000000006a38        0xc contiki-srf06-cc26xx.a(packetbuf.o)
                0x0000000000006a38                packetbuf_set_datalen
 .text.packetbuf_dataptr
                0x0000000000006a44       0x20 contiki-srf06-cc26xx.a(packetbuf.o)
                0x0000000000006a44                packetbuf_dataptr
 .text.packetbuf_hdrptr
                0x0000000000006a64        0x8 contiki-srf06-cc26xx.a(packetbuf.o)
                0x0000000000006a64                packetbuf_hdrptr
 .text.packetbuf_datalen
                0x0000000000006a6c        0xc contiki-srf06-cc26xx.a(packetbuf.o)
                0x0000000000006a6c                packetbuf_datalen
 .text.packetbuf_totlen
                0x0000000000006a78       0x24 contiki-srf06-cc26xx.a(packetbuf.o)
                0x0000000000006a78                packetbuf_totlen
 .text.packetbuf_attr_clear
                0x0000000000006a9c       0x40 contiki-srf06-cc26xx.a(packetbuf.o)
                0x0000000000006a9c                packetbuf_attr_clear
 .text.packetbuf_clear
                0x0000000000006adc       0x20 contiki-srf06-cc26xx.a(packetbuf.o)
                0x0000000000006adc                packetbuf_clear
 .text.packetbuf_copyfrom
                0x0000000000006afc       0x40 contiki-srf06-cc26xx.a(packetbuf.o)
                0x0000000000006afc                packetbuf_copyfrom
 .text.packetbuf_attr_copyto
                0x0000000000006b3c       0x3c contiki-srf06-cc26xx.a(packetbuf.o)
                0x0000000000006b3c                packetbuf_attr_copyto
 .text.packetbuf_attr_copyfrom
                0x0000000000006b78       0x3c contiki-srf06-cc26xx.a(packetbuf.o)
                0x0000000000006b78                packetbuf_attr_copyfrom
 .text.packetbuf_set_attr
                0x0000000000006bb4       0x10 contiki-srf06-cc26xx.a(packetbuf.o)
                0x0000000000006bb4                packetbuf_set_attr
 .text.packetbuf_attr
                0x0000000000006bc4        0xc contiki-srf06-cc26xx.a(packetbuf.o)
                0x0000000000006bc4                packetbuf_attr
 .text.packetbuf_set_addr
                0x0000000000006bd0       0x18 contiki-srf06-cc26xx.a(packetbuf.o)
                0x0000000000006bd0                packetbuf_set_addr
 .text.packetbuf_addr
                0x0000000000006be8       0x10 contiki-srf06-cc26xx.a(packetbuf.o)
                0x0000000000006be8                packetbuf_addr
 .text.packetbuf_holds_broadcast
                0x0000000000006bf8       0x10 contiki-srf06-cc26xx.a(packetbuf.o)
                0x0000000000006bf8                packetbuf_holds_broadcast
 .text.queuebuf_init
                0x0000000000006c08       0x1c contiki-srf06-cc26xx.a(queuebuf.o)
                0x0000000000006c08                queuebuf_init
 .text.queuebuf_new_from_packetbuf
                0x0000000000006c24       0x44 contiki-srf06-cc26xx.a(queuebuf.o)
                0x0000000000006c24                queuebuf_new_from_packetbuf
 .text.queuebuf_update_attr_from_packetbuf
                0x0000000000006c68        0xc contiki-srf06-cc26xx.a(queuebuf.o)
                0x0000000000006c68                queuebuf_update_attr_from_packetbuf
 .text.queuebuf_free
                0x0000000000006c74       0x2c contiki-srf06-cc26xx.a(queuebuf.o)
                0x0000000000006c74                queuebuf_free
 .text.queuebuf_to_packetbuf
                0x0000000000006ca0       0x30 contiki-srf06-cc26xx.a(queuebuf.o)
                0x0000000000006ca0                queuebuf_to_packetbuf
 .text.queuebuf_attr
                0x0000000000006cd0        0xc contiki-srf06-cc26xx.a(queuebuf.o)
                0x0000000000006cd0                queuebuf_attr
 .text.input_packet
                0x0000000000006cdc        0xc contiki-srf06-cc26xx.a(csma.o)
 .text.on       0x0000000000006ce8        0xc contiki-srf06-cc26xx.a(csma.o)
 .text.off      0x0000000000006cf4        0xc contiki-srf06-cc26xx.a(csma.o)
 .text.channel_check_interval
                0x0000000000006d00       0x10 contiki-srf06-cc26xx.a(csma.o)
 .text.schedule_transmission
                0x0000000000006d10       0x50 contiki-srf06-cc26xx.a(csma.o)
 .text.send_packet
                0x0000000000006d60      0x15c contiki-srf06-cc26xx.a(csma.o)
 .text.init     0x0000000000006ebc       0x24 contiki-srf06-cc26xx.a(csma.o)
 .text.transmit_packet_list
                0x0000000000006ee0       0x34 contiki-srf06-cc26xx.a(csma.o)
 .text.tx_done  0x0000000000006f14       0x8c contiki-srf06-cc26xx.a(csma.o)
 .text.packet_sent
                0x0000000000006fa0       0xec contiki-srf06-cc26xx.a(csma.o)
 .text.mac_call_sent_callback
                0x000000000000708c       0x14 contiki-srf06-cc26xx.a(mac.o)
                0x000000000000708c                mac_call_sent_callback
 .text.on       0x00000000000070a0        0xc contiki-srf06-cc26xx.a(nullrdc.o)
 .text.channel_check_interval
                0x00000000000070ac        0x4 contiki-srf06-cc26xx.a(nullrdc.o)
 .text.init     0x00000000000070b0        0xc contiki-srf06-cc26xx.a(nullrdc.o)
 .text.send_one_packet
                0x00000000000070bc      0x130 contiki-srf06-cc26xx.a(nullrdc.o)
 .text.send_list
                0x00000000000071ec       0x20 contiki-srf06-cc26xx.a(nullrdc.o)
 .text.send_packet
                0x000000000000720c        0x4 contiki-srf06-cc26xx.a(nullrdc.o)
 .text.off      0x0000000000007210       0x1c contiki-srf06-cc26xx.a(nullrdc.o)
 .text.packet_input
                0x000000000000722c       0x58 contiki-srf06-cc26xx.a(nullrdc.o)
 .text.init     0x0000000000007284        0x4 contiki-srf06-cc26xx.a(nullsec.o)
 .text.input    0x0000000000007288        0xc contiki-srf06-cc26xx.a(nullsec.o)
 .text.send     0x0000000000007294       0x20 contiki-srf06-cc26xx.a(nullsec.o)
 .text.sensor_common_read_reg
                0x00000000000072b4       0x1c contiki-srf06-cc26xx.a(sensor-common.o)
                0x00000000000072b4                sensor_common_read_reg
 .text.sensor_common_write_reg
                0x00000000000072d0       0x38 contiki-srf06-cc26xx.a(sensor-common.o)
                0x00000000000072d0                sensor_common_write_reg
 .text.sensor_common_set_error_data
                0x0000000000007308       0x18 contiki-srf06-cc26xx.a(sensor-common.o)
                0x0000000000007308                sensor_common_set_error_data
 .text.verify_part
                0x0000000000007320       0x80 contiki-srf06-cc26xx.a(ext-flash.o)
 .text.wait_ready
                0x00000000000073a0       0x54 contiki-srf06-cc26xx.a(ext-flash.o)
 .text.power_down
                0x00000000000073f4       0x50 contiki-srf06-cc26xx.a(ext-flash.o)
 .text.ext_flash_open
                0x0000000000007444       0x68 contiki-srf06-cc26xx.a(ext-flash.o)
                0x0000000000007444                ext_flash_open
 .text.ext_flash_init
                0x00000000000074ac       0x14 contiki-srf06-cc26xx.a(ext-flash.o)
                0x00000000000074ac                ext_flash_init
 .text.buzzer_init
                0x00000000000074c0        0xc contiki-srf06-cc26xx.a(buzzer.o)
                0x00000000000074c0                buzzer_init
 .text.buzzer_stop
                0x00000000000074cc       0x74 contiki-srf06-cc26xx.a(buzzer.o)
                0x00000000000074cc                buzzer_stop
 .text.board_spi_write
                0x0000000000007540       0x60 contiki-srf06-cc26xx.a(board-spi.o)
                0x0000000000007540                board_spi_write
 .text.board_spi_read
                0x00000000000075a0       0x64 contiki-srf06-cc26xx.a(board-spi.o)
                0x00000000000075a0                board_spi_read
 .text.board_spi_flush
                0x0000000000007604       0x3c contiki-srf06-cc26xx.a(board-spi.o)
                0x0000000000007604                board_spi_flush
 .text.board_spi_open
                0x0000000000007640       0xbc contiki-srf06-cc26xx.a(board-spi.o)
                0x0000000000007640                board_spi_open
 .text.board_spi_close
                0x00000000000076fc       0x70 contiki-srf06-cc26xx.a(board-spi.o)
                0x00000000000076fc                board_spi_close
 .text.aux_ctrl_power_up
                0x000000000000776c       0x28 contiki-srf06-cc26xx.a(aux-ctrl.o)
                0x000000000000776c                aux_ctrl_power_up
 .text.aux_ctrl_register_consumer
                0x0000000000007794       0x40 contiki-srf06-cc26xx.a(aux-ctrl.o)
                0x0000000000007794                aux_ctrl_register_consumer
 .text.aux_ctrl_power_down
                0x00000000000077d4       0x6c contiki-srf06-cc26xx.a(aux-ctrl.o)
                0x00000000000077d4                aux_ctrl_power_down
 .text.aux_ctrl_unregister_consumer
                0x0000000000007840       0x28 contiki-srf06-cc26xx.a(aux-ctrl.o)
                0x0000000000007840                aux_ctrl_unregister_consumer
 .text.process_thread_rf_core_process
                0x0000000000007868       0x58 contiki-srf06-cc26xx.a(rf-core.o)
 .text.rf_core_is_accessible
                0x00000000000078c0       0x10 contiki-srf06-cc26xx.a(rf-core.o)
                0x00000000000078c0                rf_core_is_accessible
 .text.rf_core_send_cmd
                0x00000000000078d0       0x94 contiki-srf06-cc26xx.a(rf-core.o)
                0x00000000000078d0                rf_core_send_cmd
 .text.rf_core_wait_cmd_done
                0x0000000000007964       0x2c contiki-srf06-cc26xx.a(rf-core.o)
                0x0000000000007964                rf_core_wait_cmd_done
 .text.rf_core_power_up
                0x0000000000007990       0xcc contiki-srf06-cc26xx.a(rf-core.o)
                0x0000000000007990                rf_core_power_up
 .text.rf_core_start_rat
                0x0000000000007a5c       0x68 contiki-srf06-cc26xx.a(rf-core.o)
                0x0000000000007a5c                rf_core_start_rat
 .text.rf_core_stop_rat
                0x0000000000007ac4       0x7c contiki-srf06-cc26xx.a(rf-core.o)
                0x0000000000007ac4                rf_core_stop_rat
 .text.rf_core_power_down
                0x0000000000007b40       0xf0 contiki-srf06-cc26xx.a(rf-core.o)
                0x0000000000007b40                rf_core_power_down
 .text.rf_core_set_modesel
                0x0000000000007c30       0x44 contiki-srf06-cc26xx.a(rf-core.o)
                0x0000000000007c30                rf_core_set_modesel
 .text.rf_core_boot
                0x0000000000007c74       0x1c contiki-srf06-cc26xx.a(rf-core.o)
                0x0000000000007c74                rf_core_boot
 .text.rf_core_restart_rat
                0x0000000000007c90       0x18 contiki-srf06-cc26xx.a(rf-core.o)
                0x0000000000007c90                rf_core_restart_rat
 .text.rf_core_setup_interrupts
                0x0000000000007ca8       0x70 contiki-srf06-cc26xx.a(rf-core.o)
                0x0000000000007ca8                rf_core_setup_interrupts
 .text.rf_core_cmd_done_en
                0x0000000000007d18       0x28 contiki-srf06-cc26xx.a(rf-core.o)
                0x0000000000007d18                rf_core_cmd_done_en
 .text.rf_core_cmd_done_dis
                0x0000000000007d40       0x18 contiki-srf06-cc26xx.a(rf-core.o)
                0x0000000000007d40                rf_core_cmd_done_dis
 .text.rf_core_get_last_radio_op
                0x0000000000007d58        0xc contiki-srf06-cc26xx.a(rf-core.o)
                0x0000000000007d58                rf_core_get_last_radio_op
 .text.rf_core_init_radio_op
                0x0000000000007d64       0x1c contiki-srf06-cc26xx.a(rf-core.o)
                0x0000000000007d64                rf_core_init_radio_op
 .text.rf_core_primary_mode_register
                0x0000000000007d80        0xc contiki-srf06-cc26xx.a(rf-core.o)
                0x0000000000007d80                rf_core_primary_mode_register
 .text.RFCCPE1IntHandler
                0x0000000000007d8c       0x28 contiki-srf06-cc26xx.a(rf-core.o)
                0x0000000000007d8c                RFCCPE1IntHandler
 .text.RFCCPE0IntHandler
                0x0000000000007db4       0x5c contiki-srf06-cc26xx.a(rf-core.o)
                0x0000000000007db4                RFCCPE0IntHandler
 .text.rf_ble_is_active
                0x0000000000007e10        0xc contiki-srf06-cc26xx.a(rf-ble.o)
                0x0000000000007e10                rf_ble_is_active
 .text.memb_init
                0x0000000000007e1c       0x24 contiki-srf06-cc26xx.a(memb.o)
                0x0000000000007e1c                memb_init
 .text.memb_alloc
                0x0000000000007e40       0x38 contiki-srf06-cc26xx.a(memb.o)
                0x0000000000007e40                memb_alloc
 .text.memb_free
                0x0000000000007e78       0x3c contiki-srf06-cc26xx.a(memb.o)
                0x0000000000007e78                memb_free
 .text.memb_inmemb
                0x0000000000007eb4       0x1c contiki-srf06-cc26xx.a(memb.o)
                0x0000000000007eb4                memb_inmemb
 .text.abc_open
                0x0000000000007ed0       0x20 contiki-srf06-cc26xx.a(abc.o)
                0x0000000000007ed0                abc_open
 .text.abc_close
                0x0000000000007ef0        0x4 contiki-srf06-cc26xx.a(abc.o)
                0x0000000000007ef0                abc_close
 .text.abc_send
                0x0000000000007ef4        0x4 contiki-srf06-cc26xx.a(abc.o)
                0x0000000000007ef4                abc_send
 .text.abc_input
                0x0000000000007ef8        0xc contiki-srf06-cc26xx.a(abc.o)
                0x0000000000007ef8                abc_input
 .text.abc_sent
                0x0000000000007f04        0xc contiki-srf06-cc26xx.a(abc.o)
                0x0000000000007f04                abc_sent
 .text.announcement_init
                0x0000000000007f10        0xc contiki-srf06-cc26xx.a(announcement.o)
                0x0000000000007f10                announcement_init
 .text.announcement_register_observer_callback
                0x0000000000007f1c        0xc contiki-srf06-cc26xx.a(announcement.o)
                0x0000000000007f1c                announcement_register_observer_callback
 .text.announcement_list
                0x0000000000007f28        0xc contiki-srf06-cc26xx.a(announcement.o)
                0x0000000000007f28                announcement_list
 .text.announcement_heard
                0x0000000000007f34       0x3c contiki-srf06-cc26xx.a(announcement.o)
                0x0000000000007f34                announcement_heard
 .text.adv_packet_sent
                0x0000000000007f70        0x4 contiki-srf06-cc26xx.a(broadcast-annou)
 .text.set_timers
                0x0000000000007f74       0x40 contiki-srf06-cc26xx.a(broadcast-annou)
 .text.send_timer
                0x0000000000007fb4       0x18 contiki-srf06-cc26xx.a(broadcast-annou)
 .text.send_adv
                0x0000000000007fcc       0x58 contiki-srf06-cc26xx.a(broadcast-annou)
 .text.adv_packet_received
                0x0000000000008024       0x40 contiki-srf06-cc26xx.a(broadcast-annou)
 .text.new_announcement
                0x0000000000008064       0x18 contiki-srf06-cc26xx.a(broadcast-annou)
 .text.broadcast_announcement_init
                0x000000000000807c       0x30 contiki-srf06-cc26xx.a(broadcast-annou)
                0x000000000000807c                broadcast_announcement_init
 .text.chameleon_init
                0x00000000000080ac        0x4 contiki-srf06-cc26xx.a(chameleon.o)
                0x00000000000080ac                chameleon_init
 .text.chameleon_parse
                0x00000000000080b0       0x1c contiki-srf06-cc26xx.a(chameleon.o)
                0x00000000000080b0                chameleon_parse
 .text.chameleon_create
                0x00000000000080cc       0x20 contiki-srf06-cc26xx.a(chameleon.o)
                0x00000000000080cc                chameleon_create
 .text.chameleon_hdrsize
                0x00000000000080ec        0xc contiki-srf06-cc26xx.a(chameleon.o)
                0x00000000000080ec                chameleon_hdrsize
 .text.NOROM_AONBatMonTemperatureGetDegC
                0x00000000000080f8       0x30 contiki-srf06-cc26xx.a(aon_batmon.o)
                0x00000000000080f8                NOROM_AONBatMonTemperatureGetDegC
 .text.parse    0x0000000000008128       0xa8 contiki-srf06-cc26xx.a(framer-802154.o)
 .text.create_frame.isra.0
                0x00000000000081d0      0x148 contiki-srf06-cc26xx.a(framer-802154.o)
 .text.create   0x0000000000008318        0x8 contiki-srf06-cc26xx.a(framer-802154.o)
 .text.hdr_length
                0x0000000000008320        0x8 contiki-srf06-cc26xx.a(framer-802154.o)
 .text.mac_sequence_is_duplicate
                0x0000000000008328       0x50 contiki-srf06-cc26xx.a(mac-sequence.o)
                0x0000000000008328                mac_sequence_is_duplicate
 .text.mac_sequence_register_seqno
                0x0000000000008378       0x6c contiki-srf06-cc26xx.a(mac-sequence.o)
                0x0000000000008378                mac_sequence_register_seqno
 .text.header_size
                0x00000000000083e4       0x18 contiki-srf06-cc26xx.a(chameleon-bitop)
 .text.get_bits
                0x00000000000083fc       0xa8 contiki-srf06-cc26xx.a(chameleon-bitop)
                0x00000000000083fc                get_bits
 .text.unpack_header
                0x00000000000084a4       0xa4 contiki-srf06-cc26xx.a(chameleon-bitop)
 .text.set_bits
                0x0000000000008548       0xd4 contiki-srf06-cc26xx.a(chameleon-bitop)
                0x0000000000008548                set_bits
 .text.pack_header
                0x000000000000861c       0xa0 contiki-srf06-cc26xx.a(chameleon-bitop)
 .text.frame802154_get_pan_id
                0x00000000000086bc        0xc contiki-srf06-cc26xx.a(frame802154.o)
                0x00000000000086bc                frame802154_get_pan_id
 .text.frame802154_has_panid
                0x00000000000086c8       0xdc contiki-srf06-cc26xx.a(frame802154.o)
                0x00000000000086c8                frame802154_has_panid
 .text.field_len
                0x00000000000087a4       0x88 contiki-srf06-cc26xx.a(frame802154.o)
 .text.frame802154_is_broadcast_addr
                0x000000000000882c       0x24 contiki-srf06-cc26xx.a(frame802154.o)
                0x000000000000882c                frame802154_is_broadcast_addr
 .text.frame802154_hdrlen
                0x0000000000008850       0x34 contiki-srf06-cc26xx.a(frame802154.o)
                0x0000000000008850                frame802154_hdrlen
 .text.frame802154_create_fcf
                0x0000000000008884       0x64 contiki-srf06-cc26xx.a(frame802154.o)
                0x0000000000008884                frame802154_create_fcf
 .text.frame802154_create
                0x00000000000088e8       0xa8 contiki-srf06-cc26xx.a(frame802154.o)
                0x00000000000088e8                frame802154_create
 .text.frame802154_parse_fcf
                0x0000000000008990       0x44 contiki-srf06-cc26xx.a(frame802154.o)
                0x0000000000008990                frame802154_parse_fcf
 .text.frame802154_parse
                0x00000000000089d4      0x134 contiki-srf06-cc26xx.a(frame802154.o)
                0x00000000000089d4                frame802154_parse
 .text.exp2     0x0000000000008b08       0x10 /usr/local/Cellar/arm-none-eabi-gcc/9-2019-q4-major/gcc/bin/../lib/gcc/arm-none-eabi/9.2.1/../../../../arm-none-eabi/lib/thumb/v7-m/nofp/libm.a(lib_a-w_exp2.o)
                0x0000000000008b08                exp2
 .text.pow      0x0000000000008b18      0x33c /usr/local/Cellar/arm-none-eabi-gcc/9-2019-q4-major/gcc/bin/../lib/gcc/arm-none-eabi/9.2.1/../../../../arm-none-eabi/lib/thumb/v7-m/nofp/libm.a(lib_a-w_pow.o)
                0x0000000000008b18                pow
 .text.__ieee754_sqrt
                0x0000000000008e54      0x188 /usr/local/Cellar/arm-none-eabi-gcc/9-2019-q4-major/gcc/bin/../lib/gcc/arm-none-eabi/9.2.1/../../../../arm-none-eabi/lib/thumb/v7-m/nofp/libm.a(lib_a-e_sqrt.o)
                0x0000000000008e54                __ieee754_sqrt
 .text.fabs     0x0000000000008fdc        0x8 /usr/local/Cellar/arm-none-eabi-gcc/9-2019-q4-major/gcc/bin/../lib/gcc/arm-none-eabi/9.2.1/../../../../arm-none-eabi/lib/thumb/v7-m/nofp/libm.a(lib_a-s_fabs.o)
                0x0000000000008fdc                fabs
 .text.finite   0x0000000000008fe4        0xc /usr/local/Cellar/arm-none-eabi-gcc/9-2019-q4-major/gcc/bin/../lib/gcc/arm-none-eabi/9.2.1/../../../../arm-none-eabi/lib/thumb/v7-m/nofp/libm.a(lib_a-s_finite.o)
                0x0000000000008fe4                finite
 .text.matherr  0x0000000000008ff0        0x4 /usr/local/Cellar/arm-none-eabi-gcc/9-2019-q4-major/gcc/bin/../lib/gcc/arm-none-eabi/9.2.1/../../../../arm-none-eabi/lib/thumb/v7-m/nofp/libm.a(lib_a-s_matherr.o)
                0x0000000000008ff0                matherr
 .text.nan      0x0000000000008ff4        0xc /usr/local/Cellar/arm-none-eabi-gcc/9-2019-q4-major/gcc/bin/../lib/gcc/arm-none-eabi/9.2.1/../../../../arm-none-eabi/lib/thumb/v7-m/nofp/libm.a(lib_a-s_nan.o)
                0x0000000000008ff4                nan
 .text.rint     0x0000000000009000      0x120 /usr/local/Cellar/arm-none-eabi-gcc/9-2019-q4-major/gcc/bin/../lib/gcc/arm-none-eabi/9.2.1/../../../../arm-none-eabi/lib/thumb/v7-m/nofp/libm.a(lib_a-s_rint.o)
                0x0000000000009000                rint
 .text          0x0000000000009120      0x168 /usr/local/Cellar/arm-none-eabi-gcc/9-2019-q4-major/gcc/bin/../lib/gcc/arm-none-eabi/9.2.1/thumb/v7-m/nofp/libgcc.a(_arm_mulsf3.o)
                0x0000000000009120                __mulsf3
                0x0000000000009120                __aeabi_fmul
 .text          0x0000000000009288      0x378 /usr/local/Cellar/arm-none-eabi-gcc/9-2019-q4-major/gcc/bin/../lib/gcc/arm-none-eabi/9.2.1/thumb/v7-m/nofp/libgcc.a(_arm_addsubdf3.o)
                0x0000000000009288                __aeabi_drsub
                0x0000000000009290                __subdf3
                0x0000000000009290                __aeabi_dsub
                0x0000000000009294                __aeabi_dadd
                0x0000000000009294                __adddf3
                0x000000000000950c                __aeabi_ui2d
                0x000000000000950c                __floatunsidf
                0x000000000000952c                __floatsidf
                0x000000000000952c                __aeabi_i2d
                0x0000000000009550                __extendsfdf2
                0x0000000000009550                __aeabi_f2d
                0x0000000000009594                __aeabi_ul2d
                0x0000000000009594                __floatundidf
                0x00000000000095a4                __aeabi_l2d
                0x00000000000095a4                __floatdidf
 .text          0x0000000000009600      0x424 /usr/local/Cellar/arm-none-eabi-gcc/9-2019-q4-major/gcc/bin/../lib/gcc/arm-none-eabi/9.2.1/thumb/v7-m/nofp/libgcc.a(_arm_muldivdf3.o)
                0x0000000000009600                __aeabi_dmul
                0x0000000000009600                __muldf3
                0x0000000000009854                __aeabi_ddiv
                0x0000000000009854                __divdf3
 .text          0x0000000000009a24      0x110 /usr/local/Cellar/arm-none-eabi-gcc/9-2019-q4-major/gcc/bin/../lib/gcc/arm-none-eabi/9.2.1/thumb/v7-m/nofp/libgcc.a(_arm_cmpdf2.o)
                0x0000000000009a24                __gedf2
                0x0000000000009a24                __gtdf2
                0x0000000000009a2c                __ledf2
                0x0000000000009a2c                __ltdf2
                0x0000000000009a34                __cmpdf2
                0x0000000000009a34                __eqdf2
                0x0000000000009a34                __nedf2
                0x0000000000009ab0                __aeabi_cdrcmple
                0x0000000000009ac0                __aeabi_cdcmple
                0x0000000000009ac0                __aeabi_cdcmpeq
                0x0000000000009ad0                __aeabi_dcmpeq
                0x0000000000009ae4                __aeabi_dcmplt
                0x0000000000009af8                __aeabi_dcmple
                0x0000000000009b0c                __aeabi_dcmpge
                0x0000000000009b20                __aeabi_dcmpgt
 .text          0x0000000000009b34       0x2c /usr/local/Cellar/arm-none-eabi-gcc/9-2019-q4-major/gcc/bin/../lib/gcc/arm-none-eabi/9.2.1/thumb/v7-m/nofp/libgcc.a(_arm_unorddf2.o)
                0x0000000000009b34                __aeabi_dcmpun
                0x0000000000009b34                __unorddf2
 .text          0x0000000000009b60       0xa0 /usr/local/Cellar/arm-none-eabi-gcc/9-2019-q4-major/gcc/bin/../lib/gcc/arm-none-eabi/9.2.1/thumb/v7-m/nofp/libgcc.a(_arm_truncdfsf2.o)
                0x0000000000009b60                __aeabi_d2f
                0x0000000000009b60                __truncdfsf2
 .text          0x0000000000009c00      0x21c /usr/local/Cellar/arm-none-eabi-gcc/9-2019-q4-major/gcc/bin/../lib/gcc/arm-none-eabi/9.2.1/thumb/v7-m/nofp/libgcc.a(_arm_addsubsf3.o)
                0x0000000000009c00                __aeabi_frsub
                0x0000000000009c08                __aeabi_fsub
                0x0000000000009c08                __subsf3
                0x0000000000009c0c                __aeabi_fadd
                0x0000000000009c0c                __addsf3
                0x0000000000009d6c                __aeabi_ui2f
                0x0000000000009d6c                __floatunsisf
                0x0000000000009d74                __floatsisf
                0x0000000000009d74                __aeabi_i2f
                0x0000000000009d90                __aeabi_ul2f
                0x0000000000009d90                __floatundisf
                0x0000000000009da0                __aeabi_l2f
                0x0000000000009da0                __floatdisf
 .text          0x0000000000009e1c       0x4c /usr/local/Cellar/arm-none-eabi-gcc/9-2019-q4-major/gcc/bin/../lib/gcc/arm-none-eabi/9.2.1/thumb/v7-m/nofp/libgcc.a(_arm_fixsfsi.o)
                0x0000000000009e1c                __fixsfsi
                0x0000000000009e1c                __aeabi_f2iz
 .text          0x0000000000009e68       0x30 /usr/local/Cellar/arm-none-eabi-gcc/9-2019-q4-major/gcc/bin/../lib/gcc/arm-none-eabi/9.2.1/thumb/v7-m/nofp/libgcc.a(_aeabi_uldivmod.o)
                0x0000000000009e68                __aeabi_uldivmod
 .text          0x0000000000009e98      0x2c4 /usr/local/Cellar/arm-none-eabi-gcc/9-2019-q4-major/gcc/bin/../lib/gcc/arm-none-eabi/9.2.1/thumb/v7-m/nofp/libgcc.a(_udivmoddi4.o)
                0x0000000000009e98                __udivmoddi4
 .text          0x000000000000a15c        0x4 /usr/local/Cellar/arm-none-eabi-gcc/9-2019-q4-major/gcc/bin/../lib/gcc/arm-none-eabi/9.2.1/thumb/v7-m/nofp/libgcc.a(_dvmd_tls.o)
                0x000000000000a15c                __aeabi_ldiv0
                0x000000000000a15c                __aeabi_idiv0
 .text.__errno  0x000000000000a160        0xc /usr/local/Cellar/arm-none-eabi-gcc/9-2019-q4-major/gcc/bin/../lib/gcc/arm-none-eabi/9.2.1/../../../../arm-none-eabi/lib/thumb/v7-m/nofp/libc.a(lib_a-errno.o)
                0x000000000000a160                __errno
 .text          0x000000000000a16c       0xec /usr/local/Cellar/arm-none-eabi-gcc/9-2019-q4-major/gcc/bin/../lib/gcc/arm-none-eabi/9.2.1/../../../../arm-none-eabi/lib/thumb/v7-m/nofp/libc.a(lib_a-memcpy.o)
                0x000000000000a16c                memcpy
 .text.memset   0x000000000000a258       0xa0 /usr/local/Cellar/arm-none-eabi-gcc/9-2019-q4-major/gcc/bin/../lib/gcc/arm-none-eabi/9.2.1/../../../../arm-none-eabi/lib/thumb/v7-m/nofp/libc.a(lib_a-memset.o)
                0x000000000000a258                memset
 .text.strlen   0x000000000000a2f8       0x5c /usr/local/Cellar/arm-none-eabi-gcc/9-2019-q4-major/gcc/bin/../lib/gcc/arm-none-eabi/9.2.1/../../../../arm-none-eabi/lib/thumb/v7-m/nofp/libc.a(lib_a-strlen-stub.o)
                0x000000000000a2f8                strlen
 *(SORT_BY_ALIGNMENT(.rodata*))
 *fill*         0x000000000000a354        0x4 00000000
 .rodata.TWO52  0x000000000000a358       0x10 /usr/local/Cellar/arm-none-eabi-gcc/9-2019-q4-major/gcc/bin/../lib/gcc/arm-none-eabi/9.2.1/../../../../arm-none-eabi/lib/thumb/v7-m/nofp/libm.a(lib_a-s_rint.o)
 .rodata.broadcast_recv.str1.4
                0x000000000000a368       0x17 nbr_discovery.co
 *fill*         0x000000000000a37f        0x1 00000000
 .rodata.process_thread_cc2650_nbr_discovery_process.str1.4
                0x000000000000a380       0x4d nbr_discovery.co
 *fill*         0x000000000000a3cd        0x3 00000000
 .rodata.str1.4
                0x000000000000a3d0       0x23 nbr_discovery.co
 *fill*         0x000000000000a3f3        0x1 00000000
 .rodata.autostart_processes
                0x000000000000a3f4        0x8 nbr_discovery.co
                0x000000000000a3f4                autostart_processes
 .rodata.broadcast_call
                0x000000000000a3fc        0x8 nbr_discovery.co
 .rodata.main.str1.4
                0x000000000000a404       0xf2 contiki-srf06-cc26xx.a(contiki-main.o)
 *fill*         0x000000000000a4f6        0x2 00000000
 .rodata.str1.4
                0x000000000000a4f8        0x8 contiki-srf06-cc26xx.a(sensors.o)
 .rodata.str1.4
                0x000000000000a500        0x7 contiki-srf06-cc26xx.a(bmp-280-sensor.)
 *fill*         0x000000000000a507        0x1 00000000
 .rodata.bmp_280_sensor
                0x000000000000a508       0x10 contiki-srf06-cc26xx.a(bmp-280-sensor.)
                0x000000000000a508                bmp_280_sensor
 .rodata.str1.4
                0x000000000000a518        0x7 contiki-srf06-cc26xx.a(tmp-007-sensor.)
 *fill*         0x000000000000a51f        0x1 00000000
 .rodata.tmp_007_sensor
                0x000000000000a520       0x10 contiki-srf06-cc26xx.a(tmp-007-sensor.)
                0x000000000000a520                tmp_007_sensor
 .rodata.str1.4
                0x000000000000a530        0x8 contiki-srf06-cc26xx.a(opt-3001-sensor)
 .rodata.opt_3001_sensor
                0x000000000000a538       0x10 contiki-srf06-cc26xx.a(opt-3001-sensor)
                0x000000000000a538                opt_3001_sensor
 .rodata.str1.4
                0x000000000000a548        0x8 contiki-srf06-cc26xx.a(hdc-1000-sensor)
 .rodata.hdc_1000_sensor
                0x000000000000a550       0x10 contiki-srf06-cc26xx.a(hdc-1000-sensor)
                0x000000000000a550                hdc_1000_sensor
 .rodata.str1.4
                0x000000000000a560        0x8 contiki-srf06-cc26xx.a(mpu-9250-sensor)
 .rodata.mpu_9250_sensor
                0x000000000000a568       0x10 contiki-srf06-cc26xx.a(mpu-9250-sensor)
                0x000000000000a568                mpu_9250_sensor
 .rodata.str1.4
                0x000000000000a578        0x7 contiki-srf06-cc26xx.a(button-sensor.o)
 *fill*         0x000000000000a57f        0x1 00000000
 .rodata.button_left_sensor
                0x000000000000a580       0x10 contiki-srf06-cc26xx.a(button-sensor.o)
                0x000000000000a580                button_left_sensor
 .rodata.button_right_sensor
                0x000000000000a590       0x10 contiki-srf06-cc26xx.a(button-sensor.o)
                0x000000000000a590                button_right_sensor
 .rodata.str1.4
                0x000000000000a5a0        0x5 contiki-srf06-cc26xx.a(reed-relay.o)
 *fill*         0x000000000000a5a5        0x3 00000000
 .rodata.reed_relay_sensor
                0x000000000000a5a8       0x10 contiki-srf06-cc26xx.a(reed-relay.o)
                0x000000000000a5a8                reed_relay_sensor
 .rodata.ieee_mode_driver
                0x000000000000a5b8       0x38 contiki-srf06-cc26xx.a(ieee-mode.o)
                0x000000000000a5b8                ieee_mode_driver
 .rodata.mode_ieee
                0x000000000000a5f0        0x8 contiki-srf06-cc26xx.a(ieee-mode.o)
 .rodata.output_power
                0x000000000000a5f8       0x68 contiki-srf06-cc26xx.a(ieee-mode.o)
 .rodata.str1.4
                0x000000000000a660       0x1b contiki-srf06-cc26xx.a(soc-trng.o)
 *fill*         0x000000000000a67b        0x1 00000000
 .rodata.format_str_v.str1.4
                0x000000000000a67c       0x46 contiki-srf06-cc26xx.a(strformat.o)
 *fill*         0x000000000000a6c2        0x2 00000000
 .rodata.buffer.4043
                0x000000000000a6c4       0x10 contiki-srf06-cc26xx.a(strformat.o)
 .rodata.buffer.4052
                0x000000000000a6d4       0x10 contiki-srf06-cc26xx.a(strformat.o)
 .rodata.str1.4
                0x000000000000a6e4        0xf contiki-srf06-cc26xx.a(ctimer.o)
 *fill*         0x000000000000a6f3        0x1 00000000
 .rodata.str1.4
                0x000000000000a6f4        0xc contiki-srf06-cc26xx.a(etimer.o)
 .rodata.str1.4
                0x000000000000a700        0xe contiki-srf06-cc26xx.a(serial-line.o)
 *fill*         0x000000000000a70e        0x2 00000000
 .rodata.attributes
                0x000000000000a710        0x4 contiki-srf06-cc26xx.a(broadcast.o)
 .rodata.broadcast
                0x000000000000a714        0x8 contiki-srf06-cc26xx.a(broadcast.o)
 .rodata.str1.4
                0x000000000000a71c        0x5 contiki-srf06-cc26xx.a(rime.o)
 *fill*         0x000000000000a721        0x3 00000000
 .rodata.rime_driver
                0x000000000000a724        0xc contiki-srf06-cc26xx.a(rime.o)
                0x000000000000a724                rime_driver
 .rodata.linkaddr_null
                0x000000000000a730        0x2 contiki-srf06-cc26xx.a(linkaddr.o)
                0x000000000000a730                linkaddr_null
 *fill*         0x000000000000a732        0x2 00000000
 .rodata.str1.4
                0x000000000000a734        0x5 contiki-srf06-cc26xx.a(csma.o)
 *fill*         0x000000000000a739        0x3 00000000
 .rodata.csma_driver
                0x000000000000a73c       0x1c contiki-srf06-cc26xx.a(csma.o)
                0x000000000000a73c                csma_driver
 .rodata.str1.4
                0x000000000000a758        0x8 contiki-srf06-cc26xx.a(nullrdc.o)
 .rodata.nullrdc_driver
                0x000000000000a760       0x20 contiki-srf06-cc26xx.a(nullrdc.o)
                0x000000000000a760                nullrdc_driver
 .rodata.str1.4
                0x000000000000a780        0x8 contiki-srf06-cc26xx.a(nullsec.o)
 .rodata.nullsec_driver
                0x000000000000a788       0x10 contiki-srf06-cc26xx.a(nullsec.o)
                0x000000000000a788                nullsec_driver
 .rodata.RFCCPE0IntHandler.str1.4
                0x000000000000a798       0x2a contiki-srf06-cc26xx.a(rf-core.o)
 *fill*         0x000000000000a7c2        0x2 00000000
 .rodata.str1.4
                0x000000000000a7c4       0x1a contiki-srf06-cc26xx.a(rf-core.o)
 *fill*         0x000000000000a7de        0x2 00000000
 .rodata.attributes
                0x000000000000a7e0        0x2 contiki-srf06-cc26xx.a(abc.o)
 *fill*         0x000000000000a7e2        0x2 00000000
 .rodata.broadcast_callbacks
                0x000000000000a7e4        0x8 contiki-srf06-cc26xx.a(broadcast-annou)
 .rodata.framer_802154
                0x000000000000a7ec        0xc contiki-srf06-cc26xx.a(framer-802154.o)
                0x000000000000a7ec                framer_802154
 .rodata.bitmask
                0x000000000000a7f8        0x9 contiki-srf06-cc26xx.a(chameleon-bitop)
 *fill*         0x000000000000a801        0x3 00000000
 .rodata.chameleon_bitopt
                0x000000000000a804        0xc contiki-srf06-cc26xx.a(chameleon-bitop)
                0x000000000000a804                chameleon_bitopt
 .rodata.pow.str1.4
                0x000000000000a810        0x4 /usr/local/Cellar/arm-none-eabi-gcc/9-2019-q4-major/gcc/bin/../lib/gcc/arm-none-eabi/9.2.1/../../../../arm-none-eabi/lib/thumb/v7-m/nofp/libm.a(lib_a-w_pow.o)
 .rodata.__ieee754_pow.str1.4
                0x000000000000a814        0x4 /usr/local/Cellar/arm-none-eabi-gcc/9-2019-q4-major/gcc/bin/../lib/gcc/arm-none-eabi/9.2.1/../../../../arm-none-eabi/lib/thumb/v7-m/nofp/libm.a(lib_a-e_pow.o)
                                          0x1 (size before relaxing)
                0x000000000000a814                _etext = .

.glue_7         0x000000000000a814        0x0
 .glue_7        0x000000000000a814        0x0 linker stubs

.glue_7t        0x000000000000a814        0x0
 .glue_7t       0x000000000000a814        0x0 linker stubs

.vfp11_veneer   0x000000000000a814        0x0
 .vfp11_veneer  0x000000000000a814        0x0 linker stubs

.v4_bx          0x000000000000a814        0x0
 .v4_bx         0x000000000000a814        0x0 linker stubs

.iplt           0x000000000000a814        0x0
 .iplt          0x000000000000a814        0x0 obj_srf06-cc26xx/startup_gcc.o

.data           0x0000000020000000      0x5a1 load address 0x000000000000a814
                0x0000000020000000                _data = .
 *(SORT_BY_ALIGNMENT(vtable))
 *(SORT_BY_ALIGNMENT(.data*))
 .data.impure_data
                0x0000000020000000      0x428 /usr/local/Cellar/arm-none-eabi-gcc/9-2019-q4-major/gcc/bin/../lib/gcc/arm-none-eabi/9.2.1/../../../../arm-none-eabi/lib/thumb/v7-m/nofp/libc.a(lib_a-impure.o)
 .data.cc2650_nbr_discovery_process
                0x0000000020000428       0x10 nbr_discovery.co
                0x0000000020000428                cc2650_nbr_discovery_process
 .data.curr_slot_index
                0x0000000020000438        0x4 nbr_discovery.co
 .data.sensors_process
                0x000000002000043c       0x10 contiki-srf06-cc26xx.a(sensors.o)
                0x000000002000043c                sensors_process
 .data.sensors  0x000000002000044c       0x24 contiki-srf06-cc26xx.a(sensortag-senso)
                0x000000002000044c                sensors
 .data.sensortag_module
                0x0000000020000470       0x14 contiki-srf06-cc26xx.a(board.o)
 .data.uart_module
                0x0000000020000484       0x14 contiki-srf06-cc26xx.a(cc26xx-uart.o)
 .data.cc26xx_rf_lpm_module
                0x0000000020000498       0x14 contiki-srf06-cc26xx.a(ieee-mode.o)
 .data.ieee_overrides
                0x00000000200004ac       0x2c contiki-srf06-cc26xx.a(ieee-mode.o)
 .data.tx_power_current
                0x00000000200004d8        0x4 contiki-srf06-cc26xx.a(ieee-mode.o)
                0x00000000200004d8                tx_power_current
 .data.rng_module
                0x00000000200004dc       0x14 contiki-srf06-cc26xx.a(soc-trng.o)
 .data.soc_trng_process
                0x00000000200004f0       0x10 contiki-srf06-cc26xx.a(soc-trng.o)
                0x00000000200004f0                soc_trng_process
 .data.ctxt     0x0000000020000500        0x8 contiki-srf06-cc26xx.a(dbg-printf.o)
 .data.ctimer_process
                0x0000000020000508       0x10 contiki-srf06-cc26xx.a(ctimer.o)
                0x0000000020000508                ctimer_process
 .data.etimer_process
                0x0000000020000518       0x10 contiki-srf06-cc26xx.a(etimer.o)
                0x0000000020000518                etimer_process
 .data.serial_line_process
                0x0000000020000528       0x10 contiki-srf06-cc26xx.a(serial-line.o)
                0x0000000020000528                serial_line_process
 .data.bufmem   0x0000000020000538        0xc contiki-srf06-cc26xx.a(queuebuf.o)
 .data.buframmem
                0x0000000020000544        0xc contiki-srf06-cc26xx.a(queuebuf.o)
 .data.metadata_memb
                0x0000000020000550        0xc contiki-srf06-cc26xx.a(csma.o)
 .data.neighbor_memb
                0x000000002000055c        0xc contiki-srf06-cc26xx.a(csma.o)
 .data.packet_memb
                0x0000000020000568        0xc contiki-srf06-cc26xx.a(csma.o)
 .data.buzzer_module
                0x0000000020000574       0x14 contiki-srf06-cc26xx.a(buzzer.o)
 .data.rf_core_process
                0x0000000020000588       0x10 contiki-srf06-cc26xx.a(rf-core.o)
                0x0000000020000588                rf_core_process
 .data._impure_ptr
                0x0000000020000598        0x4 /usr/local/Cellar/arm-none-eabi-gcc/9-2019-q4-major/gcc/bin/../lib/gcc/arm-none-eabi/9.2.1/../../../../arm-none-eabi/lib/thumb/v7-m/nofp/libc.a(lib_a-impure.o)
                0x0000000020000598                _impure_ptr
 .data.mac_pan_id
                0x000000002000059c        0x2 contiki-srf06-cc26xx.a(frame802154.o)
 .data.interface
                0x000000002000059e        0x1 contiki-srf06-cc26xx.a(board-i2c.o)
 .data.rng_ready_event
                0x000000002000059f        0x1 contiki-srf06-cc26xx.a(soc-trng.o)
 .data.__fdlib_version
                0x00000000200005a0        0x1 /usr/local/Cellar/arm-none-eabi-gcc/9-2019-q4-major/gcc/bin/../lib/gcc/arm-none-eabi/9.2.1/../../../../arm-none-eabi/lib/thumb/v7-m/nofp/libm.a(lib_a-s_lib_ver.o)
                0x00000000200005a0                __fdlib_version
                0x00000000200005a1                _edata = .

.igot.plt       0x00000000200005a4        0x0 load address 0x000000000000adb5
 .igot.plt      0x00000000200005a4        0x0 obj_srf06-cc26xx/startup_gcc.o

.ARM.exidx      0x000000000000adb8        0x8
 *(SORT_BY_ALIGNMENT(.ARM.exidx*))
 .ARM.exidx     0x000000000000adb8        0x8 /usr/local/Cellar/arm-none-eabi-gcc/9-2019-q4-major/gcc/bin/../lib/gcc/arm-none-eabi/9.2.1/thumb/v7-m/nofp/libgcc.a(_udivmoddi4.o)

.bss            0x00000000200005a8     0x1292
                0x00000000200005a8                _bss = .
 *(SORT_BY_ALIGNMENT(.bss*))
 .bss.count     0x00000000200005a8        0x8 contiki-srf06-cc26xx.a(clock.o)
 .bss.rands_cache
                0x00000000200005b0       0x20 contiki-srf06-cc26xx.a(soc-trng.o)
 .bss.NumSleep.7161
                0x00000000200005d0        0x4 nbr_discovery.co
 .bss.broadcast
                0x00000000200005d4       0x18 nbr_discovery.co
 .bss.data_packet
                0x00000000200005ec        0xc nbr_discovery.co
 .bss.permutation_arr
                0x00000000200005f8       0x20 nbr_discovery.co
 .bss.permutation_arr_index
                0x0000000020000618        0x4 nbr_discovery.co
 .bss.pt        0x000000002000061c        0x2 nbr_discovery.co
 *fill*         0x000000002000061e        0x2 
 .bss.received_packet
                0x0000000020000620        0xc nbr_discovery.co
 .bss.rt        0x000000002000062c        0xc nbr_discovery.co
 .bss.events.4857
                0x0000000020000638        0x4 contiki-srf06-cc26xx.a(sensors.o)
 .bss.i.4856    0x000000002000063c        0x4 contiki-srf06-cc26xx.a(sensors.o)
 .bss.inited    0x0000000020000640        0x4 contiki-srf06-cc26xx.a(leds-arch.o)
 .bss.calibration_data
                0x0000000020000644       0x1c contiki-srf06-cc26xx.a(bmp-280-sensor.)
 .bss.enabled   0x0000000020000660        0x4 contiki-srf06-cc26xx.a(bmp-280-sensor.)
 .bss.sensor_value
                0x0000000020000664        0x6 contiki-srf06-cc26xx.a(bmp-280-sensor.)
 *fill*         0x000000002000066a        0x2 
 .bss.startup_timer
                0x000000002000066c       0x20 contiki-srf06-cc26xx.a(bmp-280-sensor.)
 .bss.amb_temp_latched
                0x000000002000068c        0x4 contiki-srf06-cc26xx.a(tmp-007-sensor.)
 .bss.buf       0x0000000020000690        0x4 contiki-srf06-cc26xx.a(tmp-007-sensor.)
 .bss.enabled   0x0000000020000694        0x4 contiki-srf06-cc26xx.a(tmp-007-sensor.)
 .bss.obj_temp_latched
                0x0000000020000698        0x4 contiki-srf06-cc26xx.a(tmp-007-sensor.)
 .bss.startup_timer
                0x000000002000069c       0x20 contiki-srf06-cc26xx.a(tmp-007-sensor.)
 .bss.startup_timer
                0x00000000200006bc       0x20 contiki-srf06-cc26xx.a(opt-3001-sensor)
 .bss.state     0x00000000200006dc        0x4 contiki-srf06-cc26xx.a(opt-3001-sensor)
 .bss.data      0x00000000200006e0        0x4 contiki-srf06-cc26xx.a(hdc-1000-sensor)
 .bss.enabled   0x00000000200006e4        0x4 contiki-srf06-cc26xx.a(hdc-1000-sensor)
 .bss.startup_timer
                0x00000000200006e8       0x20 contiki-srf06-cc26xx.a(hdc-1000-sensor)
 .bss.elements  0x0000000020000708        0x4 contiki-srf06-cc26xx.a(mpu-9250-sensor)
 .bss.sensor_value
                0x000000002000070c        0x6 contiki-srf06-cc26xx.a(mpu-9250-sensor)
 *fill*         0x0000000020000712        0x2 
 .bss.startup_timer
                0x0000000020000714       0x20 contiki-srf06-cc26xx.a(mpu-9250-sensor)
 .bss.state     0x0000000020000734        0x4 contiki-srf06-cc26xx.a(mpu-9250-sensor)
 .bss.left_timer
                0x0000000020000738       0x10 contiki-srf06-cc26xx.a(button-sensor.o)
 .bss.right_timer
                0x0000000020000748       0x10 contiki-srf06-cc26xx.a(button-sensor.o)
 .bss.debouncetimer
                0x0000000020000758        0x8 contiki-srf06-cc26xx.a(reed-relay.o)
 .bss.last_isr_time
                0x0000000020000760        0x4 contiki-srf06-cc26xx.a(soc-rtc.o)
 .bss.input_handler
                0x0000000020000764        0x4 contiki-srf06-cc26xx.a(cc26xx-uart.o)
 .bss.modules_list_list
                0x0000000020000768        0x4 contiki-srf06-cc26xx.a(lpm.o)
 .bss.handlers  0x000000002000076c       0x80 contiki-srf06-cc26xx.a(gpio-interrupt.)
 .bss.cmd_ieee_rx_buf
                0x00000000200007ec       0x80 contiki-srf06-cc26xx.a(ieee-mode.o)
 .bss.filter_cmd
                0x000000002000086c        0x8 contiki-srf06-cc26xx.a(ieee-mode.o)
 .bss.last_packet_timestamp
                0x0000000020000874        0x4 contiki-srf06-cc26xx.a(ieee-mode.o)
 .bss.last_rat_overflow
                0x0000000020000878        0x4 contiki-srf06-cc26xx.a(ieee-mode.o)
 .bss.last_value.8707
                0x000000002000087c        0x4 contiki-srf06-cc26xx.a(ieee-mode.o)
 .bss.rat_overflow_counter
                0x0000000020000880        0x4 contiki-srf06-cc26xx.a(ieee-mode.o)
 .bss.rat_overflow_timer
                0x0000000020000884       0x20 contiki-srf06-cc26xx.a(ieee-mode.o)
 .bss.rf_stats  0x00000000200008a4       0x10 contiki-srf06-cc26xx.a(ieee-mode.o)
 .bss.rx_buf_0  0x00000000200008b4       0x90 contiki-srf06-cc26xx.a(ieee-mode.o)
 .bss.rx_buf_1  0x0000000020000944       0x90 contiki-srf06-cc26xx.a(ieee-mode.o)
 .bss.rx_buf_2  0x00000000200009d4       0x90 contiki-srf06-cc26xx.a(ieee-mode.o)
 .bss.rx_buf_3  0x0000000020000a64       0x90 contiki-srf06-cc26xx.a(ieee-mode.o)
 .bss.rx_data_queue
                0x0000000020000af4        0x8 contiki-srf06-cc26xx.a(ieee-mode.o)
 .bss.rx_read_entry
                0x0000000020000afc        0x4 contiki-srf06-cc26xx.a(ieee-mode.o)
 .bss.tx_buf    0x0000000020000b00       0xb6 contiki-srf06-cc26xx.a(ieee-mode.o)
 *fill*         0x0000000020000bb6        0x2 
 .bss.notify_cb
                0x0000000020000bb8        0x4 contiki-srf06-cc26xx.a(soc-trng.o)
 .bss.rands_mask
                0x0000000020000bbc        0x4 contiki-srf06-cc26xx.a(soc-trng.o)
 .bss.ctimer_list_list
                0x0000000020000bc0        0x4 contiki-srf06-cc26xx.a(ctimer.o)
 .bss.next_expiration
                0x0000000020000bc4        0x4 contiki-srf06-cc26xx.a(etimer.o)
 .bss.timerlist
                0x0000000020000bc8        0x4 contiki-srf06-cc26xx.a(etimer.o)
 .bss.events    0x0000000020000bcc      0x180 contiki-srf06-cc26xx.a(process.o)
 .bss.process_current
                0x0000000020000d4c        0x4 contiki-srf06-cc26xx.a(process.o)
                0x0000000020000d4c                process_current
 .bss.process_list
                0x0000000020000d50        0x4 contiki-srf06-cc26xx.a(process.o)
                0x0000000020000d50                process_list
 .bss.next_rtimer
                0x0000000020000d54        0x4 contiki-srf06-cc26xx.a(rtimer.o)
 .bss.buf.4840  0x0000000020000d58       0x80 contiki-srf06-cc26xx.a(serial-line.o)
 .bss.ptr.4841  0x0000000020000dd8        0x4 contiki-srf06-cc26xx.a(serial-line.o)
 .bss.rxbuf     0x0000000020000ddc        0x8 contiki-srf06-cc26xx.a(serial-line.o)
 .bss.rxbuf_data
                0x0000000020000de4       0x80 contiki-srf06-cc26xx.a(serial-line.o)
 .bss.channel_list_list
                0x0000000020000e64        0x4 contiki-srf06-cc26xx.a(channel.o)
 .bss.sniffers_list
                0x0000000020000e68        0x4 contiki-srf06-cc26xx.a(rime.o)
 .bss.powerQualGlobals
                0x0000000020000e6c        0x8 contiki-srf06-cc26xx.a(sys_ctrl.o)
 .bss.packetbuf_aligned
                0x0000000020000e74       0x80 contiki-srf06-cc26xx.a(packetbuf.o)
 .bss.bufmem_memb_count
                0x0000000020000ef4        0x8 contiki-srf06-cc26xx.a(queuebuf.o)
 .bss.bufmem_memb_mem
                0x0000000020000efc       0x20 contiki-srf06-cc26xx.a(queuebuf.o)
 .bss.buframmem_memb_count
                0x0000000020000f1c        0x8 contiki-srf06-cc26xx.a(queuebuf.o)
 .bss.buframmem_memb_mem
                0x0000000020000f24      0x5f0 contiki-srf06-cc26xx.a(queuebuf.o)
 .bss.metadata_memb_memb_count
                0x0000000020001514        0x8 contiki-srf06-cc26xx.a(csma.o)
 .bss.metadata_memb_memb_mem
                0x000000002000151c       0x60 contiki-srf06-cc26xx.a(csma.o)
 .bss.neighbor_list_list
                0x000000002000157c        0x4 contiki-srf06-cc26xx.a(csma.o)
 .bss.neighbor_memb_memb_count
                0x0000000020001580        0x2 contiki-srf06-cc26xx.a(csma.o)
 *fill*         0x0000000020001582        0x2 
 .bss.neighbor_memb_memb_mem
                0x0000000020001584       0x68 contiki-srf06-cc26xx.a(csma.o)
 .bss.packet_memb_memb_count
                0x00000000200015ec        0x8 contiki-srf06-cc26xx.a(csma.o)
 .bss.packet_memb_memb_mem
                0x00000000200015f4       0x60 contiki-srf06-cc26xx.a(csma.o)
 .bss.buffer    0x0000000020001654       0x20 contiki-srf06-cc26xx.a(sensor-common.o)
 .bss.consumers_list_list
                0x0000000020001674        0x4 contiki-srf06-cc26xx.a(aux-ctrl.o)
 .bss.last_radio_op
                0x0000000020001678        0x4 contiki-srf06-cc26xx.a(rf-core.o)
 .bss.primary_mode
                0x000000002000167c        0x4 contiki-srf06-cc26xx.a(rf-core.o)
 .bss.rat_offset
                0x0000000020001680        0x4 contiki-srf06-cc26xx.a(rf-core.o)
                0x0000000020001680                rat_offset
 .bss.announcements_list
                0x0000000020001684        0x4 contiki-srf06-cc26xx.a(announcement.o)
 .bss.observer_callback
                0x0000000020001688        0x4 contiki-srf06-cc26xx.a(announcement.o)
 .bss.c         0x000000002000168c       0x6c contiki-srf06-cc26xx.a(broadcast-annou)
 .bss.received_seqnos
                0x00000000200016f8       0xc0 contiki-srf06-cc26xx.a(mac-sequence.o)
 .bss.i.7160    0x00000000200017b8        0x2 nbr_discovery.co
 .bss.node_id   0x00000000200017ba        0x2 contiki-srf06-cc26xx.a(contiki-main.o)
                0x00000000200017ba                node_id
 .bss.val       0x00000000200017bc        0x2 contiki-srf06-cc26xx.a(tmp-007-sensor.)
 .bss.raw_hum   0x00000000200017be        0x2 contiki-srf06-cc26xx.a(hdc-1000-sensor)
 .bss.raw_temp  0x00000000200017c0        0x2 contiki-srf06-cc26xx.a(hdc-1000-sensor)
 .bss.buflen    0x00000000200017c2        0x2 contiki-srf06-cc26xx.a(packetbuf.o)
 .bss.bufptr    0x00000000200017c4        0x2 contiki-srf06-cc26xx.a(packetbuf.o)
 .bss.seqno.6197
                0x00000000200017c6        0x2 contiki-srf06-cc26xx.a(csma.o)
 .bss.num_sensors
                0x00000000200017c8        0x1 contiki-srf06-cc26xx.a(sensors.o)
 .bss.leds      0x00000000200017c9        0x1 contiki-srf06-cc26xx.a(leds.o)
 .bss.c         0x00000000200017ca        0x1 contiki-srf06-cc26xx.a(leds-arch.o)
 .bss.success   0x00000000200017cb        0x1 contiki-srf06-cc26xx.a(hdc-1000-sensor)
 .bss.acc_range
                0x00000000200017cc        0x1 contiki-srf06-cc26xx.a(mpu-9250-sensor)
 .bss.acc_range_reg
                0x00000000200017cd        0x1 contiki-srf06-cc26xx.a(mpu-9250-sensor)
 .bss.interrupt_status
                0x00000000200017ce        0x1 contiki-srf06-cc26xx.a(mpu-9250-sensor)
 .bss.mpu_config
                0x00000000200017cf        0x1 contiki-srf06-cc26xx.a(mpu-9250-sensor)
 .bss.val       0x00000000200017d0        0x1 contiki-srf06-cc26xx.a(mpu-9250-sensor)
 .bss.slave_addr
                0x00000000200017d1        0x1 contiki-srf06-cc26xx.a(board-i2c.o)
 .bss.last_corr_lqi
                0x00000000200017d2        0x1 contiki-srf06-cc26xx.a(ieee-mode.o)
 .bss.last_rssi
                0x00000000200017d3        0x1 contiki-srf06-cc26xx.a(ieee-mode.o)
 .bss.poll_mode
                0x00000000200017d4        0x1 contiki-srf06-cc26xx.a(ieee-mode.o)
 .bss.initialized
                0x00000000200017d5        0x1 contiki-srf06-cc26xx.a(ctimer.o)
 .bss.fevent    0x00000000200017d6        0x1 contiki-srf06-cc26xx.a(process.o)
 .bss.lastevent
                0x00000000200017d7        0x1 contiki-srf06-cc26xx.a(process.o)
 .bss.nevents   0x00000000200017d8        0x1 contiki-srf06-cc26xx.a(process.o)
 .bss.poll_requested
                0x00000000200017d9        0x1 contiki-srf06-cc26xx.a(process.o)
 .bss.overflow.4834
                0x00000000200017da        0x1 contiki-srf06-cc26xx.a(serial-line.o)
 .bss.hdrlen    0x00000000200017db        0x1 contiki-srf06-cc26xx.a(packetbuf.o)
 .bss.initialized.6196
                0x00000000200017dc        0x1 contiki-srf06-cc26xx.a(csma.o)
 .bss.buzzer_on
                0x00000000200017dd        0x1 contiki-srf06-cc26xx.a(buzzer.o)
 .bss.rat_offset_known
                0x00000000200017de        0x1 contiki-srf06-cc26xx.a(rf-core.o)
 .bss.ble_mode_on
                0x00000000200017df        0x1 contiki-srf06-cc26xx.a(rf-ble.o)
 .bss.initialized
                0x00000000200017e0        0x1 contiki-srf06-cc26xx.a(framer-802154.o)
 .bss.mac_dsn   0x00000000200017e1        0x1 contiki-srf06-cc26xx.a(framer-802154.o)
 *(SORT_BY_ALIGNMENT(COMMON))
 *fill*         0x00000000200017e2        0x2 
 COMMON         0x00000000200017e4        0x4 nbr_discovery.co
                0x00000000200017e4                curr_timestamp
 COMMON         0x00000000200017e8        0x9 contiki-srf06-cc26xx.a(sensortag-senso)
                0x00000000200017e8                sensors_flags
 *fill*         0x00000000200017f1        0x3 
 COMMON         0x00000000200017f4        0x4 contiki-srf06-cc26xx.a(mpu-9250-sensor)
                0x00000000200017f4                t0
 COMMON         0x00000000200017f8        0x2 contiki-srf06-cc26xx.a(linkaddr.o)
                0x00000000200017f8                linkaddr_node_addr
 *fill*         0x00000000200017fa        0x2 
 COMMON         0x00000000200017fc       0x3c contiki-srf06-cc26xx.a(packetbuf.o)
                0x00000000200017fc                packetbuf_addrs
                0x0000000020001804                packetbuf_attrs
 COMMON         0x0000000020001838        0x1 contiki-srf06-cc26xx.a(sensors.o)
                0x0000000020001838                sensors_event
 COMMON         0x0000000020001839        0x1 contiki-srf06-cc26xx.a(serial-line.o)
                0x0000000020001839                serial_line_event_message
                0x000000002000183a                _ebss = .

.ccfg           0x000000000001ffa8       0x58
 *(SORT_BY_ALIGNMENT(.ccfg))
 .ccfg          0x000000000001ffa8       0x58 obj_srf06-cc26xx/ccfg.o
                0x000000000001ffa8                __ccfg

.rel.dyn        0x0000000000020000        0x0
 .rel.iplt      0x0000000000020000        0x0 obj_srf06-cc26xx/startup_gcc.o

._user_heap_stack
                0x000000002000183a      0x102
                0x000000002000183c                . = ALIGN (0x4)
 *fill*         0x000000002000183a        0x2 
                0x000000002000183c                . = (. + _Min_Heap_Size)
                0x000000002000193c                . = (. + _Min_Stack_Size)
 *fill*         0x000000002000183c      0x100 
                0x000000002000193c                . = ALIGN (0x4)

.gpram
OUTPUT(nbr_discovery.elf elf32-littlearm)

.comment        0x0000000000000000       0x79