Archive member included to satisfy reference by file (symbol)

contiki-srf06-cc26xx.a(contiki-main.o)
                              obj_srf06-cc26xx/startup_gcc.o (main)
contiki-srf06-cc26xx.a(sensors.o)
                              contiki-srf06-cc26xx.a(contiki-main.o) (sensors_process)
contiki-srf06-cc26xx.a(leds.o)
                              contiki-srf06-cc26xx.a(contiki-main.o) (leds_init)
contiki-srf06-cc26xx.a(leds-arch.o)
                              contiki-srf06-cc26xx.a(leds.o) (leds_arch_init)
contiki-srf06-cc26xx.a(sensortag-senso)
                              contiki-srf06-cc26xx.a(sensors.o) (sensors_flags)
contiki-srf06-cc26xx.a(bmp-280-sensor.)
                              contiki-srf06-cc26xx.a(sensortag-senso) (bmp_280_sensor)
contiki-srf06-cc26xx.a(tmp-007-sensor.)
                              contiki-srf06-cc26xx.a(sensortag-senso) (tmp_007_sensor)
contiki-srf06-cc26xx.a(opt-3001-sensor)
                              contiki-srf06-cc26xx.a(sensortag-senso) (opt_3001_sensor)
contiki-srf06-cc26xx.a(hdc-1000-sensor)
                              contiki-srf06-cc26xx.a(sensortag-senso) (hdc_1000_sensor)
contiki-srf06-cc26xx.a(mpu-9250-sensor)
                              contiki-srf06-cc26xx.a(sensortag-senso) (mpu_9250_sensor)
contiki-srf06-cc26xx.a(button-sensor.o)
                              contiki-srf06-cc26xx.a(sensortag-senso) (button_right_sensor)
contiki-srf06-cc26xx.a(reed-relay.o)
                              contiki-srf06-cc26xx.a(sensortag-senso) (reed_relay_sensor)
contiki-srf06-cc26xx.a(board.o)
                              contiki-srf06-cc26xx.a(contiki-main.o) (board_init)
contiki-srf06-cc26xx.a(board-i2c.o)
                              contiki-srf06-cc26xx.a(board.o) (board_i2c_wakeup)
contiki-srf06-cc26xx.a(clock.o)
                              contiki-srf06-cc26xx.a(contiki-main.o) (clock_init)
contiki-srf06-cc26xx.a(rtimer-arch.o)
                              nbr_discovery.co (rtimer_arch_now)
contiki-srf06-cc26xx.a(soc-rtc.o)
                              contiki-srf06-cc26xx.a(contiki-main.o) (soc_rtc_init)
contiki-srf06-cc26xx.a(contiki-watchdo)
                              contiki-srf06-cc26xx.a(contiki-main.o) (watchdog_init)
contiki-srf06-cc26xx.a(putchar.o)
                              nbr_discovery.co (putchar)
contiki-srf06-cc26xx.a(ieee-addr.o)
                              contiki-srf06-cc26xx.a(contiki-main.o) (ieee_addr_cpy_to)
contiki-srf06-cc26xx.a(cc26xx-uart.o)
                              contiki-srf06-cc26xx.a(contiki-main.o) (cc26xx_uart_init)
contiki-srf06-cc26xx.a(lpm.o)
                              contiki-srf06-cc26xx.a(contiki-main.o) (lpm_drop)
contiki-srf06-cc26xx.a(gpio-interrupt.)
                              contiki-srf06-cc26xx.a(button-sensor.o) (gpio_interrupt_register_handler)
contiki-srf06-cc26xx.a(oscillators.o)
                              contiki-srf06-cc26xx.a(contiki-main.o) (oscillators_select_lf_xosc)
contiki-srf06-cc26xx.a(ieee-mode.o)
                              nbr_discovery.co (ieee_mode_driver)
contiki-srf06-cc26xx.a(random.o)
                              nbr_discovery.co (random_rand)
contiki-srf06-cc26xx.a(soc-trng.o)
                              contiki-srf06-cc26xx.a(random.o) (soc_trng_rand_synchronous)
contiki-srf06-cc26xx.a(dbg-printf.o)
                              nbr_discovery.co (printf)
contiki-srf06-cc26xx.a(strformat.o)
                              contiki-srf06-cc26xx.a(dbg-printf.o) (format_str_v)
contiki-srf06-cc26xx.a(autostart.o)
                              contiki-srf06-cc26xx.a(contiki-main.o) (autostart_start)
contiki-srf06-cc26xx.a(ctimer.o)
                              contiki-srf06-cc26xx.a(contiki-main.o) (ctimer_init)
contiki-srf06-cc26xx.a(energest.o)
                              contiki-srf06-cc26xx.a(contiki-main.o) (energest_init)
contiki-srf06-cc26xx.a(etimer.o)
                              contiki-srf06-cc26xx.a(clock.o) (etimer_request_poll)
contiki-srf06-cc26xx.a(process.o)
                              contiki-srf06-cc26xx.a(sensors.o) (process_alloc_event)
contiki-srf06-cc26xx.a(rtimer.o)
                              contiki-srf06-cc26xx.a(contiki-main.o) (rtimer_init)
contiki-srf06-cc26xx.a(timer.o)
                              contiki-srf06-cc26xx.a(button-sensor.o) (timer_set)
contiki-srf06-cc26xx.a(serial-line.o)
                              nbr_discovery.co (serial_line_input_byte)
contiki-srf06-cc26xx.a(list.o)
                              contiki-srf06-cc26xx.a(lpm.o) (list_init)
contiki-srf06-cc26xx.a(ringbuf.o)
                              contiki-srf06-cc26xx.a(serial-line.o) (ringbuf_init)
contiki-srf06-cc26xx.a(broadcast.o)
                              nbr_discovery.co (broadcast_open)
contiki-srf06-cc26xx.a(channel.o)
                              contiki-srf06-cc26xx.a(broadcast.o) (channel_set_attributes)
contiki-srf06-cc26xx.a(rime.o)
                              contiki-srf06-cc26xx.a(contiki-main.o) (rime_driver)
[...]
Memory Configuration

Name             Origin             Length             Attributes
FLASH            0x0000000000000000 0x000000000001ffa8 xr
FLASH_CCFG       0x000000000001ffa8 0x0000000000000058 xr
SRAM             0x0000000020000000 0x0000000000005000 xrw
GPRAM            0x0000000011000000 0x0000000000002000 xrw
*default*        0x0000000000000000 0xffffffffffffffff

Linker script and memory map

LOAD obj_srf06-cc26xx/fault-handlers.o
LOAD obj_srf06-cc26xx/ccfg.o
LOAD obj_srf06-cc26xx/startup_gcc.o
LOAD nbr_discovery.co
LOAD contiki-srf06-cc26xx.a
LOAD ./hashmap/libhashmap.a
LOAD /usr/local/Cellar/arm-none-eabi-gcc/9-2019-q4-major/gcc/bin/../lib/gcc/arm-none-eabi/9.2.1/../../../../arm-none-eabi/lib/thumb/v7-m/nofp/libm.a
START GROUP
LOAD /usr/local/Cellar/arm-none-eabi-gcc/9-2019-q4-major/gcc/bin/../lib/gcc/arm-none-eabi/9.2.1/thumb/v7-m/nofp/libgcc.a
LOAD /usr/local/Cellar/arm-none-eabi-gcc/9-2019-q4-major/gcc/bin/../lib/gcc/arm-none-eabi/9.2.1/../../../../arm-none-eabi/lib/thumb/v7-m/nofp/libc.a
END GROUP
                0x0000000020005000                _estack = (ORIGIN (SRAM) + LENGTH (SRAM))
                0x0000000000000000                _Min_Heap_Size = 0x0
                0x0000000000000100                _Min_Stack_Size = 0x100

.text           0x0000000000000000     0xb2a8
                0x0000000000000000                _text = .
 *(SORT_BY_ALIGNMENT(.vectors))
 .vectors       0x0000000000000000       0xc8 obj_srf06-cc26xx/startup_gcc.o
                0x0000000000000000                g_pfnVectors
 *(SORT_BY_ALIGNMENT(.text*))
 .text.value    0x00000000000000c8       0xb0 contiki-srf06-cc26xx.a(opt-3001-sensor)
 .text.value    0x0000000000000178       0xa4 contiki-srf06-cc26xx.a(hdc-1000-sensor)
 *fill*         0x000000000000021c        0x4 00000000
 .text.value    0x0000000000000220      0x194 contiki-srf06-cc26xx.a(mpu-9250-sensor)
 *fill*         0x00000000000003b4        0x4 00000000
 .text.__ieee754_pow
                0x00000000000003b8      0xb30 /usr/local/Cellar/arm-none-eabi-gcc/9-2019-q4-major/gcc/bin/../lib/gcc/arm-none-eabi/9.2.1/../../../../arm-none-eabi/lib/thumb/v7-m/nofp/libm.a(lib_a-e_pow.o)
                0x00000000000003b8                __ieee754_pow
 .text.scalbn   0x0000000000000ee8       0xf4 /usr/local/Cellar/arm-none-eabi-gcc/9-2019-q4-major/gcc/bin/../lib/gcc/arm-none-eabi/9.2.1/../../../../arm-none-eabi/lib/thumb/v7-m/nofp/libm.a(lib_a-s_scalbn.o)
                0x0000000000000ee8                scalbn
 .text.FaultISR
                0x0000000000000fdc       0x18 obj_srf06-cc26xx/fault-handlers.o
                0x0000000000000fdc                FaultISR
 .text.NmiSRHandler
                0x0000000000000ff4        0x4 obj_srf06-cc26xx/startup_gcc.o
                0x0000000000000ff4                NmiSR
 .text.IntDefaultHandler
                0x0000000000000ff8        0x4 obj_srf06-cc26xx/startup_gcc.o
                0x0000000000000ff8                Timer3BIntHandler
                0x0000000000000ff8                SWEvent0IntHandler
                0x0000000000000ff8                uDMAIntHandler
                0x0000000000000ff8                WatchdogIntHandler
                0x0000000000000ff8                RFCHardwareIntHandler
                0x0000000000000ff8                Timer1BIntHandler
                0x0000000000000ff8                I2SIntHandler
                0x0000000000000ff8                Timer2BIntHandler
                0x0000000000000ff8                Timer2AIntHandler
                0x0000000000000ff8                Timer1AIntHandler
                0x0000000000000ff8                AONIntHandler
                0x0000000000000ff8                AUXSWEvent0IntHandler
                0x0000000000000ff8                AUXADCIntHandler
                0x0000000000000ff8                PendSVIntHandler
                0x0000000000000ff8                AUXSWEvent1IntHandler
                0x0000000000000ff8                SVCallIntHandler
                0x0000000000000ff8                MPUFaultIntHandler
                0x0000000000000ff8                SysTickIntHandler
                0x0000000000000ff8                BusFaultIntHandler
                0x0000000000000ff8                AONProgIntHandler
                0x0000000000000ff8                AUXCompAIntHandler
                0x0000000000000ff8                SSI1IntHandler
                0x0000000000000ff8                FlashIntHandler
                0x0000000000000ff8                uDMAErrIntHandler
                0x0000000000000ff8                UsageFaultIntHandler
                0x0000000000000ff8                RFCCmdAckIntHandler
                0x0000000000000ff8                CryptoIntHandler
                0x0000000000000ff8                Timer0AIntHandler
                0x0000000000000ff8                I2CIntHandler
                0x0000000000000ff8                DebugMonIntHandler
                0x0000000000000ff8                Timer0BIntHandler
                0x0000000000000ff8                AUXCombEventIntHandler
                0x0000000000000ff8                Timer3AIntHandler
                0x0000000000000ff8                DynProgIntHandler
                0x0000000000000ff8                SSI0IntHandler
 .text.ResetISR
                0x0000000000000ffc       0x5c obj_srf06-cc26xx/startup_gcc.o
                0x0000000000000ffc                ResetISR
 .text.broadcast_recv
                0x0000000000001058       0x2c nbr_discovery.co
 .text.sender_scheduler
                0x0000000000001084      0x13c nbr_discovery.co
                0x0000000000001084                sender_scheduler
 .text.insert   0x00000000000011c0       0x60 nbr_discovery.co
                0x00000000000011c0                insert
 .text.display  0x0000000000001220       0x44 nbr_discovery.co
                0x0000000000001220                display
 .text.populate_permuation_arr
                0x0000000000001264       0x28 nbr_discovery.co
                0x0000000000001264                populate_permuation_arr
 .text.process_thread_cc2650_nbr_discovery_process
                0x000000000000128c      0x200 nbr_discovery.co
 .text.fade     0x000000000000148c       0x64 contiki-srf06-cc26xx.a(contiki-main.o)
 .text.startup.main
                0x00000000000014f0      0x228 contiki-srf06-cc26xx.a(contiki-main.o)
                0x00000000000014f0                main
 .text.process_thread_sensors_process
                0x0000000000001718       0xf4 contiki-srf06-cc26xx.a(sensors.o)
 .text.sensors_changed
                0x000000000000180c       0x40 contiki-srf06-cc26xx.a(sensors.o)
                0x000000000000180c                sensors_changed
 .text.leds_init
                0x000000000000184c       0x14 contiki-srf06-cc26xx.a(leds.o)
                0x000000000000184c                leds_init
 .text.leds_on  0x0000000000001860       0x10 contiki-srf06-cc26xx.a(leds.o)
                0x0000000000001860                leds_on
 .text.leds_off
                0x0000000000001870       0x14 contiki-srf06-cc26xx.a(leds.o)
                0x0000000000001870                leds_off
 .text.leds_arch_init
                0x0000000000001884       0x38 contiki-srf06-cc26xx.a(leds-arch.o)
                0x0000000000001884                leds_arch_init
 .text.leds_arch_set
                0x00000000000018bc       0x34 contiki-srf06-cc26xx.a(leds-arch.o)
                0x00000000000018bc                leds_arch_set
 .text.status   0x00000000000018f0       0x14 contiki-srf06-cc26xx.a(bmp-280-sensor.)
 .text.notify_ready
                0x0000000000001904       0x14 contiki-srf06-cc26xx.a(bmp-280-sensor.)
 .text.enable_sensor
                0x0000000000001918       0x2c contiki-srf06-cc26xx.a(bmp-280-sensor.)
 .text.configure
                0x0000000000001944       0x98 contiki-srf06-cc26xx.a(bmp-280-sensor.)
 .text.value    0x00000000000019dc      0x15c contiki-srf06-cc26xx.a(bmp-280-sensor.)
 .text.status   0x0000000000001b38       0x14 contiki-srf06-cc26xx.a(tmp-007-sensor.)
 .text.notify_ready
                0x0000000000001b4c       0x14 contiki-srf06-cc26xx.a(tmp-007-sensor.)
 .text.enable_sensor
                0x0000000000001b60       0x28 contiki-srf06-cc26xx.a(tmp-007-sensor.)
 .text.configure
                0x0000000000001b88       0x8c contiki-srf06-cc26xx.a(tmp-007-sensor.)
 .text.value    0x0000000000001c14       0xf0 contiki-srf06-cc26xx.a(tmp-007-sensor.)
 .text.status   0x0000000000001d04        0xc contiki-srf06-cc26xx.a(opt-3001-sensor)
 .text.enable_sensor
                0x0000000000001d10       0x44 contiki-srf06-cc26xx.a(opt-3001-sensor)
 .text.notify_ready
                0x0000000000001d54       0x54 contiki-srf06-cc26xx.a(opt-3001-sensor)
 .text.configure
                0x0000000000001da8       0x48 contiki-srf06-cc26xx.a(opt-3001-sensor)
 .text.status   0x0000000000001df0       0x14 contiki-srf06-cc26xx.a(hdc-1000-sensor)
 .text.notify_ready
                0x0000000000001e04       0x6c contiki-srf06-cc26xx.a(hdc-1000-sensor)
 .text.configure
                0x0000000000001e70       0xc4 contiki-srf06-cc26xx.a(hdc-1000-sensor)
 .text.acc_convert
                0x0000000000001f34       0x70 contiki-srf06-cc26xx.a(mpu-9250-sensor)
 .text.status   0x0000000000001fa4       0x14 contiki-srf06-cc26xx.a(mpu-9250-sensor)
 .text.notify_ready
                0x0000000000001fb8       0x14 contiki-srf06-cc26xx.a(mpu-9250-sensor)
 .text.sensor_sleep
                0x0000000000001fcc       0x38 contiki-srf06-cc26xx.a(mpu-9250-sensor)
 .text.configure
                0x0000000000002004       0xdc contiki-srf06-cc26xx.a(mpu-9250-sensor)
 .text.int_status
                0x00000000000020e0       0x28 contiki-srf06-cc26xx.a(mpu-9250-sensor)
 .text.initialise
                0x0000000000002108      0x100 contiki-srf06-cc26xx.a(mpu-9250-sensor)
 .text.status.part.0
                0x0000000000002208       0x14 contiki-srf06-cc26xx.a(button-sensor.o)
 .text.value_left
                0x000000000000221c       0x24 contiki-srf06-cc26xx.a(button-sensor.o)
 .text.value_right
                0x0000000000002240       0x24 contiki-srf06-cc26xx.a(button-sensor.o)
 .text.status_left
                0x0000000000002264       0x10 contiki-srf06-cc26xx.a(button-sensor.o)
 .text.status_right
                0x0000000000002274       0x10 contiki-srf06-cc26xx.a(button-sensor.o)
 .text.config_buttons
                0x0000000000002284       0x84 contiki-srf06-cc26xx.a(button-sensor.o)
 .text.config_left
                0x0000000000002308        0xc contiki-srf06-cc26xx.a(button-sensor.o)
 .text.config_right
                0x0000000000002314        0xc contiki-srf06-cc26xx.a(button-sensor.o)
 .text.button_press_handler
                0x0000000000002320       0xa0 contiki-srf06-cc26xx.a(button-sensor.o)
 .text.value    0x00000000000023c0       0x10 contiki-srf06-cc26xx.a(reed-relay.o)
 .text.status   0x00000000000023d0       0x20 contiki-srf06-cc26xx.a(reed-relay.o)
 .text.configure
                0x00000000000023f0       0x6c contiki-srf06-cc26xx.a(reed-relay.o)
 .text.reed_interrupt_handler
                0x000000000000245c       0x28 contiki-srf06-cc26xx.a(reed-relay.o)
 .text.power_domains_on
                0x0000000000002484       0x20 contiki-srf06-cc26xx.a(board.o)
 .text.lpm_wakeup_handler
                0x00000000000024a4        0x4 contiki-srf06-cc26xx.a(board.o)
 .text.shutdown_handler
                0x00000000000024a8       0x68 contiki-srf06-cc26xx.a(board.o)
 .text.board_init
                0x0000000000002510      0x110 contiki-srf06-cc26xx.a(board.o)
                0x0000000000002510                board_init
 .text.i2c_status
                0x0000000000002620       0x3c contiki-srf06-cc26xx.a(board-i2c.o)
 .text.board_i2c_wakeup
                0x000000000000265c       0x5c contiki-srf06-cc26xx.a(board-i2c.o)
                0x000000000000265c                board_i2c_wakeup
 .text.board_i2c_shutdown
                0x00000000000026b8       0xbc contiki-srf06-cc26xx.a(board-i2c.o)
                0x00000000000026b8                board_i2c_shutdown
 .text.board_i2c_write
                0x0000000000002774      0x134 contiki-srf06-cc26xx.a(board-i2c.o)
                0x0000000000002774                board_i2c_write
 .text.board_i2c_write_single
                0x00000000000028a8       0x70 contiki-srf06-cc26xx.a(board-i2c.o)
                0x00000000000028a8                board_i2c_write_single
 .text.board_i2c_read
                0x0000000000002918       0xfc contiki-srf06-cc26xx.a(board-i2c.o)
                0x0000000000002918                board_i2c_read
 .text.board_i2c_write_read
                0x0000000000002a14      0x1a8 contiki-srf06-cc26xx.a(board-i2c.o)
                0x0000000000002a14                board_i2c_write_read
 .text.board_i2c_select
                0x0000000000002bbc       0xf4 contiki-srf06-cc26xx.a(board-i2c.o)
                0x0000000000002bbc                board_i2c_select
 .text.power_domain_on
                0x0000000000002cb0       0x20 contiki-srf06-cc26xx.a(clock.o)
 .text.clock_init
                0x0000000000002cd0       0x9c contiki-srf06-cc26xx.a(clock.o)
                0x0000000000002cd0                clock_init
 .text.clock_time
                0x0000000000002d6c       0x34 contiki-srf06-cc26xx.a(clock.o)
                0x0000000000002d6c                clock_time
 .text.clock_update
                0x0000000000002da0       0x3c contiki-srf06-cc26xx.a(clock.o)
                0x0000000000002da0                clock_update
 .text.rtimer_arch_init
                0x0000000000002ddc        0x4 contiki-srf06-cc26xx.a(rtimer-arch.o)
                0x0000000000002ddc                rtimer_arch_init
 .text.rtimer_arch_schedule
                0x0000000000002de0        0x8 contiki-srf06-cc26xx.a(rtimer-arch.o)
                0x0000000000002de0                rtimer_arch_schedule
 .text.rtimer_arch_now
                0x0000000000002de8        0x4 contiki-srf06-cc26xx.a(rtimer-arch.o)
                0x0000000000002de8                rtimer_arch_now
 .text.soc_rtc_init
                0x0000000000002dec       0xa0 contiki-srf06-cc26xx.a(soc-rtc.o)
                0x0000000000002dec                soc_rtc_init
 .text.soc_rtc_schedule_one_shot
                0x0000000000002e8c       0x70 contiki-srf06-cc26xx.a(soc-rtc.o)
                0x0000000000002e8c                soc_rtc_schedule_one_shot
 .text.soc_rtc_last_isr_time
                0x0000000000002efc        0xc contiki-srf06-cc26xx.a(soc-rtc.o)
                0x0000000000002efc                soc_rtc_last_isr_time
 .text.AONRTCIntHandler
                0x0000000000002f08       0x88 contiki-srf06-cc26xx.a(soc-rtc.o)
                0x0000000000002f08                AONRTCIntHandler
 .text.watchdog_init
                0x0000000000002f90       0x1c contiki-srf06-cc26xx.a(contiki-watchdo)
                0x0000000000002f90                watchdog_init
 .text.watchdog_start
                0x0000000000002fac       0x64 contiki-srf06-cc26xx.a(contiki-watchdo)
                0x0000000000002fac                watchdog_start
 .text.watchdog_periodic
                0x0000000000003010       0x1c contiki-srf06-cc26xx.a(contiki-watchdo)
                0x0000000000003010                watchdog_periodic
 .text.putchar  0x000000000000302c       0x10 contiki-srf06-cc26xx.a(putchar.o)
                0x000000000000302c                putchar
 .text.puts     0x000000000000303c       0x30 contiki-srf06-cc26xx.a(putchar.o)
                0x000000000000303c                puts
 .text.dbg_send_bytes
                0x000000000000306c       0x30 contiki-srf06-cc26xx.a(putchar.o)
                0x000000000000306c                dbg_send_bytes
 .text.ieee_addr_cpy_to
                0x000000000000309c       0x40 contiki-srf06-cc26xx.a(ieee-addr.o)
                0x000000000000309c                ieee_addr_cpy_to
 .text.power_and_clock
                0x00000000000030dc       0x40 contiki-srf06-cc26xx.a(cc26xx-uart.o)
 .text.enable   0x000000000000311c       0xf0 contiki-srf06-cc26xx.a(cc26xx-uart.o)
 .text.lpm_drop_handler
                0x000000000000320c      0x118 contiki-srf06-cc26xx.a(cc26xx-uart.o)
 .text.cc26xx_uart_init
                0x0000000000003324       0x28 contiki-srf06-cc26xx.a(cc26xx-uart.o)
                0x0000000000003324                cc26xx_uart_init
 .text.cc26xx_uart_write_byte
                0x000000000000334c       0x40 contiki-srf06-cc26xx.a(cc26xx-uart.o)
                0x000000000000334c                cc26xx_uart_write_byte
 .text.cc26xx_uart_set_input
                0x000000000000338c       0x6c contiki-srf06-cc26xx.a(cc26xx-uart.o)
                0x000000000000338c                cc26xx_uart_set_input
 .text.cc26xx_uart_busy
                0x00000000000033f8       0x38 contiki-srf06-cc26xx.a(cc26xx-uart.o)
                0x00000000000033f8                cc26xx_uart_busy
 .text.UART0IntHandler
                0x0000000000003430       0x54 contiki-srf06-cc26xx.a(cc26xx-uart.o)
                0x0000000000003430                UART0IntHandler
 .text.lpm_sleep
                0x0000000000003484       0x14 contiki-srf06-cc26xx.a(lpm.o)
                0x0000000000003484                lpm_sleep
 .text.lpm_drop
                0x0000000000003498      0x244 contiki-srf06-cc26xx.a(lpm.o)
                0x0000000000003498                lpm_drop
 .text.lpm_register_module
                0x00000000000036dc        0xc contiki-srf06-cc26xx.a(lpm.o)
                0x00000000000036dc                lpm_register_module
 .text.lpm_unregister_module
                0x00000000000036e8        0xc contiki-srf06-cc26xx.a(lpm.o)
                0x00000000000036e8                lpm_unregister_module
 .text.lpm_init
                0x00000000000036f4       0x20 contiki-srf06-cc26xx.a(lpm.o)
                0x00000000000036f4                lpm_init
 .text.lpm_pin_set_default_state
                0x0000000000003714       0x2c contiki-srf06-cc26xx.a(lpm.o)
                0x0000000000003714                lpm_pin_set_default_state
 .text.gpio_interrupt_register_handler
                0x0000000000003740       0x2c contiki-srf06-cc26xx.a(gpio-interrupt.)
                0x0000000000003740                gpio_interrupt_register_handler
 .text.gpio_interrupt_init
                0x000000000000376c       0x24 contiki-srf06-cc26xx.a(gpio-interrupt.)
                0x000000000000376c                gpio_interrupt_init
 .text.GPIOIntHandler
                0x0000000000003790       0x30 contiki-srf06-cc26xx.a(gpio-interrupt.)
                0x0000000000003790                GPIOIntHandler
 .text.oscillators_select_lf_xosc
                0x00000000000037c0       0x5c contiki-srf06-cc26xx.a(oscillators.o)
                0x00000000000037c0                oscillators_select_lf_xosc
 .text.oscillators_request_hf_xosc
                0x000000000000381c       0x30 contiki-srf06-cc26xx.a(oscillators.o)
                0x000000000000381c                oscillators_request_hf_xosc
 .text.oscillators_switch_to_hf_xosc
                0x000000000000384c       0x34 contiki-srf06-cc26xx.a(oscillators.o)
                0x000000000000384c                oscillators_switch_to_hf_xosc
 .text.oscillators_switch_to_hf_rc
                0x0000000000003880       0x44 contiki-srf06-cc26xx.a(oscillators.o)
                0x0000000000003880                oscillators_switch_to_hf_rc
 .text.rx_on    0x00000000000038c4       0x68 contiki-srf06-cc26xx.a(ieee-mode.o)
 .text.rf_radio_setup
                0x000000000000392c       0x5c contiki-srf06-cc26xx.a(ieee-mode.o)
 .text.soft_on  0x0000000000003988       0x18 contiki-srf06-cc26xx.a(ieee-mode.o)
 .text.pending_packet
                0x00000000000039a0       0x48 contiki-srf06-cc26xx.a(ieee-mode.o)
 .text.prepare  0x00000000000039e8       0x1c contiki-srf06-cc26xx.a(ieee-mode.o)
 .text.soft_off
                0x0000000000003a04       0x44 contiki-srf06-cc26xx.a(ieee-mode.o)
 .text.get_object
                0x0000000000003a48       0x44 contiki-srf06-cc26xx.a(ieee-mode.o)
 .text.request  0x0000000000003a8c       0x20 contiki-srf06-cc26xx.a(ieee-mode.o)
 .text.transmitting.part.0
                0x0000000000003aac       0x40 contiki-srf06-cc26xx.a(ieee-mode.o)
 .text.rx_off   0x0000000000003aec       0x78 contiki-srf06-cc26xx.a(ieee-mode.o)
 .text.set_object
                0x0000000000003b64       0x60 contiki-srf06-cc26xx.a(ieee-mode.o)
 .text.get_cca_info
                0x0000000000003bc4       0x50 contiki-srf06-cc26xx.a(ieee-mode.o)
 .text.check_rat_overflow
                0x0000000000003c14       0x88 contiki-srf06-cc26xx.a(ieee-mode.o)
 .text.receiving_packet
                0x0000000000003c9c       0x3c contiki-srf06-cc26xx.a(ieee-mode.o)
 .text.off.part.0
                0x0000000000003cd8       0x68 contiki-srf06-cc26xx.a(ieee-mode.o)
 .text.off      0x0000000000003d40       0x14 contiki-srf06-cc26xx.a(ieee-mode.o)
 .text.on       0x0000000000003d54       0xa4 contiki-srf06-cc26xx.a(ieee-mode.o)
 .text.set_value
                0x0000000000003df8      0x16c contiki-srf06-cc26xx.a(ieee-mode.o)
 .text.get_value
                0x0000000000003f64      0x190 contiki-srf06-cc26xx.a(ieee-mode.o)
 .text.transmit
                0x00000000000040f4      0x100 contiki-srf06-cc26xx.a(ieee-mode.o)
 .text.send     0x00000000000041f4       0x24 contiki-srf06-cc26xx.a(ieee-mode.o)
 .text.channel_clear
                0x0000000000004218       0x80 contiki-srf06-cc26xx.a(ieee-mode.o)
 .text.read_frame
                0x0000000000004298      0x18c contiki-srf06-cc26xx.a(ieee-mode.o)
 .text.handle_rat_overflow
                0x0000000000004424       0x68 contiki-srf06-cc26xx.a(ieee-mode.o)
 .text.init     0x000000000000448c       0xfc contiki-srf06-cc26xx.a(ieee-mode.o)
 .text.random_rand
                0x0000000000004588        0xc contiki-srf06-cc26xx.a(random.o)
                0x0000000000004588                random_rand
 .text.random_init
                0x0000000000004594        0x4 contiki-srf06-cc26xx.a(random.o)
                0x0000000000004594                random_init
 .text.power_up
                0x0000000000004598       0x40 contiki-srf06-cc26xx.a(soc-trng.o)
 .text.request  0x00000000000045d8       0x14 contiki-srf06-cc26xx.a(soc-trng.o)
 .text.process_thread_soc_trng_process
                0x00000000000045ec       0x94 contiki-srf06-cc26xx.a(soc-trng.o)
 .text.accessible
                0x0000000000004680       0x24 contiki-srf06-cc26xx.a(soc-trng.o)
 .text.soc_trng_rand_synchronous
                0x00000000000046a4       0xc4 contiki-srf06-cc26xx.a(soc-trng.o)
                0x00000000000046a4                soc_trng_rand_synchronous
 .text.TRNGIntHandler
                0x0000000000004768       0x50 contiki-srf06-cc26xx.a(soc-trng.o)
                0x0000000000004768                TRNGIntHandler
 .text.soc_trng_init
                0x00000000000047b8       0x28 contiki-srf06-cc26xx.a(soc-trng.o)
                0x00000000000047b8                soc_trng_init
 .text.write_str
                0x00000000000047e0       0x14 contiki-srf06-cc26xx.a(dbg-printf.o)
 .text.printf   0x00000000000047f4       0x24 contiki-srf06-cc26xx.a(dbg-printf.o)
                0x00000000000047f4                printf
 .text.fill_space.isra.0
                0x0000000000004818       0x44 contiki-srf06-cc26xx.a(strformat.o)
 .text.format_str_v
                0x000000000000485c      0xaa4 contiki-srf06-cc26xx.a(strformat.o)
                0x000000000000485c                format_str_v
 .text.autostart_start
                0x0000000000005300       0x18 contiki-srf06-cc26xx.a(autostart.o)
                0x0000000000005300                autostart_start
 .text.process_thread_ctimer_process
                0x0000000000005318       0x94 contiki-srf06-cc26xx.a(ctimer.o)
 .text.ctimer_init
                0x00000000000053ac       0x28 contiki-srf06-cc26xx.a(ctimer.o)
                0x00000000000053ac                ctimer_init
 .text.ctimer_set_with_process
                0x00000000000053d4       0x4c contiki-srf06-cc26xx.a(ctimer.o)
                0x00000000000053d4                ctimer_set_with_process
 .text.ctimer_set
                0x0000000000005420       0x18 contiki-srf06-cc26xx.a(ctimer.o)
                0x0000000000005420                ctimer_set
 .text.ctimer_stop
                0x0000000000005438       0x34 contiki-srf06-cc26xx.a(ctimer.o)
                0x0000000000005438                ctimer_stop
 .text.energest_init
                0x000000000000546c        0x4 contiki-srf06-cc26xx.a(energest.o)
                0x000000000000546c                energest_init
 .text.update_time.part.0
                0x0000000000005470       0x3c contiki-srf06-cc26xx.a(etimer.o)
 .text.process_thread_etimer_process
                0x00000000000054ac       0xd4 contiki-srf06-cc26xx.a(etimer.o)
 .text.add_timer
                0x0000000000005580       0x54 contiki-srf06-cc26xx.a(etimer.o)
 .text.etimer_request_poll
                0x00000000000055d4        0xc contiki-srf06-cc26xx.a(etimer.o)
                0x00000000000055d4                etimer_request_poll
 .text.etimer_set
                0x00000000000055e0       0x14 contiki-srf06-cc26xx.a(etimer.o)
                0x00000000000055e0                etimer_set
 .text.etimer_pending
                0x00000000000055f4       0x10 contiki-srf06-cc26xx.a(etimer.o)
                0x00000000000055f4                etimer_pending
 .text.etimer_next_expiration_time
                0x0000000000005604       0x14 contiki-srf06-cc26xx.a(etimer.o)
                0x0000000000005604                etimer_next_expiration_time
 .text.etimer_stop
                0x0000000000005618       0x54 contiki-srf06-cc26xx.a(etimer.o)
                0x0000000000005618                etimer_stop
 .text.exit_process
                0x000000000000566c       0xa8 contiki-srf06-cc26xx.a(process.o)
 .text.call_process.part.0
                0x0000000000005714       0x3c contiki-srf06-cc26xx.a(process.o)
 .text.do_poll  0x0000000000005750       0x38 contiki-srf06-cc26xx.a(process.o)
 .text.process_alloc_event
                0x0000000000005788       0x10 contiki-srf06-cc26xx.a(process.o)
                0x0000000000005788                process_alloc_event
 .text.process_start
                0x0000000000005798       0x44 contiki-srf06-cc26xx.a(process.o)
                0x0000000000005798                process_start
 .text.process_init
                0x00000000000057dc       0x34 contiki-srf06-cc26xx.a(process.o)
                0x00000000000057dc                process_init
 .text.process_run
                0x0000000000005810       0xa4 contiki-srf06-cc26xx.a(process.o)
                0x0000000000005810                process_run
 .text.process_nevents
                0x00000000000058b4       0x14 contiki-srf06-cc26xx.a(process.o)
                0x00000000000058b4                process_nevents
 .text.process_post
                0x00000000000058c8       0x44 contiki-srf06-cc26xx.a(process.o)
                0x00000000000058c8                process_post
 .text.process_poll
                0x000000000000590c       0x1c contiki-srf06-cc26xx.a(process.o)
                0x000000000000590c                process_poll
 .text.rtimer_init
                0x0000000000005928        0x4 contiki-srf06-cc26xx.a(rtimer.o)
                0x0000000000005928                rtimer_init
 .text.rtimer_set
                0x000000000000592c       0x28 contiki-srf06-cc26xx.a(rtimer.o)
                0x000000000000592c                rtimer_set
 .text.rtimer_run_next
                0x0000000000005954       0x28 contiki-srf06-cc26xx.a(rtimer.o)
                0x0000000000005954                rtimer_run_next
 .text.timer_set
                0x000000000000597c       0x10 contiki-srf06-cc26xx.a(timer.o)
                0x000000000000597c                timer_set
 .text.timer_expired
                0x000000000000598c       0x1c contiki-srf06-cc26xx.a(timer.o)
                0x000000000000598c                timer_expired
 .text.process_thread_serial_line_process
                0x00000000000059a8       0xa4 contiki-srf06-cc26xx.a(serial-line.o)
 .text.serial_line_input_byte
                0x0000000000005a4c       0x58 contiki-srf06-cc26xx.a(serial-line.o)
                0x0000000000005a4c                serial_line_input_byte
 .text.serial_line_init
                0x0000000000005aa4       0x24 contiki-srf06-cc26xx.a(serial-line.o)
                0x0000000000005aa4                serial_line_init
 .text.list_init
                0x0000000000005ac8        0x8 contiki-srf06-cc26xx.a(list.o)
                0x0000000000005ac8                list_init
 .text.list_head
                0x0000000000005ad0        0x4 contiki-srf06-cc26xx.a(list.o)
                0x0000000000005ad0                list_head
 .text.list_add
                0x0000000000005ad4       0x5c contiki-srf06-cc26xx.a(list.o)
                0x0000000000005ad4                list_add
 .text.list_push
                0x0000000000005b30       0x3c contiki-srf06-cc26xx.a(list.o)
                0x0000000000005b30                list_push
 .text.list_remove
                0x0000000000005b6c       0x30 contiki-srf06-cc26xx.a(list.o)
                0x0000000000005b6c                list_remove
 .text.list_length
                0x0000000000005b9c       0x14 contiki-srf06-cc26xx.a(list.o)
                0x0000000000005b9c                list_length
 .text.list_item_next
                0x0000000000005bb0        0x8 contiki-srf06-cc26xx.a(list.o)
                0x0000000000005bb0                list_item_next
 .text.ringbuf_init
                0x0000000000005bb8       0x10 contiki-srf06-cc26xx.a(ringbuf.o)
                0x0000000000005bb8                ringbuf_init
 .text.ringbuf_put
                0x0000000000005bc8       0x2c contiki-srf06-cc26xx.a(ringbuf.o)
                0x0000000000005bc8                ringbuf_put
 .text.ringbuf_get
                0x0000000000005bf4       0x24 contiki-srf06-cc26xx.a(ringbuf.o)
                0x0000000000005bf4                ringbuf_get
 .text.sent_by_abc
                0x0000000000005c18        0xc contiki-srf06-cc26xx.a(broadcast.o)
 .text.recv_from_abc
                0x0000000000005c24       0x24 contiki-srf06-cc26xx.a(broadcast.o)
 .text.broadcast_open
                0x0000000000005c48       0x24 contiki-srf06-cc26xx.a(broadcast.o)
                0x0000000000005c48                broadcast_open
 .text.broadcast_close
                0x0000000000005c6c        0x4 contiki-srf06-cc26xx.a(broadcast.o)
                0x0000000000005c6c                broadcast_close
 .text.broadcast_send
                0x0000000000005c70       0x1c contiki-srf06-cc26xx.a(broadcast.o)
                0x0000000000005c70                broadcast_send
 .text.channel_init
                0x0000000000005c8c        0xc contiki-srf06-cc26xx.a(channel.o)
                0x0000000000005c8c                channel_init
 .text.channel_open
                0x0000000000005c98       0x10 contiki-srf06-cc26xx.a(channel.o)
                0x0000000000005c98                channel_open
 .text.channel_close
                0x0000000000005ca8        0xc contiki-srf06-cc26xx.a(channel.o)
                0x0000000000005ca8                channel_close
 .text.channel_lookup
                0x0000000000005cb4       0x24 contiki-srf06-cc26xx.a(channel.o)
                0x0000000000005cb4                channel_lookup
 .text.channel_set_attributes
                0x0000000000005cd8       0x18 contiki-srf06-cc26xx.a(channel.o)
                0x0000000000005cd8                channel_set_attributes
 .text.packet_sent
                0x0000000000005cf0       0x38 contiki-srf06-cc26xx.a(rime.o)
 .text.input    0x0000000000005d28       0x38 contiki-srf06-cc26xx.a(rime.o)
 .text.init     0x0000000000005d60       0x28 contiki-srf06-cc26xx.a(rime.o)
 .text.rime_output
                0x0000000000005d88       0x28 contiki-srf06-cc26xx.a(rime.o)
                0x0000000000005d88                rime_output
 .text.SafeHapiVoid
                0x0000000000005db0       0x28 contiki-srf06-cc26xx.a(adi.o)
                0x0000000000005db0                SafeHapiVoid
 .text.NOROM_AONRTCCurrentCompareValueGet
                0x0000000000005dd8       0x24 contiki-srf06-cc26xx.a(aon_rtc.o)
                0x0000000000005dd8                NOROM_AONRTCCurrentCompareValueGet
 .text.NOROM_ChipInfo_GetSupportedProtocol_BV
                0x0000000000005dfc       0x10 contiki-srf06-cc26xx.a(chipinfo.o)
                0x0000000000005dfc                NOROM_ChipInfo_GetSupportedProtocol_BV
 .text.NOROM_ChipInfo_GetChipFamily
                0x0000000000005e0c       0x4c contiki-srf06-cc26xx.a(chipinfo.o)
                0x0000000000005e0c                NOROM_ChipInfo_GetChipFamily
 .text.NOROM_ChipInfo_GetChipType
                0x0000000000005e58       0x50 contiki-srf06-cc26xx.a(chipinfo.o)
                0x0000000000005e58                NOROM_ChipInfo_GetChipType
 .text.NOROM_ChipInfo_GetHwRevision
                0x0000000000005ea8       0x74 contiki-srf06-cc26xx.a(chipinfo.o)
                0x0000000000005ea8                NOROM_ChipInfo_GetHwRevision
 .text.NOROM_ThisCodeIsBuiltForCC26xxHwRev22AndLater_HaltIfViolated
                0x0000000000005f1c       0x14 contiki-srf06-cc26xx.a(chipinfo.o)
                0x0000000000005f1c                NOROM_ThisCodeIsBuiltForCC26xxHwRev22AndLater_HaltIfViolated
 .text.NOROM_CPUcpsid
                0x0000000000005f30        0x8 contiki-srf06-cc26xx.a(cpu.o)
                0x0000000000005f30                NOROM_CPUcpsid
 .text.NOROM_CPUcpsie
                0x0000000000005f38        0x8 contiki-srf06-cc26xx.a(cpu.o)
                0x0000000000005f38                NOROM_CPUcpsie
 .text.NOROM_CPUdelay
                0x0000000000005f40        0x8 contiki-srf06-cc26xx.a(cpu.o)
                0x0000000000005f40                NOROM_CPUdelay
 .text.NOROM_DDI32RegWrite
                0x0000000000005f48       0x2c contiki-srf06-cc26xx.a(ddi.o)
                0x0000000000005f48                NOROM_DDI32RegWrite
 .text.NOROM_DDI16BitfieldWrite
                0x0000000000005f74       0x48 contiki-srf06-cc26xx.a(ddi.o)
                0x0000000000005f74                NOROM_DDI16BitfieldWrite
 .text.NOROM_DDI16BitfieldRead
                0x0000000000005fbc       0x48 contiki-srf06-cc26xx.a(ddi.o)
                0x0000000000005fbc                NOROM_DDI16BitfieldRead
 .text.NOROM_OSCClockSourceSet
                0x0000000000006004       0x58 contiki-srf06-cc26xx.a(osc.o)
                0x0000000000006004                NOROM_OSCClockSourceSet
 .text.NOROM_OSCClockSourceGet
                0x000000000000605c       0x20 contiki-srf06-cc26xx.a(osc.o)
                0x000000000000605c                NOROM_OSCClockSourceGet
 .text.NOROM_PowerCtrlSourceSet
                0x000000000000607c       0x30 contiki-srf06-cc26xx.a(pwr_ctrl.o)
                0x000000000000607c                NOROM_PowerCtrlSourceSet
 .text.TrimAfterColdResetWakeupFromShutDown
                0x00000000000060ac       0xec contiki-srf06-cc26xx.a(setup.o)
 .text.NOROM_SetupTrimDevice
                0x0000000000006198       0xa0 contiki-srf06-cc26xx.a(setup.o)
                0x0000000000006198                NOROM_SetupTrimDevice
 .text.NOROM_SetupGetTrimForXoscHfCtl.part.0
                0x0000000000006238       0x20 contiki-srf06-cc26xx.a(setup_rom.o)
 .text.NOROM_SetupGetTrimForRadcExtCfg.part.0
                0x0000000000006258       0x1c contiki-srf06-cc26xx.a(setup_rom.o)
 .text.NOROM_SetupAfterColdResetWakeupFromShutDownCfg1
                0x0000000000006274       0x74 contiki-srf06-cc26xx.a(setup_rom.o)
                0x0000000000006274                NOROM_SetupAfterColdResetWakeupFromShutDownCfg1
 .text.NOROM_SetupAfterColdResetWakeupFromShutDownCfg3
                0x00000000000062e8      0x1ac contiki-srf06-cc26xx.a(setup_rom.o)
                0x00000000000062e8                NOROM_SetupAfterColdResetWakeupFromShutDownCfg3
 .text.NOROM_SetupGetTrimForAnabypassValue1
                0x0000000000006494       0x64 contiki-srf06-cc26xx.a(setup_rom.o)
                0x0000000000006494                NOROM_SetupGetTrimForAnabypassValue1
 .text.NOROM_SetupGetTrimForAmpcompCtrl
                0x00000000000064f8       0x58 contiki-srf06-cc26xx.a(setup_rom.o)
                0x00000000000064f8                NOROM_SetupGetTrimForAmpcompCtrl
 .text.NOROM_SetupAfterColdResetWakeupFromShutDownCfg2
                0x0000000000006550      0x190 contiki-srf06-cc26xx.a(setup_rom.o)
                0x0000000000006550                NOROM_SetupAfterColdResetWakeupFromShutDownCfg2
 .text.NOROM_SetupSetCacheModeAccordingToCcfgSetting
                0x00000000000066e0       0x6c contiki-srf06-cc26xx.a(setup_rom.o)
                0x00000000000066e0                NOROM_SetupSetCacheModeAccordingToCcfgSetting
 .text.NOROM_SysCtrlSetRechargeBeforePowerDown
                0x000000000000674c      0x248 contiki-srf06-cc26xx.a(sys_ctrl.o)
                0x000000000000674c                NOROM_SysCtrlSetRechargeBeforePowerDown
 .text.NOROM_SysCtrlAdjustRechargeAfterPowerDown
                0x0000000000006994       0x64 contiki-srf06-cc26xx.a(sys_ctrl.o)
                0x0000000000006994                NOROM_SysCtrlAdjustRechargeAfterPowerDown
 .text.NOROM_SysCtrl_DCDC_VoltageConditionalControl
                0x00000000000069f8       0x7c contiki-srf06-cc26xx.a(sys_ctrl.o)
                0x00000000000069f8                NOROM_SysCtrl_DCDC_VoltageConditionalControl
 .text.NOROM_TRNGConfigure
                0x0000000000006a74       0x3c contiki-srf06-cc26xx.a(trng.o)
                0x0000000000006a74                NOROM_TRNGConfigure
 .text.linkaddr_copy
                0x0000000000006ab0        0x8 contiki-srf06-cc26xx.a(linkaddr.o)
                0x0000000000006ab0                linkaddr_copy
 .text.linkaddr_cmp
                0x0000000000006ab8       0x20 contiki-srf06-cc26xx.a(linkaddr.o)
                0x0000000000006ab8                linkaddr_cmp
 .text.netstack_init
                0x0000000000006ad8       0x38 contiki-srf06-cc26xx.a(netstack.o)
                0x0000000000006ad8                netstack_init
 .text.packetbuf_compact
                0x0000000000006b10       0x48 contiki-srf06-cc26xx.a(packetbuf.o)
                0x0000000000006b10                packetbuf_compact
 .text.packetbuf_copyto
                0x0000000000006b58       0x54 contiki-srf06-cc26xx.a(packetbuf.o)
                0x0000000000006b58                packetbuf_copyto
 .text.packetbuf_hdralloc
                0x0000000000006bac       0x60 contiki-srf06-cc26xx.a(packetbuf.o)
                0x0000000000006bac                packetbuf_hdralloc
 .text.packetbuf_hdrreduce
                0x0000000000006c0c       0x2c contiki-srf06-cc26xx.a(packetbuf.o)
                0x0000000000006c0c                packetbuf_hdrreduce
 .text.packetbuf_set_datalen
                0x0000000000006c38        0xc contiki-srf06-cc26xx.a(packetbuf.o)
                0x0000000000006c38                packetbuf_set_datalen
 .text.packetbuf_dataptr
                0x0000000000006c44       0x20 contiki-srf06-cc26xx.a(packetbuf.o)
                0x0000000000006c44                packetbuf_dataptr
 .text.packetbuf_hdrptr
                0x0000000000006c64        0x8 contiki-srf06-cc26xx.a(packetbuf.o)
                0x0000000000006c64                packetbuf_hdrptr
 .text.packetbuf_datalen
                0x0000000000006c6c        0xc contiki-srf06-cc26xx.a(packetbuf.o)
                0x0000000000006c6c                packetbuf_datalen
 .text.packetbuf_totlen
                0x0000000000006c78       0x24 contiki-srf06-cc26xx.a(packetbuf.o)
                0x0000000000006c78                packetbuf_totlen
 .text.packetbuf_attr_clear
                0x0000000000006c9c       0x40 contiki-srf06-cc26xx.a(packetbuf.o)
                0x0000000000006c9c                packetbuf_attr_clear
 .text.packetbuf_clear
                0x0000000000006cdc       0x20 contiki-srf06-cc26xx.a(packetbuf.o)
                0x0000000000006cdc                packetbuf_clear
 .text.packetbuf_copyfrom
                0x0000000000006cfc       0x40 contiki-srf06-cc26xx.a(packetbuf.o)
                0x0000000000006cfc                packetbuf_copyfrom
 .text.packetbuf_attr_copyto
                0x0000000000006d3c       0x3c contiki-srf06-cc26xx.a(packetbuf.o)
                0x0000000000006d3c                packetbuf_attr_copyto
 .text.packetbuf_attr_copyfrom
                0x0000000000006d78       0x3c contiki-srf06-cc26xx.a(packetbuf.o)
                0x0000000000006d78                packetbuf_attr_copyfrom
 .text.packetbuf_set_attr
                0x0000000000006db4       0x10 contiki-srf06-cc26xx.a(packetbuf.o)
                0x0000000000006db4                packetbuf_set_attr
 .text.packetbuf_attr
                0x0000000000006dc4        0xc contiki-srf06-cc26xx.a(packetbuf.o)
                0x0000000000006dc4                packetbuf_attr
 .text.packetbuf_set_addr
                0x0000000000006dd0       0x18 contiki-srf06-cc26xx.a(packetbuf.o)
                0x0000000000006dd0                packetbuf_set_addr
 .text.packetbuf_addr
                0x0000000000006de8       0x10 contiki-srf06-cc26xx.a(packetbuf.o)
                0x0000000000006de8                packetbuf_addr
 .text.packetbuf_holds_broadcast
                0x0000000000006df8       0x10 contiki-srf06-cc26xx.a(packetbuf.o)
                0x0000000000006df8                packetbuf_holds_broadcast
 .text.queuebuf_init
                0x0000000000006e08       0x1c contiki-srf06-cc26xx.a(queuebuf.o)
                0x0000000000006e08                queuebuf_init
 .text.queuebuf_new_from_packetbuf
                0x0000000000006e24       0x44 contiki-srf06-cc26xx.a(queuebuf.o)
                0x0000000000006e24                queuebuf_new_from_packetbuf
 .text.queuebuf_update_attr_from_packetbuf
                0x0000000000006e68        0xc contiki-srf06-cc26xx.a(queuebuf.o)
                0x0000000000006e68                queuebuf_update_attr_from_packetbuf
 .text.queuebuf_free
                0x0000000000006e74       0x2c contiki-srf06-cc26xx.a(queuebuf.o)
                0x0000000000006e74                queuebuf_free
 .text.queuebuf_to_packetbuf
                0x0000000000006ea0       0x30 contiki-srf06-cc26xx.a(queuebuf.o)
                0x0000000000006ea0                queuebuf_to_packetbuf
 .text.queuebuf_attr
                0x0000000000006ed0        0xc contiki-srf06-cc26xx.a(queuebuf.o)
                0x0000000000006ed0                queuebuf_attr
 .text.input_packet
                0x0000000000006edc        0xc contiki-srf06-cc26xx.a(csma.o)
 .text.on       0x0000000000006ee8        0xc contiki-srf06-cc26xx.a(csma.o)
 .text.off      0x0000000000006ef4        0xc contiki-srf06-cc26xx.a(csma.o)
 .text.channel_check_interval
                0x0000000000006f00       0x10 contiki-srf06-cc26xx.a(csma.o)
 .text.schedule_transmission
                0x0000000000006f10       0x50 contiki-srf06-cc26xx.a(csma.o)
 .text.send_packet
                0x0000000000006f60      0x15c contiki-srf06-cc26xx.a(csma.o)
 .text.init     0x00000000000070bc       0x24 contiki-srf06-cc26xx.a(csma.o)
 .text.transmit_packet_list
                0x00000000000070e0       0x34 contiki-srf06-cc26xx.a(csma.o)
 .text.tx_done  0x0000000000007114       0x8c contiki-srf06-cc26xx.a(csma.o)
 .text.packet_sent
                0x00000000000071a0       0xec contiki-srf06-cc26xx.a(csma.o)
 .text.mac_call_sent_callback
                0x000000000000728c       0x14 contiki-srf06-cc26xx.a(mac.o)
                0x000000000000728c                mac_call_sent_callback
 .text.on       0x00000000000072a0        0xc contiki-srf06-cc26xx.a(nullrdc.o)
 .text.channel_check_interval
                0x00000000000072ac        0x4 contiki-srf06-cc26xx.a(nullrdc.o)
 .text.init     0x00000000000072b0        0xc contiki-srf06-cc26xx.a(nullrdc.o)
 .text.send_one_packet
                0x00000000000072bc      0x130 contiki-srf06-cc26xx.a(nullrdc.o)
 .text.send_list
                0x00000000000073ec       0x20 contiki-srf06-cc26xx.a(nullrdc.o)
 .text.send_packet
                0x000000000000740c        0x4 contiki-srf06-cc26xx.a(nullrdc.o)
 .text.off      0x0000000000007410       0x1c contiki-srf06-cc26xx.a(nullrdc.o)
 .text.packet_input
                0x000000000000742c       0x58 contiki-srf06-cc26xx.a(nullrdc.o)
 .text.init     0x0000000000007484        0x4 contiki-srf06-cc26xx.a(nullsec.o)
 .text.input    0x0000000000007488        0xc contiki-srf06-cc26xx.a(nullsec.o)
 .text.send     0x0000000000007494       0x20 contiki-srf06-cc26xx.a(nullsec.o)
 .text.sensor_common_read_reg
                0x00000000000074b4       0x1c contiki-srf06-cc26xx.a(sensor-common.o)
                0x00000000000074b4                sensor_common_read_reg
 .text.sensor_common_write_reg
                0x00000000000074d0       0x38 contiki-srf06-cc26xx.a(sensor-common.o)
                0x00000000000074d0                sensor_common_write_reg
 .text.sensor_common_set_error_data
                0x0000000000007508       0x18 contiki-srf06-cc26xx.a(sensor-common.o)
                0x0000000000007508                sensor_common_set_error_data
 .text.verify_part
                0x0000000000007520       0x80 contiki-srf06-cc26xx.a(ext-flash.o)
 .text.wait_ready
                0x00000000000075a0       0x54 contiki-srf06-cc26xx.a(ext-flash.o)
 .text.power_down
                0x00000000000075f4       0x50 contiki-srf06-cc26xx.a(ext-flash.o)
 .text.ext_flash_open
                0x0000000000007644       0x68 contiki-srf06-cc26xx.a(ext-flash.o)
                0x0000000000007644                ext_flash_open
 .text.ext_flash_init
                0x00000000000076ac       0x14 contiki-srf06-cc26xx.a(ext-flash.o)
                0x00000000000076ac                ext_flash_init
 .text.buzzer_init
                0x00000000000076c0        0xc contiki-srf06-cc26xx.a(buzzer.o)
                0x00000000000076c0                buzzer_init
 .text.buzzer_stop
                0x00000000000076cc       0x74 contiki-srf06-cc26xx.a(buzzer.o)
                0x00000000000076cc                buzzer_stop
 .text.board_spi_write
                0x0000000000007740       0x60 contiki-srf06-cc26xx.a(board-spi.o)
                0x0000000000007740                board_spi_write
 .text.board_spi_read
                0x00000000000077a0       0x64 contiki-srf06-cc26xx.a(board-spi.o)
                0x00000000000077a0                board_spi_read
 .text.board_spi_flush
                0x0000000000007804       0x3c contiki-srf06-cc26xx.a(board-spi.o)
                0x0000000000007804                board_spi_flush
 .text.board_spi_open
                0x0000000000007840       0xbc contiki-srf06-cc26xx.a(board-spi.o)
                0x0000000000007840                board_spi_open
 .text.board_spi_close
                0x00000000000078fc       0x70 contiki-srf06-cc26xx.a(board-spi.o)
                0x00000000000078fc                board_spi_close
 .text.aux_ctrl_power_up
                0x000000000000796c       0x28 contiki-srf06-cc26xx.a(aux-ctrl.o)
                0x000000000000796c                aux_ctrl_power_up
 .text.aux_ctrl_register_consumer
                0x0000000000007994       0x40 contiki-srf06-cc26xx.a(aux-ctrl.o)
                0x0000000000007994                aux_ctrl_register_consumer
 .text.aux_ctrl_power_down
                0x00000000000079d4       0x6c contiki-srf06-cc26xx.a(aux-ctrl.o)
                0x00000000000079d4                aux_ctrl_power_down
 .text.aux_ctrl_unregister_consumer
                0x0000000000007a40       0x28 contiki-srf06-cc26xx.a(aux-ctrl.o)
                0x0000000000007a40                aux_ctrl_unregister_consumer
 .text.process_thread_rf_core_process
                0x0000000000007a68       0x58 contiki-srf06-cc26xx.a(rf-core.o)
 .text.rf_core_is_accessible
                0x0000000000007ac0       0x10 contiki-srf06-cc26xx.a(rf-core.o)
                0x0000000000007ac0                rf_core_is_accessible
 .text.rf_core_send_cmd
                0x0000000000007ad0       0x94 contiki-srf06-cc26xx.a(rf-core.o)
                0x0000000000007ad0                rf_core_send_cmd
 .text.rf_core_wait_cmd_done
                0x0000000000007b64       0x2c contiki-srf06-cc26xx.a(rf-core.o)
                0x0000000000007b64                rf_core_wait_cmd_done
 .text.rf_core_power_up
                0x0000000000007b90       0xcc contiki-srf06-cc26xx.a(rf-core.o)
                0x0000000000007b90                rf_core_power_up
 .text.rf_core_start_rat
                0x0000000000007c5c       0x68 contiki-srf06-cc26xx.a(rf-core.o)
                0x0000000000007c5c                rf_core_start_rat
 .text.rf_core_stop_rat
                0x0000000000007cc4       0x7c contiki-srf06-cc26xx.a(rf-core.o)
                0x0000000000007cc4                rf_core_stop_rat
 .text.rf_core_power_down
                0x0000000000007d40       0xf0 contiki-srf06-cc26xx.a(rf-core.o)
                0x0000000000007d40                rf_core_power_down
 .text.rf_core_set_modesel
                0x0000000000007e30       0x44 contiki-srf06-cc26xx.a(rf-core.o)
                0x0000000000007e30                rf_core_set_modesel
 .text.rf_core_boot
                0x0000000000007e74       0x1c contiki-srf06-cc26xx.a(rf-core.o)
                0x0000000000007e74                rf_core_boot
 .text.rf_core_restart_rat
                0x0000000000007e90       0x18 contiki-srf06-cc26xx.a(rf-core.o)
                0x0000000000007e90                rf_core_restart_rat
 .text.rf_core_setup_interrupts
                0x0000000000007ea8       0x70 contiki-srf06-cc26xx.a(rf-core.o)
                0x0000000000007ea8                rf_core_setup_interrupts
 .text.rf_core_cmd_done_en
                0x0000000000007f18       0x28 contiki-srf06-cc26xx.a(rf-core.o)
                0x0000000000007f18                rf_core_cmd_done_en
 .text.rf_core_cmd_done_dis
                0x0000000000007f40       0x18 contiki-srf06-cc26xx.a(rf-core.o)
                0x0000000000007f40                rf_core_cmd_done_dis
 .text.rf_core_get_last_radio_op
                0x0000000000007f58        0xc contiki-srf06-cc26xx.a(rf-core.o)
                0x0000000000007f58                rf_core_get_last_radio_op
 .text.rf_core_init_radio_op
                0x0000000000007f64       0x1c contiki-srf06-cc26xx.a(rf-core.o)
                0x0000000000007f64                rf_core_init_radio_op
 .text.rf_core_primary_mode_register
                0x0000000000007f80        0xc contiki-srf06-cc26xx.a(rf-core.o)
                0x0000000000007f80                rf_core_primary_mode_register
 .text.RFCCPE1IntHandler
                0x0000000000007f8c       0x28 contiki-srf06-cc26xx.a(rf-core.o)
                0x0000000000007f8c                RFCCPE1IntHandler
 .text.RFCCPE0IntHandler
                0x0000000000007fb4       0x5c contiki-srf06-cc26xx.a(rf-core.o)
                0x0000000000007fb4                RFCCPE0IntHandler
 .text.rf_ble_is_active
                0x0000000000008010        0xc contiki-srf06-cc26xx.a(rf-ble.o)
                0x0000000000008010                rf_ble_is_active
 .text.memb_init
                0x000000000000801c       0x24 contiki-srf06-cc26xx.a(memb.o)
                0x000000000000801c                memb_init
 .text.memb_alloc
                0x0000000000008040       0x38 contiki-srf06-cc26xx.a(memb.o)
                0x0000000000008040                memb_alloc
 .text.memb_free
                0x0000000000008078       0x3c contiki-srf06-cc26xx.a(memb.o)
                0x0000000000008078                memb_free
 .text.memb_inmemb
                0x00000000000080b4       0x1c contiki-srf06-cc26xx.a(memb.o)
                0x00000000000080b4                memb_inmemb
 .text.abc_open
                0x00000000000080d0       0x20 contiki-srf06-cc26xx.a(abc.o)
                0x00000000000080d0                abc_open
 .text.abc_close
                0x00000000000080f0        0x4 contiki-srf06-cc26xx.a(abc.o)
                0x00000000000080f0                abc_close
 .text.abc_send
                0x00000000000080f4        0x4 contiki-srf06-cc26xx.a(abc.o)
                0x00000000000080f4                abc_send
 .text.abc_input
                0x00000000000080f8        0xc contiki-srf06-cc26xx.a(abc.o)
                0x00000000000080f8                abc_input
 .text.abc_sent
                0x0000000000008104        0xc contiki-srf06-cc26xx.a(abc.o)
                0x0000000000008104                abc_sent
 .text.announcement_init
                0x0000000000008110        0xc contiki-srf06-cc26xx.a(announcement.o)
                0x0000000000008110                announcement_init
 .text.announcement_register_observer_callback
                0x000000000000811c        0xc contiki-srf06-cc26xx.a(announcement.o)
                0x000000000000811c                announcement_register_observer_callback
 .text.announcement_list
                0x0000000000008128        0xc contiki-srf06-cc26xx.a(announcement.o)
                0x0000000000008128                announcement_list
 .text.announcement_heard
                0x0000000000008134       0x3c contiki-srf06-cc26xx.a(announcement.o)
                0x0000000000008134                announcement_heard
 .text.adv_packet_sent
                0x0000000000008170        0x4 contiki-srf06-cc26xx.a(broadcast-annou)
 .text.set_timers
                0x0000000000008174       0x40 contiki-srf06-cc26xx.a(broadcast-annou)
 .text.send_timer
                0x00000000000081b4       0x18 contiki-srf06-cc26xx.a(broadcast-annou)
 .text.send_adv
                0x00000000000081cc       0x58 contiki-srf06-cc26xx.a(broadcast-annou)
 .text.adv_packet_received
                0x0000000000008224       0x40 contiki-srf06-cc26xx.a(broadcast-annou)
 .text.new_announcement
                0x0000000000008264       0x18 contiki-srf06-cc26xx.a(broadcast-annou)
 .text.broadcast_announcement_init
                0x000000000000827c       0x30 contiki-srf06-cc26xx.a(broadcast-annou)
                0x000000000000827c                broadcast_announcement_init
 .text.chameleon_init
                0x00000000000082ac        0x4 contiki-srf06-cc26xx.a(chameleon.o)
                0x00000000000082ac                chameleon_init
 .text.chameleon_parse
                0x00000000000082b0       0x1c contiki-srf06-cc26xx.a(chameleon.o)
                0x00000000000082b0                chameleon_parse
 .text.chameleon_create
                0x00000000000082cc       0x20 contiki-srf06-cc26xx.a(chameleon.o)
                0x00000000000082cc                chameleon_create
 .text.chameleon_hdrsize
                0x00000000000082ec        0xc contiki-srf06-cc26xx.a(chameleon.o)
                0x00000000000082ec                chameleon_hdrsize
 .text.NOROM_AONBatMonTemperatureGetDegC
                0x00000000000082f8       0x30 contiki-srf06-cc26xx.a(aon_batmon.o)
                0x00000000000082f8                NOROM_AONBatMonTemperatureGetDegC
 .text.parse    0x0000000000008328       0xa8 contiki-srf06-cc26xx.a(framer-802154.o)
 .text.create_frame.isra.0
                0x00000000000083d0      0x148 contiki-srf06-cc26xx.a(framer-802154.o)
 .text.create   0x0000000000008518        0x8 contiki-srf06-cc26xx.a(framer-802154.o)
 .text.hdr_length
                0x0000000000008520        0x8 contiki-srf06-cc26xx.a(framer-802154.o)
 .text.mac_sequence_is_duplicate
                0x0000000000008528       0x50 contiki-srf06-cc26xx.a(mac-sequence.o)
                0x0000000000008528                mac_sequence_is_duplicate
 .text.mac_sequence_register_seqno
                0x0000000000008578       0x6c contiki-srf06-cc26xx.a(mac-sequence.o)
                0x0000000000008578                mac_sequence_register_seqno
 .text.header_size
                0x00000000000085e4       0x18 contiki-srf06-cc26xx.a(chameleon-bitop)
 .text.get_bits
                0x00000000000085fc       0xa8 contiki-srf06-cc26xx.a(chameleon-bitop)
                0x00000000000085fc                get_bits
 .text.unpack_header
                0x00000000000086a4       0xa4 contiki-srf06-cc26xx.a(chameleon-bitop)
 .text.set_bits
                0x0000000000008748       0xd4 contiki-srf06-cc26xx.a(chameleon-bitop)
                0x0000000000008748                set_bits
 .text.pack_header
                0x000000000000881c       0xa0 contiki-srf06-cc26xx.a(chameleon-bitop)
 .text.frame802154_get_pan_id
                0x00000000000088bc        0xc contiki-srf06-cc26xx.a(frame802154.o)
                0x00000000000088bc                frame802154_get_pan_id
 .text.frame802154_has_panid
                0x00000000000088c8       0xdc contiki-srf06-cc26xx.a(frame802154.o)
                0x00000000000088c8                frame802154_has_panid
 .text.field_len
                0x00000000000089a4       0x88 contiki-srf06-cc26xx.a(frame802154.o)
 .text.frame802154_is_broadcast_addr
                0x0000000000008a2c       0x24 contiki-srf06-cc26xx.a(frame802154.o)
                0x0000000000008a2c                frame802154_is_broadcast_addr
 .text.frame802154_hdrlen
                0x0000000000008a50       0x34 contiki-srf06-cc26xx.a(frame802154.o)
                0x0000000000008a50                frame802154_hdrlen
 .text.frame802154_create_fcf
                0x0000000000008a84       0x64 contiki-srf06-cc26xx.a(frame802154.o)
                0x0000000000008a84                frame802154_create_fcf
 .text.frame802154_create
                0x0000000000008ae8       0xa8 contiki-srf06-cc26xx.a(frame802154.o)
                0x0000000000008ae8                frame802154_create
 .text.frame802154_parse_fcf
                0x0000000000008b90       0x44 contiki-srf06-cc26xx.a(frame802154.o)
                0x0000000000008b90                frame802154_parse_fcf
 .text.frame802154_parse
                0x0000000000008bd4      0x134 contiki-srf06-cc26xx.a(frame802154.o)
                0x0000000000008bd4                frame802154_parse
 .text.exp2     0x0000000000008d08       0x10 /usr/local/Cellar/arm-none-eabi-gcc/9-2019-q4-major/gcc/bin/../lib/gcc/arm-none-eabi/9.2.1/../../../../arm-none-eabi/lib/thumb/v7-m/nofp/libm.a(lib_a-w_exp2.o)
                0x0000000000008d08                exp2
 .text.pow      0x0000000000008d18      0x33c /usr/local/Cellar/arm-none-eabi-gcc/9-2019-q4-major/gcc/bin/../lib/gcc/arm-none-eabi/9.2.1/../../../../arm-none-eabi/lib/thumb/v7-m/nofp/libm.a(lib_a-w_pow.o)
                0x0000000000008d18                pow
 .text.__ieee754_sqrt
                0x0000000000009054      0x188 /usr/local/Cellar/arm-none-eabi-gcc/9-2019-q4-major/gcc/bin/../lib/gcc/arm-none-eabi/9.2.1/../../../../arm-none-eabi/lib/thumb/v7-m/nofp/libm.a(lib_a-e_sqrt.o)
                0x0000000000009054                __ieee754_sqrt
 .text.fabs     0x00000000000091dc        0x8 /usr/local/Cellar/arm-none-eabi-gcc/9-2019-q4-major/gcc/bin/../lib/gcc/arm-none-eabi/9.2.1/../../../../arm-none-eabi/lib/thumb/v7-m/nofp/libm.a(lib_a-s_fabs.o)
                0x00000000000091dc                fabs
 .text.finite   0x00000000000091e4        0xc /usr/local/Cellar/arm-none-eabi-gcc/9-2019-q4-major/gcc/bin/../lib/gcc/arm-none-eabi/9.2.1/../../../../arm-none-eabi/lib/thumb/v7-m/nofp/libm.a(lib_a-s_finite.o)
                0x00000000000091e4                finite
 .text.matherr  0x00000000000091f0        0x4 /usr/local/Cellar/arm-none-eabi-gcc/9-2019-q4-major/gcc/bin/../lib/gcc/arm-none-eabi/9.2.1/../../../../arm-none-eabi/lib/thumb/v7-m/nofp/libm.a(lib_a-s_matherr.o)
                0x00000000000091f0                matherr
 .text.nan      0x00000000000091f4        0xc /usr/local/Cellar/arm-none-eabi-gcc/9-2019-q4-major/gcc/bin/../lib/gcc/arm-none-eabi/9.2.1/../../../../arm-none-eabi/lib/thumb/v7-m/nofp/libm.a(lib_a-s_nan.o)
                0x00000000000091f4                nan
 .text.rint     0x0000000000009200      0x120 /usr/local/Cellar/arm-none-eabi-gcc/9-2019-q4-major/gcc/bin/../lib/gcc/arm-none-eabi/9.2.1/../../../../arm-none-eabi/lib/thumb/v7-m/nofp/libm.a(lib_a-s_rint.o)
                0x0000000000009200                rint
 .text          0x0000000000009320      0x168 /usr/local/Cellar/arm-none-eabi-gcc/9-2019-q4-major/gcc/bin/../lib/gcc/arm-none-eabi/9.2.1/thumb/v7-m/nofp/libgcc.a(_arm_mulsf3.o)
                0x0000000000009320                __mulsf3
                0x0000000000009320                __aeabi_fmul
 .text          0x0000000000009488      0x378 /usr/local/Cellar/arm-none-eabi-gcc/9-2019-q4-major/gcc/bin/../lib/gcc/arm-none-eabi/9.2.1/thumb/v7-m/nofp/libgcc.a(_arm_addsubdf3.o)
                0x0000000000009488                __aeabi_drsub
                0x0000000000009490                __subdf3
                0x0000000000009490                __aeabi_dsub
                0x0000000000009494                __aeabi_dadd
                0x0000000000009494                __adddf3
                0x000000000000970c                __aeabi_ui2d
                0x000000000000970c                __floatunsidf
                0x000000000000972c                __floatsidf
                0x000000000000972c                __aeabi_i2d
                0x0000000000009750                __extendsfdf2
                0x0000000000009750                __aeabi_f2d
                0x0000000000009794                __aeabi_ul2d
                0x0000000000009794                __floatundidf
                0x00000000000097a4                __aeabi_l2d
                0x00000000000097a4                __floatdidf
 .text          0x0000000000009800      0x424 /usr/local/Cellar/arm-none-eabi-gcc/9-2019-q4-major/gcc/bin/../lib/gcc/arm-none-eabi/9.2.1/thumb/v7-m/nofp/libgcc.a(_arm_muldivdf3.o)
                0x0000000000009800                __aeabi_dmul
                0x0000000000009800                __muldf3
                0x0000000000009a54                __aeabi_ddiv
                0x0000000000009a54                __divdf3
 .text          0x0000000000009c24      0x110 /usr/local/Cellar/arm-none-eabi-gcc/9-2019-q4-major/gcc/bin/../lib/gcc/arm-none-eabi/9.2.1/thumb/v7-m/nofp/libgcc.a(_arm_cmpdf2.o)
                0x0000000000009c24                __gedf2
                0x0000000000009c24                __gtdf2
                0x0000000000009c2c                __ledf2
                0x0000000000009c2c                __ltdf2
                0x0000000000009c34                __cmpdf2
                0x0000000000009c34                __eqdf2
                0x0000000000009c34                __nedf2
                0x0000000000009cb0                __aeabi_cdrcmple
                0x0000000000009cc0                __aeabi_cdcmple
                0x0000000000009cc0                __aeabi_cdcmpeq
                0x0000000000009cd0                __aeabi_dcmpeq
                0x0000000000009ce4                __aeabi_dcmplt
                0x0000000000009cf8                __aeabi_dcmple
                0x0000000000009d0c                __aeabi_dcmpge
                0x0000000000009d20                __aeabi_dcmpgt
 .text          0x0000000000009d34       0x2c /usr/local/Cellar/arm-none-eabi-gcc/9-2019-q4-major/gcc/bin/../lib/gcc/arm-none-eabi/9.2.1/thumb/v7-m/nofp/libgcc.a(_arm_unorddf2.o)
                0x0000000000009d34                __aeabi_dcmpun
                0x0000000000009d34                __unorddf2
 .text          0x0000000000009d60       0xa0 /usr/local/Cellar/arm-none-eabi-gcc/9-2019-q4-major/gcc/bin/../lib/gcc/arm-none-eabi/9.2.1/thumb/v7-m/nofp/libgcc.a(_arm_truncdfsf2.o)
                0x0000000000009d60                __aeabi_d2f
                0x0000000000009d60                __truncdfsf2
 .text          0x0000000000009e00      0x21c /usr/local/Cellar/arm-none-eabi-gcc/9-2019-q4-major/gcc/bin/../lib/gcc/arm-none-eabi/9.2.1/thumb/v7-m/nofp/libgcc.a(_arm_addsubsf3.o)
                0x0000000000009e00                __aeabi_frsub
                0x0000000000009e08                __aeabi_fsub
                0x0000000000009e08                __subsf3
                0x0000000000009e0c                __aeabi_fadd
                0x0000000000009e0c                __addsf3
                0x0000000000009f6c                __aeabi_ui2f
                0x0000000000009f6c                __floatunsisf
                0x0000000000009f74                __floatsisf
                0x0000000000009f74                __aeabi_i2f
                0x0000000000009f90                __aeabi_ul2f
                0x0000000000009f90                __floatundisf
                0x0000000000009fa0                __aeabi_l2f
                0x0000000000009fa0                __floatdisf
 .text          0x000000000000a01c       0x4c /usr/local/Cellar/arm-none-eabi-gcc/9-2019-q4-major/gcc/bin/../lib/gcc/arm-none-eabi/9.2.1/thumb/v7-m/nofp/libgcc.a(_arm_fixsfsi.o)
                0x000000000000a01c                __fixsfsi
                0x000000000000a01c                __aeabi_f2iz
 .text          0x000000000000a068       0x30 /usr/local/Cellar/arm-none-eabi-gcc/9-2019-q4-major/gcc/bin/../lib/gcc/arm-none-eabi/9.2.1/thumb/v7-m/nofp/libgcc.a(_aeabi_uldivmod.o)
                0x000000000000a068                __aeabi_uldivmod
 .text          0x000000000000a098      0x2c4 /usr/local/Cellar/arm-none-eabi-gcc/9-2019-q4-major/gcc/bin/../lib/gcc/arm-none-eabi/9.2.1/thumb/v7-m/nofp/libgcc.a(_udivmoddi4.o)
                0x000000000000a098                __udivmoddi4
 .text          0x000000000000a35c        0x4 /usr/local/Cellar/arm-none-eabi-gcc/9-2019-q4-major/gcc/bin/../lib/gcc/arm-none-eabi/9.2.1/thumb/v7-m/nofp/libgcc.a(_dvmd_tls.o)
                0x000000000000a35c                __aeabi_ldiv0
                0x000000000000a35c                __aeabi_idiv0
 .text.__errno  0x000000000000a360        0xc /usr/local/Cellar/arm-none-eabi-gcc/9-2019-q4-major/gcc/bin/../lib/gcc/arm-none-eabi/9.2.1/../../../../arm-none-eabi/lib/thumb/v7-m/nofp/libc.a(lib_a-errno.o)
                0x000000000000a360                __errno
 .text.malloc   0x000000000000a36c       0x10 /usr/local/Cellar/arm-none-eabi-gcc/9-2019-q4-major/gcc/bin/../lib/gcc/arm-none-eabi/9.2.1/../../../../arm-none-eabi/lib/thumb/v7-m/nofp/libc.a(lib_a-malloc.o)
                0x000000000000a36c                malloc
 .text._malloc_r
                0x000000000000a37c      0x55c /usr/local/Cellar/arm-none-eabi-gcc/9-2019-q4-major/gcc/bin/../lib/gcc/arm-none-eabi/9.2.1/../../../../arm-none-eabi/lib/thumb/v7-m/nofp/libc.a(lib_a-mallocr.o)
                0x000000000000a37c                _malloc_r
 .text          0x000000000000a8d8       0xec /usr/local/Cellar/arm-none-eabi-gcc/9-2019-q4-major/gcc/bin/../lib/gcc/arm-none-eabi/9.2.1/../../../../arm-none-eabi/lib/thumb/v7-m/nofp/libc.a(lib_a-memcpy.o)
                0x000000000000a8d8                memcpy
 .text.memset   0x000000000000a9c4       0xa0 /usr/local/Cellar/arm-none-eabi-gcc/9-2019-q4-major/gcc/bin/../lib/gcc/arm-none-eabi/9.2.1/../../../../arm-none-eabi/lib/thumb/v7-m/nofp/libc.a(lib_a-memset.o)
                0x000000000000a9c4                memset
 .text.__malloc_lock
                0x000000000000aa64        0xc /usr/local/Cellar/arm-none-eabi-gcc/9-2019-q4-major/gcc/bin/../lib/gcc/arm-none-eabi/9.2.1/../../../../arm-none-eabi/lib/thumb/v7-m/nofp/libc.a(lib_a-mlock.o)
                0x000000000000aa64                __malloc_lock
 .text.__malloc_unlock
                0x000000000000aa70        0xc /usr/local/Cellar/arm-none-eabi-gcc/9-2019-q4-major/gcc/bin/../lib/gcc/arm-none-eabi/9.2.1/../../../../arm-none-eabi/lib/thumb/v7-m/nofp/libc.a(lib_a-mlock.o)
                0x000000000000aa70                __malloc_unlock
 .text._sbrk_r  0x000000000000aa7c       0x24 /usr/local/Cellar/arm-none-eabi-gcc/9-2019-q4-major/gcc/bin/../lib/gcc/arm-none-eabi/9.2.1/../../../../arm-none-eabi/lib/thumb/v7-m/nofp/libc.a(lib_a-sbrkr.o)
                0x000000000000aa7c                _sbrk_r
 .text.strlen   0x000000000000aaa0       0x5c /usr/local/Cellar/arm-none-eabi-gcc/9-2019-q4-major/gcc/bin/../lib/gcc/arm-none-eabi/9.2.1/../../../../arm-none-eabi/lib/thumb/v7-m/nofp/libc.a(lib_a-strlen-stub.o)
                0x000000000000aaa0                strlen
 .text._malloc_trim_r
                0x000000000000aafc       0xa0 /usr/local/Cellar/arm-none-eabi-gcc/9-2019-q4-major/gcc/bin/../lib/gcc/arm-none-eabi/9.2.1/../../../../arm-none-eabi/lib/thumb/v7-m/nofp/libc.a(lib_a-freer.o)
                0x000000000000aafc                _malloc_trim_r
 .text._free_r  0x000000000000ab9c      0x20c /usr/local/Cellar/arm-none-eabi-gcc/9-2019-q4-major/gcc/bin/../lib/gcc/arm-none-eabi/9.2.1/../../../../arm-none-eabi/lib/thumb/v7-m/nofp/libc.a(lib_a-freer.o)
                0x000000000000ab9c                _free_r
 .text.__retarget_lock_acquire_recursive
                0x000000000000ada8        0x4 /usr/local/Cellar/arm-none-eabi-gcc/9-2019-q4-major/gcc/bin/../lib/gcc/arm-none-eabi/9.2.1/../../../../arm-none-eabi/lib/thumb/v7-m/nofp/libc.a(lib_a-lock.o)
                0x000000000000ada8                __retarget_lock_acquire_recursive
 .text.__retarget_lock_release_recursive
                0x000000000000adac        0x4 /usr/local/Cellar/arm-none-eabi-gcc/9-2019-q4-major/gcc/bin/../lib/gcc/arm-none-eabi/9.2.1/../../../../arm-none-eabi/lib/thumb/v7-m/nofp/libc.a(lib_a-lock.o)
                0x000000000000adac                __retarget_lock_release_recursive
 *(SORT_BY_ALIGNMENT(.rodata*))
 .rodata.TWO52  0x000000000000adb0       0x10 /usr/local/Cellar/arm-none-eabi-gcc/9-2019-q4-major/gcc/bin/../lib/gcc/arm-none-eabi/9.2.1/../../../../arm-none-eabi/lib/thumb/v7-m/nofp/libm.a(lib_a-s_rint.o)
 .rodata.broadcast_recv.str1.4
                0x000000000000adc0       0x17 nbr_discovery.co
 *fill*         0x000000000000add7        0x1 00000000
 .rodata.display.str1.4
                0x000000000000add8       0x11 nbr_discovery.co
 *fill*         0x000000000000ade9        0x3 00000000
 .rodata.process_thread_cc2650_nbr_discovery_process.str1.4
                0x000000000000adec       0x76 nbr_discovery.co
 *fill*         0x000000000000ae62        0x2 00000000
 .rodata.str1.4
                0x000000000000ae64       0x23 nbr_discovery.co
 *fill*         0x000000000000ae87        0x1 00000000
 .rodata.autostart_processes
                0x000000000000ae88        0x8 nbr_discovery.co
                0x000000000000ae88                autostart_processes
 .rodata.broadcast_call
                0x000000000000ae90        0x8 nbr_discovery.co
 .rodata.main.str1.4
                0x000000000000ae98       0xf2 contiki-srf06-cc26xx.a(contiki-main.o)
 *fill*         0x000000000000af8a        0x2 00000000
 .rodata.str1.4
                0x000000000000af8c        0x8 contiki-srf06-cc26xx.a(sensors.o)
 .rodata.str1.4
                0x000000000000af94        0x7 contiki-srf06-cc26xx.a(bmp-280-sensor.)
 *fill*         0x000000000000af9b        0x1 00000000
 .rodata.bmp_280_sensor
                0x000000000000af9c       0x10 contiki-srf06-cc26xx.a(bmp-280-sensor.)
                0x000000000000af9c                bmp_280_sensor
 .rodata.str1.4
                0x000000000000afac        0x7 contiki-srf06-cc26xx.a(tmp-007-sensor.)
 *fill*         0x000000000000afb3        0x1 00000000
 .rodata.tmp_007_sensor
                0x000000000000afb4       0x10 contiki-srf06-cc26xx.a(tmp-007-sensor.)
                0x000000000000afb4                tmp_007_sensor
 .rodata.str1.4
                0x000000000000afc4        0x8 contiki-srf06-cc26xx.a(opt-3001-sensor)
 .rodata.opt_3001_sensor
                0x000000000000afcc       0x10 contiki-srf06-cc26xx.a(opt-3001-sensor)
                0x000000000000afcc                opt_3001_sensor
 .rodata.str1.4
                0x000000000000afdc        0x8 contiki-srf06-cc26xx.a(hdc-1000-sensor)
 .rodata.hdc_1000_sensor
                0x000000000000afe4       0x10 contiki-srf06-cc26xx.a(hdc-1000-sensor)
                0x000000000000afe4                hdc_1000_sensor
 .rodata.str1.4
                0x000000000000aff4        0x8 contiki-srf06-cc26xx.a(mpu-9250-sensor)
 .rodata.mpu_9250_sensor
                0x000000000000affc       0x10 contiki-srf06-cc26xx.a(mpu-9250-sensor)
                0x000000000000affc                mpu_9250_sensor
 .rodata.str1.4
                0x000000000000b00c        0x7 contiki-srf06-cc26xx.a(button-sensor.o)
 *fill*         0x000000000000b013        0x1 00000000
 .rodata.button_left_sensor
                0x000000000000b014       0x10 contiki-srf06-cc26xx.a(button-sensor.o)
                0x000000000000b014                button_left_sensor
 .rodata.button_right_sensor
                0x000000000000b024       0x10 contiki-srf06-cc26xx.a(button-sensor.o)
                0x000000000000b024                button_right_sensor
 .rodata.str1.4
                0x000000000000b034        0x5 contiki-srf06-cc26xx.a(reed-relay.o)
 *fill*         0x000000000000b039        0x3 00000000
 .rodata.reed_relay_sensor
                0x000000000000b03c       0x10 contiki-srf06-cc26xx.a(reed-relay.o)
                0x000000000000b03c                reed_relay_sensor
 .rodata.ieee_mode_driver
                0x000000000000b04c       0x38 contiki-srf06-cc26xx.a(ieee-mode.o)
                0x000000000000b04c                ieee_mode_driver
 .rodata.mode_ieee
                0x000000000000b084        0x8 contiki-srf06-cc26xx.a(ieee-mode.o)
 .rodata.output_power
                0x000000000000b08c       0x68 contiki-srf06-cc26xx.a(ieee-mode.o)
 .rodata.str1.4
                0x000000000000b0f4       0x1b contiki-srf06-cc26xx.a(soc-trng.o)
 *fill*         0x000000000000b10f        0x1 00000000
 .rodata.format_str_v.str1.4
                0x000000000000b110       0x46 contiki-srf06-cc26xx.a(strformat.o)
 *fill*         0x000000000000b156        0x2 00000000
 .rodata.buffer.4043
                0x000000000000b158       0x10 contiki-srf06-cc26xx.a(strformat.o)
 .rodata.buffer.4052
                0x000000000000b168       0x10 contiki-srf06-cc26xx.a(strformat.o)
 .rodata.str1.4
                0x000000000000b178        0xf contiki-srf06-cc26xx.a(ctimer.o)
 *fill*         0x000000000000b187        0x1 00000000
 .rodata.str1.4
                0x000000000000b188        0xc contiki-srf06-cc26xx.a(etimer.o)
 .rodata.str1.4
                0x000000000000b194        0xe contiki-srf06-cc26xx.a(serial-line.o)
 *fill*         0x000000000000b1a2        0x2 00000000
 .rodata.attributes
                0x000000000000b1a4        0x4 contiki-srf06-cc26xx.a(broadcast.o)
 .rodata.broadcast
                0x000000000000b1a8        0x8 contiki-srf06-cc26xx.a(broadcast.o)
 .rodata.str1.4
                0x000000000000b1b0        0x5 contiki-srf06-cc26xx.a(rime.o)
 *fill*         0x000000000000b1b5        0x3 00000000
 .rodata.rime_driver
                0x000000000000b1b8        0xc contiki-srf06-cc26xx.a(rime.o)
                0x000000000000b1b8                rime_driver
 .rodata.linkaddr_null
                0x000000000000b1c4        0x2 contiki-srf06-cc26xx.a(linkaddr.o)
                0x000000000000b1c4                linkaddr_null
 *fill*         0x000000000000b1c6        0x2 00000000
 .rodata.str1.4
                0x000000000000b1c8        0x5 contiki-srf06-cc26xx.a(csma.o)
 *fill*         0x000000000000b1cd        0x3 00000000
 .rodata.csma_driver
                0x000000000000b1d0       0x1c contiki-srf06-cc26xx.a(csma.o)
                0x000000000000b1d0                csma_driver
 .rodata.str1.4
                0x000000000000b1ec        0x8 contiki-srf06-cc26xx.a(nullrdc.o)
 .rodata.nullrdc_driver
                0x000000000000b1f4       0x20 contiki-srf06-cc26xx.a(nullrdc.o)
                0x000000000000b1f4                nullrdc_driver
 .rodata.str1.4
                0x000000000000b214        0x8 contiki-srf06-cc26xx.a(nullsec.o)
 .rodata.nullsec_driver
                0x000000000000b21c       0x10 contiki-srf06-cc26xx.a(nullsec.o)
                0x000000000000b21c                nullsec_driver
 .rodata.RFCCPE0IntHandler.str1.4
                0x000000000000b22c       0x2a contiki-srf06-cc26xx.a(rf-core.o)
 *fill*         0x000000000000b256        0x2 00000000
 .rodata.str1.4
                0x000000000000b258       0x1a contiki-srf06-cc26xx.a(rf-core.o)
 *fill*         0x000000000000b272        0x2 00000000
 .rodata.attributes
                0x000000000000b274        0x2 contiki-srf06-cc26xx.a(abc.o)
 *fill*         0x000000000000b276        0x2 00000000
 .rodata.broadcast_callbacks
                0x000000000000b278        0x8 contiki-srf06-cc26xx.a(broadcast-annou)
 .rodata.framer_802154
                0x000000000000b280        0xc contiki-srf06-cc26xx.a(framer-802154.o)
                0x000000000000b280                framer_802154
 .rodata.bitmask
                0x000000000000b28c        0x9 contiki-srf06-cc26xx.a(chameleon-bitop)
 *fill*         0x000000000000b295        0x3 00000000
 .rodata.chameleon_bitopt
                0x000000000000b298        0xc contiki-srf06-cc26xx.a(chameleon-bitop)
                0x000000000000b298                chameleon_bitopt
 .rodata.pow.str1.4
                0x000000000000b2a4        0x4 /usr/local/Cellar/arm-none-eabi-gcc/9-2019-q4-major/gcc/bin/../lib/gcc/arm-none-eabi/9.2.1/../../../../arm-none-eabi/lib/thumb/v7-m/nofp/libm.a(lib_a-w_pow.o)
 .rodata.__ieee754_pow.str1.4
                0x000000000000b2a8        0x4 /usr/local/Cellar/arm-none-eabi-gcc/9-2019-q4-major/gcc/bin/../lib/gcc/arm-none-eabi/9.2.1/../../../../arm-none-eabi/lib/thumb/v7-m/nofp/libm.a(lib_a-e_pow.o)
                                          0x1 (size before relaxing)
                0x000000000000b2a8                _etext = .

.glue_7         0x000000000000b2a8        0x0
 .glue_7        0x000000000000b2a8        0x0 linker stubs

.glue_7t        0x000000000000b2a8        0x0
 .glue_7t       0x000000000000b2a8        0x0 linker stubs

.vfp11_veneer   0x000000000000b2a8        0x0
 .vfp11_veneer  0x000000000000b2a8        0x0 linker stubs

.v4_bx          0x000000000000b2a8        0x0
 .v4_bx         0x000000000000b2a8        0x0 linker stubs

.iplt           0x000000000000b2a8        0x0
 .iplt          0x000000000000b2a8        0x0 obj_srf06-cc26xx/startup_gcc.o

.data           0x0000000020000000      0x9b1 load address 0x000000000000b2a8
                0x0000000020000000                _data = .
 *(SORT_BY_ALIGNMENT(vtable))
 *(SORT_BY_ALIGNMENT(.data*))
 .data.impure_data
                0x0000000020000000      0x428 /usr/local/Cellar/arm-none-eabi-gcc/9-2019-q4-major/gcc/bin/../lib/gcc/arm-none-eabi/9.2.1/../../../../arm-none-eabi/lib/thumb/v7-m/nofp/libc.a(lib_a-impure.o)
 .data.cc2650_nbr_discovery_process
                0x0000000020000428       0x10 nbr_discovery.co
                0x0000000020000428                cc2650_nbr_discovery_process
 .data.curr_slot_index
                0x0000000020000438        0x4 nbr_discovery.co
 .data.sensors_process
                0x000000002000043c       0x10 contiki-srf06-cc26xx.a(sensors.o)
                0x000000002000043c                sensors_process
 .data.sensors  0x000000002000044c       0x24 contiki-srf06-cc26xx.a(sensortag-senso)
                0x000000002000044c                sensors
 .data.sensortag_module
                0x0000000020000470       0x14 contiki-srf06-cc26xx.a(board.o)
 .data.uart_module
                0x0000000020000484       0x14 contiki-srf06-cc26xx.a(cc26xx-uart.o)
 .data.cc26xx_rf_lpm_module
                0x0000000020000498       0x14 contiki-srf06-cc26xx.a(ieee-mode.o)
 .data.ieee_overrides
                0x00000000200004ac       0x2c contiki-srf06-cc26xx.a(ieee-mode.o)
 .data.tx_power_current
                0x00000000200004d8        0x4 contiki-srf06-cc26xx.a(ieee-mode.o)
                0x00000000200004d8                tx_power_current
 .data.rng_module
                0x00000000200004dc       0x14 contiki-srf06-cc26xx.a(soc-trng.o)
 .data.soc_trng_process
                0x00000000200004f0       0x10 contiki-srf06-cc26xx.a(soc-trng.o)
                0x00000000200004f0                soc_trng_process
 .data.ctxt     0x0000000020000500        0x8 contiki-srf06-cc26xx.a(dbg-printf.o)
 .data.ctimer_process
                0x0000000020000508       0x10 contiki-srf06-cc26xx.a(ctimer.o)
                0x0000000020000508                ctimer_process
 .data.etimer_process
                0x0000000020000518       0x10 contiki-srf06-cc26xx.a(etimer.o)
                0x0000000020000518                etimer_process
 .data.serial_line_process
                0x0000000020000528       0x10 contiki-srf06-cc26xx.a(serial-line.o)
                0x0000000020000528                serial_line_process
 .data.bufmem   0x0000000020000538        0xc contiki-srf06-cc26xx.a(queuebuf.o)
 .data.buframmem
                0x0000000020000544        0xc contiki-srf06-cc26xx.a(queuebuf.o)
 .data.metadata_memb
                0x0000000020000550        0xc contiki-srf06-cc26xx.a(csma.o)
 .data.neighbor_memb
                0x000000002000055c        0xc contiki-srf06-cc26xx.a(csma.o)
 .data.packet_memb
                0x0000000020000568        0xc contiki-srf06-cc26xx.a(csma.o)
 .data.buzzer_module
                0x0000000020000574       0x14 contiki-srf06-cc26xx.a(buzzer.o)
 .data.rf_core_process
                0x0000000020000588       0x10 contiki-srf06-cc26xx.a(rf-core.o)
                0x0000000020000588                rf_core_process
 .data._impure_ptr
                0x0000000020000598        0x4 /usr/local/Cellar/arm-none-eabi-gcc/9-2019-q4-major/gcc/bin/../lib/gcc/arm-none-eabi/9.2.1/../../../../arm-none-eabi/lib/thumb/v7-m/nofp/libc.a(lib_a-impure.o)
                0x0000000020000598                _impure_ptr
 .data.__malloc_av_
                0x000000002000059c      0x408 /usr/local/Cellar/arm-none-eabi-gcc/9-2019-q4-major/gcc/bin/../lib/gcc/arm-none-eabi/9.2.1/../../../../arm-none-eabi/lib/thumb/v7-m/nofp/libc.a(lib_a-mallocr.o)
                0x000000002000059c                __malloc_av_
 .data.__malloc_sbrk_base
                0x00000000200009a4        0x4 /usr/local/Cellar/arm-none-eabi-gcc/9-2019-q4-major/gcc/bin/../lib/gcc/arm-none-eabi/9.2.1/../../../../arm-none-eabi/lib/thumb/v7-m/nofp/libc.a(lib_a-mallocr.o)
                0x00000000200009a4                __malloc_sbrk_base
 .data.__malloc_trim_threshold
                0x00000000200009a8        0x4 /usr/local/Cellar/arm-none-eabi-gcc/9-2019-q4-major/gcc/bin/../lib/gcc/arm-none-eabi/9.2.1/../../../../arm-none-eabi/lib/thumb/v7-m/nofp/libc.a(lib_a-mallocr.o)
                0x00000000200009a8                __malloc_trim_threshold
 .data.mac_pan_id
                0x00000000200009ac        0x2 contiki-srf06-cc26xx.a(frame802154.o)
 .data.interface
                0x00000000200009ae        0x1 contiki-srf06-cc26xx.a(board-i2c.o)
 .data.rng_ready_event
                0x00000000200009af        0x1 contiki-srf06-cc26xx.a(soc-trng.o)
 .data.__fdlib_version
                0x00000000200009b0        0x1 /usr/local/Cellar/arm-none-eabi-gcc/9-2019-q4-major/gcc/bin/../lib/gcc/arm-none-eabi/9.2.1/../../../../arm-none-eabi/lib/thumb/v7-m/nofp/libm.a(lib_a-s_lib_ver.o)
                0x00000000200009b0                __fdlib_version
                0x00000000200009b1                _edata = .

.igot.plt       0x00000000200009b4        0x0 load address 0x000000000000bc59
 .igot.plt      0x00000000200009b4        0x0 obj_srf06-cc26xx/startup_gcc.o

.ARM.exidx      0x000000000000bc5c        0x8
 *(SORT_BY_ALIGNMENT(.ARM.exidx*))
 .ARM.exidx     0x000000000000bc5c        0x8 /usr/local/Cellar/arm-none-eabi-gcc/9-2019-q4-major/gcc/bin/../lib/gcc/arm-none-eabi/9.2.1/thumb/v7-m/nofp/libgcc.a(_udivmoddi4.o)

.bss            0x00000000200009b8     0x1346
                0x00000000200009b8                _bss = .
 *(SORT_BY_ALIGNMENT(.bss*))
 .bss.count     0x00000000200009b8        0x8 contiki-srf06-cc26xx.a(clock.o)
 .bss.rands_cache
                0x00000000200009c0       0x20 contiki-srf06-cc26xx.a(soc-trng.o)
 .bss.NumSleep.7203
                0x00000000200009e0        0x4 nbr_discovery.co
 .bss.broadcast
                0x00000000200009e4       0x18 nbr_discovery.co
 .bss.data_packet
                0x00000000200009fc        0xc nbr_discovery.co
 .bss.permutation_arr
                0x0000000020000a08       0x20 nbr_discovery.co
 .bss.permutation_arr_index
                0x0000000020000a28        0x4 nbr_discovery.co
 .bss.pt        0x0000000020000a2c        0x2 nbr_discovery.co
 *fill*         0x0000000020000a2e        0x2 
 .bss.received_packet
                0x0000000020000a30        0xc nbr_discovery.co
 .bss.rt        0x0000000020000a3c        0xc nbr_discovery.co
 .bss.events.4857
                0x0000000020000a48        0x4 contiki-srf06-cc26xx.a(sensors.o)
 .bss.i.4856    0x0000000020000a4c        0x4 contiki-srf06-cc26xx.a(sensors.o)
 .bss.inited    0x0000000020000a50        0x4 contiki-srf06-cc26xx.a(leds-arch.o)
 .bss.calibration_data
                0x0000000020000a54       0x1c contiki-srf06-cc26xx.a(bmp-280-sensor.)
 .bss.enabled   0x0000000020000a70        0x4 contiki-srf06-cc26xx.a(bmp-280-sensor.)
 .bss.sensor_value
                0x0000000020000a74        0x6 contiki-srf06-cc26xx.a(bmp-280-sensor.)
 *fill*         0x0000000020000a7a        0x2 
 .bss.startup_timer
                0x0000000020000a7c       0x20 contiki-srf06-cc26xx.a(bmp-280-sensor.)
 .bss.amb_temp_latched
                0x0000000020000a9c        0x4 contiki-srf06-cc26xx.a(tmp-007-sensor.)
 .bss.buf       0x0000000020000aa0        0x4 contiki-srf06-cc26xx.a(tmp-007-sensor.)
 .bss.enabled   0x0000000020000aa4        0x4 contiki-srf06-cc26xx.a(tmp-007-sensor.)
 .bss.obj_temp_latched
                0x0000000020000aa8        0x4 contiki-srf06-cc26xx.a(tmp-007-sensor.)
 .bss.startup_timer
                0x0000000020000aac       0x20 contiki-srf06-cc26xx.a(tmp-007-sensor.)
 .bss.startup_timer
                0x0000000020000acc       0x20 contiki-srf06-cc26xx.a(opt-3001-sensor)
 .bss.state     0x0000000020000aec        0x4 contiki-srf06-cc26xx.a(opt-3001-sensor)
 .bss.data      0x0000000020000af0        0x4 contiki-srf06-cc26xx.a(hdc-1000-sensor)
 .bss.enabled   0x0000000020000af4        0x4 contiki-srf06-cc26xx.a(hdc-1000-sensor)
 .bss.startup_timer
                0x0000000020000af8       0x20 contiki-srf06-cc26xx.a(hdc-1000-sensor)
 .bss.elements  0x0000000020000b18        0x4 contiki-srf06-cc26xx.a(mpu-9250-sensor)
 .bss.sensor_value
                0x0000000020000b1c        0x6 contiki-srf06-cc26xx.a(mpu-9250-sensor)
 *fill*         0x0000000020000b22        0x2 
 .bss.startup_timer
                0x0000000020000b24       0x20 contiki-srf06-cc26xx.a(mpu-9250-sensor)
 .bss.state     0x0000000020000b44        0x4 contiki-srf06-cc26xx.a(mpu-9250-sensor)
 .bss.left_timer
                0x0000000020000b48       0x10 contiki-srf06-cc26xx.a(button-sensor.o)
 .bss.right_timer
                0x0000000020000b58       0x10 contiki-srf06-cc26xx.a(button-sensor.o)
 .bss.debouncetimer
                0x0000000020000b68        0x8 contiki-srf06-cc26xx.a(reed-relay.o)
 .bss.last_isr_time
                0x0000000020000b70        0x4 contiki-srf06-cc26xx.a(soc-rtc.o)
 .bss.input_handler
                0x0000000020000b74        0x4 contiki-srf06-cc26xx.a(cc26xx-uart.o)
 .bss.modules_list_list
                0x0000000020000b78        0x4 contiki-srf06-cc26xx.a(lpm.o)
 .bss.handlers  0x0000000020000b7c       0x80 contiki-srf06-cc26xx.a(gpio-interrupt.)
 .bss.cmd_ieee_rx_buf
                0x0000000020000bfc       0x80 contiki-srf06-cc26xx.a(ieee-mode.o)
 .bss.filter_cmd
                0x0000000020000c7c        0x8 contiki-srf06-cc26xx.a(ieee-mode.o)
 .bss.last_packet_timestamp
                0x0000000020000c84        0x4 contiki-srf06-cc26xx.a(ieee-mode.o)
 .bss.last_rat_overflow
                0x0000000020000c88        0x4 contiki-srf06-cc26xx.a(ieee-mode.o)
 .bss.last_value.8707
                0x0000000020000c8c        0x4 contiki-srf06-cc26xx.a(ieee-mode.o)
 .bss.rat_overflow_counter
                0x0000000020000c90        0x4 contiki-srf06-cc26xx.a(ieee-mode.o)
 .bss.rat_overflow_timer
                0x0000000020000c94       0x20 contiki-srf06-cc26xx.a(ieee-mode.o)
 .bss.rf_stats  0x0000000020000cb4       0x10 contiki-srf06-cc26xx.a(ieee-mode.o)
 .bss.rx_buf_0  0x0000000020000cc4       0x90 contiki-srf06-cc26xx.a(ieee-mode.o)
 .bss.rx_buf_1  0x0000000020000d54       0x90 contiki-srf06-cc26xx.a(ieee-mode.o)
 .bss.rx_buf_2  0x0000000020000de4       0x90 contiki-srf06-cc26xx.a(ieee-mode.o)
 .bss.rx_buf_3  0x0000000020000e74       0x90 contiki-srf06-cc26xx.a(ieee-mode.o)
 .bss.rx_data_queue
                0x0000000020000f04        0x8 contiki-srf06-cc26xx.a(ieee-mode.o)
 .bss.rx_read_entry
                0x0000000020000f0c        0x4 contiki-srf06-cc26xx.a(ieee-mode.o)
 .bss.tx_buf    0x0000000020000f10       0xb6 contiki-srf06-cc26xx.a(ieee-mode.o)
 *fill*         0x0000000020000fc6        0x2 
 .bss.notify_cb
                0x0000000020000fc8        0x4 contiki-srf06-cc26xx.a(soc-trng.o)
 .bss.rands_mask
                0x0000000020000fcc        0x4 contiki-srf06-cc26xx.a(soc-trng.o)
 .bss.ctimer_list_list
                0x0000000020000fd0        0x4 contiki-srf06-cc26xx.a(ctimer.o)
 .bss.next_expiration
                0x0000000020000fd4        0x4 contiki-srf06-cc26xx.a(etimer.o)
 .bss.timerlist
                0x0000000020000fd8        0x4 contiki-srf06-cc26xx.a(etimer.o)
 .bss.events    0x0000000020000fdc      0x180 contiki-srf06-cc26xx.a(process.o)
 .bss.process_current
                0x000000002000115c        0x4 contiki-srf06-cc26xx.a(process.o)
                0x000000002000115c                process_current
 .bss.process_list
                0x0000000020001160        0x4 contiki-srf06-cc26xx.a(process.o)
                0x0000000020001160                process_list
 .bss.next_rtimer
                0x0000000020001164        0x4 contiki-srf06-cc26xx.a(rtimer.o)
 .bss.buf.4840  0x0000000020001168       0x80 contiki-srf06-cc26xx.a(serial-line.o)
 .bss.ptr.4841  0x00000000200011e8        0x4 contiki-srf06-cc26xx.a(serial-line.o)
 .bss.rxbuf     0x00000000200011ec        0x8 contiki-srf06-cc26xx.a(serial-line.o)
 .bss.rxbuf_data
                0x00000000200011f4       0x80 contiki-srf06-cc26xx.a(serial-line.o)
 .bss.channel_list_list
                0x0000000020001274        0x4 contiki-srf06-cc26xx.a(channel.o)
 .bss.sniffers_list
                0x0000000020001278        0x4 contiki-srf06-cc26xx.a(rime.o)
 .bss.powerQualGlobals
                0x000000002000127c        0x8 contiki-srf06-cc26xx.a(sys_ctrl.o)
 .bss.packetbuf_aligned
                0x0000000020001284       0x80 contiki-srf06-cc26xx.a(packetbuf.o)
 .bss.bufmem_memb_count
                0x0000000020001304        0x8 contiki-srf06-cc26xx.a(queuebuf.o)
 .bss.bufmem_memb_mem
                0x000000002000130c       0x20 contiki-srf06-cc26xx.a(queuebuf.o)
 .bss.buframmem_memb_count
                0x000000002000132c        0x8 contiki-srf06-cc26xx.a(queuebuf.o)
 .bss.buframmem_memb_mem
                0x0000000020001334      0x5f0 contiki-srf06-cc26xx.a(queuebuf.o)
 .bss.metadata_memb_memb_count
                0x0000000020001924        0x8 contiki-srf06-cc26xx.a(csma.o)
 .bss.metadata_memb_memb_mem
                0x000000002000192c       0x60 contiki-srf06-cc26xx.a(csma.o)
 .bss.neighbor_list_list
                0x000000002000198c        0x4 contiki-srf06-cc26xx.a(csma.o)
 .bss.neighbor_memb_memb_count
                0x0000000020001990        0x2 contiki-srf06-cc26xx.a(csma.o)
 *fill*         0x0000000020001992        0x2 
 .bss.neighbor_memb_memb_mem
                0x0000000020001994       0x68 contiki-srf06-cc26xx.a(csma.o)
 .bss.packet_memb_memb_count
                0x00000000200019fc        0x8 contiki-srf06-cc26xx.a(csma.o)
 .bss.packet_memb_memb_mem
                0x0000000020001a04       0x60 contiki-srf06-cc26xx.a(csma.o)
 .bss.buffer    0x0000000020001a64       0x20 contiki-srf06-cc26xx.a(sensor-common.o)
 .bss.consumers_list_list
                0x0000000020001a84        0x4 contiki-srf06-cc26xx.a(aux-ctrl.o)
 .bss.last_radio_op
                0x0000000020001a88        0x4 contiki-srf06-cc26xx.a(rf-core.o)
 .bss.primary_mode
                0x0000000020001a8c        0x4 contiki-srf06-cc26xx.a(rf-core.o)
 .bss.rat_offset
                0x0000000020001a90        0x4 contiki-srf06-cc26xx.a(rf-core.o)
                0x0000000020001a90                rat_offset
 .bss.announcements_list
                0x0000000020001a94        0x4 contiki-srf06-cc26xx.a(announcement.o)
 .bss.observer_callback
                0x0000000020001a98        0x4 contiki-srf06-cc26xx.a(announcement.o)
 .bss.c         0x0000000020001a9c       0x6c contiki-srf06-cc26xx.a(broadcast-annou)
 .bss.received_seqnos
                0x0000000020001b08       0xc0 contiki-srf06-cc26xx.a(mac-sequence.o)
 .bss.__malloc_current_mallinfo
                0x0000000020001bc8       0x28 /usr/local/Cellar/arm-none-eabi-gcc/9-2019-q4-major/gcc/bin/../lib/gcc/arm-none-eabi/9.2.1/../../../../arm-none-eabi/lib/thumb/v7-m/nofp/libc.a(lib_a-mallocr.o)
                0x0000000020001bc8                __malloc_current_mallinfo
 .bss.__malloc_max_sbrked_mem
                0x0000000020001bf0        0x4 /usr/local/Cellar/arm-none-eabi-gcc/9-2019-q4-major/gcc/bin/../lib/gcc/arm-none-eabi/9.2.1/../../../../arm-none-eabi/lib/thumb/v7-m/nofp/libc.a(lib_a-mallocr.o)
                0x0000000020001bf0                __malloc_max_sbrked_mem
 .bss.__malloc_max_total_mem
                0x0000000020001bf4        0x4 /usr/local/Cellar/arm-none-eabi-gcc/9-2019-q4-major/gcc/bin/../lib/gcc/arm-none-eabi/9.2.1/../../../../arm-none-eabi/lib/thumb/v7-m/nofp/libc.a(lib_a-mallocr.o)
                0x0000000020001bf4                __malloc_max_total_mem
 .bss.__malloc_top_pad
                0x0000000020001bf8        0x4 /usr/local/Cellar/arm-none-eabi-gcc/9-2019-q4-major/gcc/bin/../lib/gcc/arm-none-eabi/9.2.1/../../../../arm-none-eabi/lib/thumb/v7-m/nofp/libc.a(lib_a-mallocr.o)
                0x0000000020001bf8                __malloc_top_pad
 .bss.i.7202    0x0000000020001bfc        0x2 nbr_discovery.co
 .bss.node_id   0x0000000020001bfe        0x2 contiki-srf06-cc26xx.a(contiki-main.o)
                0x0000000020001bfe                node_id
 .bss.val       0x0000000020001c00        0x2 contiki-srf06-cc26xx.a(tmp-007-sensor.)